12-16 10:36:40.583: W/bt-btif(2904): bta_hh_co_data: UHID write, key code: 0x1, 0x0
12-16 10:36:40.584: W/WindowManager(1667): >>> keyCode=20 down=true
12-16 10:36:40.591: D/WifiNative-wlan0(1667): doString: [SIGNAL_POLL]
12-16 10:36:40.594: E/WifiConfigStore(1667): updateConfiguration freq=5765 BSSID=d4:68:ba:81:46:e3 RSSI=-45 "SmartHome"WPA_PSK
12-16 10:36:40.594: D/JniHelper(14273): JniHelper::getJavaVM(), pthread_self() = -189039872
12-16 10:36:40.596: D/JniHelper(14273): JniHelper::getJavaVM(), pthread_self() = -189039872
12-16 10:36:40.599: D/JniHelper(14273): JniHelper::getJavaVM(), pthread_self() = -189039872
12-16 10:36:40.601: D/JniHelper(14273): JniHelper::getJavaVM(), pthread_self() = -189039872
12-16 10:36:40.626: I/Js2Java(14273): 2.check thumbnail size 9
12-16 10:36:40.684: W/bt-btif(2904): bta_hh_co_data: UHID write, key code: 0x1, 0x0
12-16 10:36:40.685: W/WindowManager(1667): >>> keyCode=20 down=false
12-16 10:36:40.685: D/WindowManager(1667): <onkey up :keyCode:20 dname:å¾®é²¸é¥æŽ§å™¨ devid:14 scan:108 Source:769
12-16 10:36:40.863: I/Js2Java(14273): 2.check thumbnail size 8
12-16 10:36:40.901: I/aoc(2077): Explicit concurrent mark sweep GC freed 5509(210KB) AllocSpace objects, 0(0B) LOS objects, 39% free, 4MB/7MB, paused 649us total 24.186ms
12-16 10:36:40.996: E/LocalSocketTransmitVoice(2036): [66] connect to server failed
12-16 10:36:41.058: I/SCAN(14273): scan finish:/mnt/usb/sda1/02 å‰§/è€å‹è®°/å…­äººè¡Œ ç¬¬ä¸€å­£
12-16 10:36:41.199: I/aoc(14273): Explicit concurrent mark sweep GC freed 10508(561KB) AllocSpace objects, 17(2017KB) LOS objects, 39% free, 12MB/21MB, paused 1.542ms total 74.149ms
12-16 10:36:41.202: E/WifiManager(1667): getDhcpInfo().
12-16 10:36:41.202: D/ConnectivityService(1667): avgrssi = -45
12-16 10:36:41.234: D/ConnectivityService(1667): init.svc.rssimonitor =running
12-16 10:36:41.239: I/rssi.sh(15846): BCM43569
12-16 10:36:41.246: I/rssi.sh(15846): shell---rssi->>>rssi[0] -57 rssi[1] -45 rssi[2] 0
12-16 10:36:41.253: I/HLSP2P(3803): ## 2016-12-16 10:36:41.248 [3803,3927,:0] INFO ## [HLSP2P][DownloadManager.cpp:34][INFO][TryAdjustCacheSize]system memory total size: 1928M, free size: 727M, cache add to 100MB, AppState: 14
12-16 10:36:41.293: I/rssi.sh(15846): getprop wifi.rf.rssi:rssi[0] -57 rssi[1] -45 rssi[2] 0
12-16 10:36:41.298: D/ConnectivityService(1667): cyc_rssi=rssi[0] -57  rssi[1] -45  rssi[2] 0  102ms
12-16 10:36:41.298: D/ConnectivityService(1667): CycConetent is rssi[0] -57  rssi[1] -45  rssi[2] 0  ,-45,102ms
12-16 10:36:41.302: D/HeliosBIReceiver(2568): intent : Intent { act=com.helios.middleware.bi.action.UPLOADLOG flg=0x10 cmp=com.helios.middleware.iservice/com.helios.middleware.bi.HeliosBIReceiver (has extras) }
12-16 10:36:41.302: D/HeliosBIReceiver(2568): logUrl : 28 strategy : 1 log : {"logVersion":"02","logType":"event","happenTime":1481855801298,"eventId":"whaley-rom-wifi-cyc-info","params":{"CycContent":"rssi[0] -57  rssi[1] -45  rssi[2] 0  ,-45,102ms"}}
12-16 10:36:41.302: D/BILogManager(2568): logUrl : TV_ROMLOG strategy : DEFAULT log : {"logVersion":"02","logType":"event","happenTime":1481855801298,"eventId":"whaley-rom-wifi-cyc-info","params":{"CycContent":"rssi[0] -57  rssi[1] -45  rssi[2] 0  ,-45,102ms"}}
12-16 10:36:41.318: D/BILogDBManager(2568): saveLog-rowId : 77790
12-16 10:36:41.319: D/BILogDBManager(2568): getCount-count : 7
12-16 10:36:41.382: D/ConnectivityService(1667): wifiConnected, ping www.baidu.com Ok. data=82ms
12-16 10:36:41.484: I/aoc(2077): Explicit concurrent mark sweep GC freed 5415(207KB) AllocSpace objects, 0(0B) LOS objects, 39% free, 4MB/7MB, paused 991us total 26.011ms
12-16 10:36:41.728: I/tvos(1206): [37m[INFO] Change to Voltage: 112 mv (0x2D)[m
12-16 10:36:41.813: I/Js2Java(14273): 2.check thumbnail size 7
12-16 10:36:41.884: I/SLK: TransportManager:[FamilyTransportManager$4.onComplete(Line:1787)](2808):  get udp Broadcast : []
12-16 10:36:41.885: I/SLK: :[BroadcastManager$2.onSuccess(Line:197)](2808): send broadcast success : Bundle[{data=[]}]
12-16 10:36:41.928: I/tvos(1206): [37m[INFO] Change to Voltage: 117 mv (0x32)[m
12-16 10:36:42.040: I/aoc(1667): Explicit concurrent mark sweep GC freed 5717(214KB) AllocSpace objects, 0(0B) LOS objects, 33% free, 11MB/16MB, paused 1.893ms total 71.636ms
12-16 10:36:42.133: I/tvos(1206): [37m[INFO] Change to Voltage: 107 mv (0x28)[m
12-16 10:36:42.172: I/aoc(2077): Explicit concurrent mark sweep GC freed 5616(210KB) AllocSpace objects, 0(0B) LOS objects, 39% free, 4MB/7MB, paused 624us total 24.631ms
12-16 10:36:42.329: I/tvos(1206): [37m[INFO] Change to Voltage: 107 mv (0x28)[m
12-16 10:36:42.360: I/SCAN(14273): scan finish:/mnt/usb/sda1/02 å‰§/è€å‹è®°/å…­äººè¡Œ ç¬¬ä¸ƒå­£
12-16 10:36:42.408: D/BILogManager(2568): UploadTimer
12-16 10:36:42.409: D/NetWorkUtil(2568): isOnLineNet TRUE
12-16 10:36:42.415: D/BILogDBManager(2568): getLogUrlList-cursorCount : 1
12-16 10:36:42.417: D/BILogDBManager(2568): getBILogListByUrl-cursorCount : 7
12-16 10:36:42.419: D/SystemUtils(2568): getSN: XX1501VIPTEST00004
12-16 10:36:42.419: I/WtvApi_HardwareInfoManager(2568): model = WTV55K1
12-16 10:36:42.420: I/WtvApi_HardwareInfoManager(2568): form = helios
12-16 10:36:42.422: D/SystemUtils(2568): getSN: XX1501VIPTEST00004
12-16 10:36:42.422: I/WtvApi_HardwareInfoManager(2568): model = WTV55K1
12-16 10:36:42.423: I/WtvApi_HardwareInfoManager(2568): form = helios
12-16 10:36:42.493: D/HttpHelper(2568): response : HTTP/1.1 200 OK
12-16 10:36:42.494: D/BILogManager(2568): httpResult : {"status":200}
12-16 10:36:42.495: D/BILogDBManager(2568): deleteLog-sql : DELETE FROM bilog WHERE _id IN (77784,77785,77786,77787,77788,77789,77790)
12-16 10:36:42.531: I/tvos(1206): [37m[INFO] Change to Voltage: 117 mv (0x32)[m
12-16 10:36:42.545: D/BILogManager(2568): upload success.
12-16 10:36:42.608: I/aoc(14273): Explicit concurrent mark sweep GC freed 7712(382KB) AllocSpace objects, 8(1769KB) LOS objects, 39% free, 13MB/21MB, paused 1.275ms total 66.544ms
12-16 10:36:42.728: I/tvos(1206): [37m[INFO] Change to Voltage: 112 mv (0x2D)[m
12-16 10:36:42.772: I/Js2Java(14273): 2.check thumbnail size 6
12-16 10:36:42.927: I/tvos(1206): [37m[INFO] Change to Voltage: 112 mv (0x2D)[m
12-16 10:36:42.967: I/aoc(2077): Explicit concurrent mark sweep GC freed 5561(210KB) AllocSpace objects, 0(0B) LOS objects, 39% free, 4MB/7MB, paused 888us total 24.463ms
12-16 10:36:42.997: E/LocalSocketTransmitVoice(2036): [66] connect to server failed
12-16 10:36:43.128: I/tvos(1206): [37m[INFO] Change to Voltage: 107 mv (0x28)[m
12-16 10:36:43.327: I/tvos(1206): [37m[INFO] Change to Voltage: 102 mv (0x23)[m
12-16 10:36:43.529: I/tvos(1206): [37m[INFO] Change to Voltage: 102 mv (0x23)[m
12-16 10:36:43.602: D/WifiNative-wlan0(1667): doString: [SIGNAL_POLL]
12-16 10:36:43.607: E/WifiConfigStore(1667): updateConfiguration freq=5765 BSSID=d4:68:ba:81:46:e3 RSSI=-45 "SmartHome"WPA_PSK
12-16 10:36:43.638: I/aoc(2077): Explicit concurrent mark sweep GC freed 5586(213KB) AllocSpace objects, 0(0B) LOS objects, 40% free, 4MB/7MB, paused 1.169ms total 32.711ms
12-16 10:36:43.681: I/SCAN(14273): scan finish:/mnt/usb/sda1/02 å‰§/è€å‹è®°/å…­äººè¡Œ ç¬¬ä¸‰å­£
12-16 10:36:43.691: I/HLSP2P(3617): ## 2016-12-16 10:36:43.691 [3617,3757,:0] INFO ## [HLSP2P][DownloadManager.cpp:34][INFO][SendHeartBeatMsg][PunchHelper] send heartbeat to punch server(14.17.21.29:8002) ok
12-16 10:36:43.768: I/HLSP2P(3617): ## 2016-12-16 10:36:43.767 [3617,3759,:0] INFO ## [HLSP2P][DownloadManager.cpp:34][INFO][OnHeartbeatRsp][PunchHelper] punch heartbeat rsp ok
12-16 10:36:43.771: I/Js2Java(14273): 2.check thumbnail size 5
12-16 10:36:43.809: I/HLSP2P(3950): ## 2016-12-16 10:36:43.809 [3950,4077,:0] INFO ## [HLSP2P][DownloadManager.cpp:34][INFO][TryAdjustCacheSize]system memory total size: 1928M, free size: 724M, cache add to 100MB, AppState: 14
12-16 10:36:43.842: I/aoc(14273): Explicit concurrent mark sweep GC freed 8439(416KB) AllocSpace objects, 11(3MB) LOS objects, 40% free, 13MB/21MB, paused 1.126ms total 82.153ms
12-16 10:36:43.951: I/SLK: :[BroadcastManager$2.onSuccess(Line:197)](2808): send broadcast success : Bundle[{data=[]}]
12-16 10:36:43.984: I/aoc(1667): Explicit concurrent mark sweep GC freed 5505(205KB) AllocSpace objects, 0(0B) LOS objects, 33% free, 11MB/16MB, paused 2.297ms total 95.712ms
12-16 10:36:44.260: I/aoc(2077): Explicit concurrent mark sweep GC freed 5330(202KB) AllocSpace objects, 0(0B) LOS objects, 39% free, 4MB/7MB, paused 1.183ms total 25.050ms
12-16 10:36:44.266: I/HeliosLauncher*TimeItemView(2331): mRunnableTime synctime=true
12-16 10:36:44.301: W/ServiceDescriptorBinder(13682): UPnP specification violation: Not producing <retval> element to be compatible with WMP12: (ActionArgument, OUT) Actions
12-16 10:36:44.383: E/WifiManager(1667): getDhcpInfo().
12-16 10:36:44.383: D/ConnectivityService(1667): avgrssi = -46
12-16 10:36:44.418: D/ConnectivityService(1667): init.svc.rssimonitor =running
12-16 10:36:44.424: I/rssi.sh(15858): BCM43569
12-16 10:36:44.438: I/rssi.sh(15858): shell---rssi->>>rssi[0] -58 rssi[1] -45 rssi[2] 0
12-16 10:36:44.498: I/rssi.sh(15858): getprop wifi.rf.rssi:rssi[0] -58 rssi[1] -45 rssi[2] 0
12-16 10:36:44.510: D/ConnectivityService(1667): cyc_rssi=rssi[0] -58  rssi[1] -45  rssi[2] 0  82ms
12-16 10:36:44.513: D/ConnectivityService(1667): CycConetent is rssi[0] -58  rssi[1] -45  rssi[2] 0  ,-46,82ms
12-16 10:36:44.534: I/tvos(1206): [37m[INFO] Change to Voltage: 117 mv (0x32)[m
12-16 10:36:44.567: D/HeliosBIReceiver(2568): intent : Intent { act=com.helios.middleware.bi.action.UPLOADLOG flg=0x10 cmp=com.helios.middleware.iservice/com.helios.middleware.bi.HeliosBIReceiver (has extras) }
12-16 10:36:44.567: D/HeliosBIReceiver(2568): logUrl : 28 strategy : 1 log : {"logVersion":"02","logType":"event","happenTime":1481855804514,"eventId":"whaley-rom-wifi-cyc-info","params":{"CycContent":"rssi[0] -58  rssi[1] -45  rssi[2] 0  ,-46,82ms"}}
12-16 10:36:44.567: D/BILogManager(2568): logUrl : TV_ROMLOG strategy : DEFAULT log : {"logVersion":"02","logType":"event","happenTime":1481855804514,"eventId":"whaley-rom-wifi-cyc-info","params":{"CycContent":"rssi[0] -58  rssi[1] -45  rssi[2] 0  ,-46,82ms"}}
12-16 10:36:44.585: D/BILogDBManager(2568): saveLog-rowId : 77791
12-16 10:36:44.587: D/BILogDBManager(2568): getCount-count : 1
12-16 10:36:44.613: D/WifiHW(1667): ===>[detect_wifi_device]
12-16 10:36:44.666: D/ConnectivityService(1667): wifiConnected, ping www.baidu.com Ok. data=129ms
12-16 10:36:44.834: I/tvos(1206): [37m[INFO] Change to Voltage: 112 mv (0x2D)[m
12-16 10:36:44.841: I/SCAN(14273): scan finish:/mnt/usb/sda1/02 å‰§/è€å‹è®°/å…­äººè¡Œ ç¬¬ä¹å­£
12-16 10:36:44.922: I/aoc(2077): Explicit concurrent mark sweep GC freed 5738(215KB) AllocSpace objects, 0(0B) LOS objects, 39% free, 4MB/7MB, paused 790us total 23.440ms
12-16 10:36:44.978: I/Js2Java(14273): 2.check thumbnail size 4
12-16 10:36:44.997: E/LocalSocketTransmitVoice(2036): [66] connect to server failed
12-16 10:36:45.028: I/tvos(1206): [37m[INFO] Change to Voltage: 112 mv (0x2D)[m
12-16 10:36:45.196: I/aoc(14273): Explicit concurrent mark sweep GC freed 7766(394KB) AllocSpace objects, 9(2MB) LOS objects, 40% free, 12MB/20MB, paused 4.304ms total 94.207ms
12-16 10:36:45.228: I/tvos(1206): [37m[INFO] Change to Voltage: 112 mv (0x2D)[m
12-16 10:36:45.384: I/Js2Java(14273): 2.check thumbnail size 3
12-16 10:36:45.400: W/ServiceDescriptorBinder(13682): UPnP specification violation: Not producing <retval> element to be compatible with WMP12: (ActionArgument, OUT) CurrentVolume
12-16 10:36:45.400: W/ServiceDescriptorBinder(13682): UPnP specification violation: Not producing <retval> element to be compatible with WMP12: (ActionArgument, OUT) CurrentPresetNameList
12-16 10:36:45.404: W/ServiceDescriptorBinder(13682): UPnP specification violation: Not producing <retval> element to be compatible with WMP12: (ActionArgument, OUT) CurrentMute
12-16 10:36:45.404: W/ServiceDescriptorBinder(13682): UPnP specification violation: Not producing <retval> element to be compatible with WMP12: (ActionArgument, OUT) CurrentLoudness
12-16 10:36:45.405: W/ServiceDescriptorBinder(13682): UPnP specification violation: Not producing <retval> element to be compatible with WMP12: (ActionArgument, OUT) CurrentVolume
12-16 10:36:45.428: I/tvos(1206): [37m[INFO] Change to Voltage: 117 mv (0x32)[m
12-16 10:36:45.527: I/tvos(1206): [37m[INFO] Change to Voltage: 117 mv (0x32)[m
12-16 10:36:45.597: D/HeliosDLNA-cn.whaley.dlna.renderer.b(13682): Getting backend volume: 8
12-16 10:36:45.670: W/l(13682): HTTP connection failed: (OutgoingEventRequestMessage) NOTIFY http://172.16.210.87:2869/upnp/eventing/uufereifwx
12-16 10:36:45.670: W/l(13682): android.system.ErrnoException: isConnected failed: ECONNREFUSED (Connection refused)
12-16 10:36:45.670: W/l(13682): 	at libcore.io.IoBridge.isConnected(IoBridge.java:223)
12-16 10:36:45.670: W/l(13682): 	at libcore.io.IoBridge.connectErrno(IoBridge.java:171)
12-16 10:36:45.670: W/l(13682): 	at libcore.io.IoBridge.connect(IoBridge.java:122)
12-16 10:36:45.670: W/l(13682): 	at java.net.PlainSocketImpl.connect(PlainSocketImpl.java:183)
12-16 10:36:45.670: W/l(13682): 	at java.net.PlainSocketImpl.connect(PlainSocketImpl.java:456)
12-16 10:36:45.670: W/l(13682): 	at java.net.Socket.connect(Socket.java:882)
12-16 10:36:45.670: W/l(13682): 	at java.nio.SocketChannelImpl$SocketAdapter.connect(SocketChannelImpl.java:537)
12-16 10:36:45.670: W/l(13682): 	at org.eclipse.jetty.client.o.b(Unknown Source)
12-16 10:36:45.670: W/l(13682): 	at org.eclipse.jetty.client.i.Lm(Unknown Source)
12-16 10:36:45.670: W/l(13682): 	at org.eclipse.jetty.client.i.e(Unknown Source)
12-16 10:36:45.670: W/l(13682): 	at org.eclipse.jetty.client.i.c(Unknown Source)
12-16 10:36:45.670: W/l(13682): 	at org.eclipse.jetty.client.g.c(Unknown Source)
12-16 10:36:45.670: W/l(13682): 	at org.fourthline.cling.transport.impl.b.f.adt(Unknown Source)
12-16 10:36:45.670: W/l(13682): 	at org.fourthline.cling.transport.impl.b.f.call(Unknown Source)
12-16 10:36:45.670: W/l(13682): 	at java.util.concurrent.FutureTask.run(FutureTask.java:237)
12-16 10:36:45.670: W/l(13682): 	at java.util.concurrent.ThreadPoolExecutor.runWorker(ThreadPoolExecutor.java:1112)
12-16 10:36:45.670: W/l(13682): 	at java.util.concurrent.ThreadPoolExecutor$Worker.run(ThreadPoolExecutor.java:587)
12-16 10:36:45.670: W/l(13682): 	at java.lang.Thread.run(Thread.java:818)
12-16 10:36:45.700: W/ServiceDescriptorBinder(13682): UPnP specification violation: Not producing <retval> element to be compatible with WMP12: (ActionArgument, OUT) ConnectionIDs
12-16 10:36:45.727: I/tvos(1206): [37m[INFO] Change to Voltage: 112 mv (0x2D)[m
12-16 10:36:45.829: I/aoc(1667): Explicit concurrent mark sweep GC freed 5089(186KB) AllocSpace objects, 0(0B) LOS objects, 33% free, 11MB/16MB, paused 2.117ms total 84.560ms
12-16 10:36:45.913: I/aoc(2077): Explicit concurrent mark sweep GC freed 5328(202KB) AllocSpace objects, 0(0B) LOS objects, 40% free, 4MB/7MB, paused 900us total 27.754ms
12-16 10:36:45.927: I/tvos(1206): [37m[INFO] Change to Voltage: 117 mv (0x32)[m
12-16 10:36:46.049: I/Js2Java(14273): 2.check thumbnail size 2
12-16 10:36:46.127: I/tvos(1206): [37m[INFO] Change to Voltage: 117 mv (0x32)[m
12-16 10:36:46.163: I/SLK: :[BroadcastManager$2.onSuccess(Line:197)](2808): send broadcast success : Bundle[{data=[]}]
12-16 10:36:46.209: I/Js2Java(14273): 2.check thumbnail size 1
12-16 10:36:46.302: I/SCAN(14273): scan finish:/mnt/usb/sda1/02 å‰§/è€å‹è®°/å…­äººè¡Œ ç¬¬äºŒå­£
12-16 10:36:46.363: I/Js2Java(14273): 2.check thumbnail size 0
12-16 10:36:46.381: D/HttpUtils(3048): count : 2 result : {"message":"success","result":"yes","status":200}
12-16 10:36:46.382: I/aoc(13682): WaitForGcToComplete blocked for 20.900ms for cause HomogeneousSpaceCompact
12-16 10:36:46.385: D/BootAdManager(3048): BootAdInfo [mPuttingId=2957, mPuttingName=æˆ‘åœ¨æ•…å®«ä¿®æ–‡ç‰©_å¼€æœºå¹¿å‘Šé‡ç‚¹åŸŽå¸‚02, mStatus=1, mOwnerId=783, mProjectId=965, mCreativeId=1831, mDuration=15, mClassType=TV, mResourceType=VIDEO, mVoiceSupport=1, mTemplate=, mResourceStandard=4K, mStartTime=2016-12-16, mEndTime=2016-12-16, mCreativeUrl=http://advertisement.moguv.com/play/creative1831a, mMonitorCode=http://impression.gridsumdissector.com/gs.gif?gscmd=impress&gsadid=gad_185_po46z615, mAllData={"adClassType":"TV","adCreatives":[{"adCreativeId":1830,"adCreativeURL":"http:\/\/advertisement.moguv.com\/play\/creative1830b","adDuration":15,"resourceStandard":"1080P","resourceType":"VIDEO"},{"adCreativeId":1831,"adCreativeURL":"http:\/\/advertisement.moguv.com\/play\/creative1831a","adDuration":15,"resourceStandard":"4K","resourceType":"VIDEO"}],"adOwnerId":783,"adProjectId":965,"adPuttingId":2957,"adPuttingName":"æˆ‘åœ¨æ•…å®«ä¿®æ–‡ç‰©_å¼€æœºå¹¿å‘Šé‡ç‚¹åŸŽå¸‚02","endTime":"2016-12-16","hasOrientation":1,"monitorCode":"http:\/\/impression.gridsumdissector.com\/gs.gif?gscmd=impress&gsadid=gad_185_po46z615","notifyUrl":"https:\/\/ad.aginomoto.com\/ads\/kj\/target","startTime":"2016-12-16","status":1,"template":"","voiceSupport":1}, mReserve=null]
12-16 10:36:46.396: D/HeliosAdDBManager(3048): 2957-isBootAdInfoExist-cursor.getCount() : 1
12-16 10:36:46.412: D/HeliosAdDBManager(3048): 2957-update-1
12-16 10:36:46.412: D/AdBlacklistManager(3048): isBlacklistOpen : false
12-16 10:36:46.396: I/Thread-161(15675): type=1400 audit(0.0:287): avc: denied { read } for name="adv_config" dev="loop0" ino=12 scontext=u:r:system_app:s0 tcontext=u:object_r:unlabeled:s0 tclass=file permissive=1
12-16 10:36:46.396: I/Thread-161(15675): type=1400 audit(0.0:288): avc: denied { open } for path="/whaley_adv/adv_config" dev="loop0" ino=12 scontext=u:r:system_app:s0 tcontext=u:object_r:unlabeled:s0 tclass=file permissive=1
12-16 10:36:46.396: I/Thread-161(15675): type=1400 audit(0.0:289): avc: denied { getattr } for path="/whaley_adv/adv_config" dev="loop0" ino=12 scontext=u:r:system_app:s0 tcontext=u:object_r:unlabeled:s0 tclass=file permissive=1
12-16 10:36:46.414: D/BootAdManager(3048): AdConfigData : 
12-16 10:36:46.396: I/Thread-161(15675): type=1400 audit(0.0:287): avc: denied { read } for name="adv_config" dev="loop0" ino=12 scontext=u:r:system_app:s0 tcontext=u:object_r:unlabeled:s0 tclass=file permissive=1
12-16 10:36:46.396: I/Thread-161(15675): type=1400 audit(0.0:288): avc: denied { open } for path="/whaley_adv/adv_config" dev="loop0" ino=12 scontext=u:r:system_app:s0 tcontext=u:object_r:unlabeled:s0 tclass=file permissive=1
12-16 10:36:46.396: I/Thread-161(15675): type=1400 audit(0.0:289): avc: denied { getattr } for path="/whaley_adv/adv_config" dev="loop0" ino=12 scontext=u:r:system_app:s0 tcontext=u:object_r:unlabeled:s0 tclass=file permissive=1
12-16 10:36:46.417: D/TimeUtils(3048): curDate : Fri Dec 16 00:00:00 GMT+08:00 2016 date : Fri Dec 16 00:00:00 GMT+08:00 2016
12-16 10:36:46.418: D/TimeUtils(3048): curDate : Fri Dec 16 00:00:00 GMT+08:00 2016 date : Fri Dec 16 00:00:00 GMT+08:00 2016
12-16 10:36:46.420: D/AdDownloadManager(3048): addDownload : 2957
12-16 10:36:46.425: D/BootAdManager(3048): AdConfigData : 
12-16 10:36:46.426: D/AdDownloadManager(3048): needDownload-putId : 2957 configPutId : 0 creativeId : 1831 configCreativeId : 0
12-16 10:36:46.427: D/AdHttpDownload(3048): ad video url:http://advertisement.moguv.com/play/creative1831a path : /whaley_adv/video.ts.temp
12-16 10:36:46.416: I/Thread-163(15870): type=1400 audit(0.0:290): avc: denied { write } for name="adv_config" dev="loop0" ino=12 scontext=u:r:system_app:s0 tcontext=u:object_r:unlabeled:s0 tclass=file permissive=1
12-16 10:36:46.509: I/aoc(2077): Explicit concurrent mark sweep GC freed 5746(219KB) AllocSpace objects, 0(0B) LOS objects, 39% free, 4MB/7MB, paused 881us total 23.136ms
12-16 10:36:46.527: I/tvos(1206): [37m[INFO] Change to Voltage: 117 mv (0x32)[m
12-16 10:36:46.561: I/aoc(13682): WaitForGcToComplete blocked for 27.188ms for cause Background
12-16 10:36:46.583: W/bt-btif(2904): bta_hh_co_data: UHID write, key code: 0x2, 0x80
12-16 10:36:46.584: W/WindowManager(1667): >>> keyCode=4 down=true
12-16 10:36:46.592: D/JniHelper(14273): JniHelper::getJavaVM(), pthread_self() = -189039872
12-16 10:36:46.593: D/JniHelper(14273): JniHelper::getJavaVM(), pthread_self() = -189039872
12-16 10:36:46.610: D/WifiNative-wlan0(1667): doString: [SIGNAL_POLL]
12-16 10:36:46.614: E/WifiConfigStore(1667): updateConfiguration freq=5765 BSSID=d4:68:ba:81:46:e3 RSSI=-45 "SmartHome"WPA_PSK
12-16 10:36:46.622: D/JniHelper(14273): JniHelper::getJavaVM(), pthread_self() = -189039872
12-16 10:36:46.624: D/JniHelper(14273): JniHelper::getJavaVM(), pthread_self() = -189039872
12-16 10:36:46.625: I/HLSP2P(3617): ## 2016-12-16 10:36:46.624 [3617,3757,:0] INFO ## [HLSP2P][DownloadManager.cpp:34][INFO][TryAdjustCacheSize]system memory total size: 1928M, free size: 727M, cache add to 100MB, AppState: 14
12-16 10:36:46.626: D/JniHelper(14273): JniHelper::getJavaVM(), pthread_self() = -189039872
12-16 10:36:46.631: D/JniHelper(14273): JniHelper::getJavaVM(), pthread_self() = -189039872
12-16 10:36:46.635: D/JniHelper(14273): JniHelper::getJavaVM(), pthread_self() = -189039872
12-16 10:36:46.640: D/JniHelper(14273): JniHelper::getJavaVM(), pthread_self() = -189039872
12-16 10:36:46.645: D/JniHelper(14273): JniHelper::getJavaVM(), pthread_self() = -189039872
12-16 10:36:46.661: I/aoc(14273): Explicit concurrent mark sweep GC freed 10202(580KB) AllocSpace objects, 22(2MB) LOS objects, 40% free, 12MB/20MB, paused 2.353ms total 123.530ms
12-16 10:36:46.672: D/JniHelper(14273): JniHelper::getJavaVM(), pthread_self() = -189039872
12-16 10:36:46.693: I/SCAN(14273): scan finish:/mnt/usb/sda1/02 å‰§/è€å‹è®°/å…­äººè¡Œ ç¬¬äº”å­£
12-16 10:36:46.724: W/bt-btif(2904): bta_hh_co_data: UHID write, key code: 0x2, 0x0
12-16 10:36:46.724: W/WindowManager(1667): >>> keyCode=4 down=false
12-16 10:36:46.725: D/WindowManager(1667): <onkey up :keyCode:4 dname:å¾®é²¸é¥æŽ§å™¨ devid:14 scan:158 Source:769
12-16 10:36:46.828: I/AdHttpDownload(3048): server len:25803000
12-16 10:36:46.816: I/Thread-163(15870): type=1400 audit(0.0:291): avc: denied { write } for name="/" dev="loop0" ino=2 scontext=u:r:system_app:s0 tcontext=u:object_r:unlabeled:s0 tclass=dir permissive=1
12-16 10:36:46.816: I/Thread-163(15870): type=1400 audit(0.0:292): avc: denied { add_name } for name="video.ts.temp" scontext=u:r:system_app:s0 tcontext=u:object_r:unlabeled:s0 tclass=dir permissive=1
12-16 10:36:46.836: I/Js2Java(14273): CocosThumbnailAsyncTask finished.
12-16 10:36:46.816: I/Thread-163(15870): type=1400 audit(0.0:292): avc: denied { add_name } for name="video.ts.temp" scontext=u:r:system_app:s0 tcontext=u:object_r:unlabeled:s0 tclass=dir permissive=1
12-16 10:36:46.816: I/Thread-163(15870): type=1400 audit(0.0:293): avc: denied { create } for name="video.ts.temp" scontext=u:r:system_app:s0 tcontext=u:object_r:unlabeled:s0 tclass=file permissive=1
12-16 10:36:46.927: I/tvos(1206): [37m[INFO] Change to Voltage: 117 mv (0x32)[m
12-16 10:36:46.999: E/LocalSocketTransmitVoice(2036): [66] connect to server failed
12-16 10:36:47.188: D/NetdConnector(1667): SND -> {111 bandwidth gettetherstats}
12-16 10:36:47.188: E/CommandListener(1198): gettetherstats
12-16 10:36:47.188: E/Netd(1198): gettetherstats
12-16 10:36:47.188: E/CommandListener(1198): Tethering stats list completed
12-16 10:36:47.188: E/Netd(1198): Tethering stats list completed
12-16 10:36:47.189: D/NetdConnector(1667): RMV <- {200 111 Tethering stats list completed}
12-16 10:36:47.220: D/NetdConnector(1667): SND -> {112 bandwidth setglobalalert 2097152}
12-16 10:36:47.222: D/NetdConnector(1667): RMV <- {200 112 Bandwidth command succeeeded}
12-16 10:36:47.282: W/l(13682): HTTP request failed: (OutgoingEventRequestMessage) NOTIFY http://172.16.210.87:2869/upnp/eventing/huyubmvwqo
12-16 10:36:47.282: W/l(13682): org.eclipse.jetty.io.EofException: early EOF
12-16 10:36:47.282: W/l(13682): 	at org.eclipse.jetty.client.a$b.Kc(Unknown Source)
12-16 10:36:47.282: W/l(13682): 	at org.eclipse.jetty.http.s.Ni(Unknown Source)
12-16 10:36:47.282: W/l(13682): 	at org.eclipse.jetty.http.s.Nh(Unknown Source)
12-16 10:36:47.282: W/l(13682): 	at org.eclipse.jetty.client.c.JR(Unknown Source)
12-16 10:36:47.282: W/l(13682): 	at org.eclipse.jetty.io.a.h.Oy(Unknown Source)
12-16 10:36:47.282: W/l(13682): 	at org.eclipse.jetty.io.a.i.run(Unknown Source)
12-16 10:36:47.282: W/l(13682): 	at java.util.concurrent.ThreadPoolExecutor.runWorker(ThreadPoolExecutor.java:1112)
12-16 10:36:47.282: W/l(13682): 	at java.util.concurrent.ThreadPoolExecutor$Worker.run(ThreadPoolExecutor.java:587)
12-16 10:36:47.282: W/l(13682): 	at java.lang.Thread.run(Thread.java:818)
12-16 10:36:47.521: D/AdHttpDownload(3048): download count: 1358112 ; length : 25803000 ; progress : 5
12-16 10:36:47.593: W/bt-btif(2904): bta_hh_co_data: UHID write, key code: 0x2, 0x80
12-16 10:36:47.593: W/WindowManager(1667): >>> keyCode=4 down=true
12-16 10:36:47.627: I/tvos(1206): [37m[INFO] Change to Voltage: 117 mv (0x32)[m
12-16 10:36:47.639: I/HLSP2P(3617): ## 2016-12-16 10:36:47.639 [3617,3757,:0] INFO ## [HLSP2P][DownloadManager.cpp:34][DEBUG][SendHeartBeatReq][PeerServer] send hearbeat to 123.151.71.31:30013 ok
12-16 10:36:47.666: E/WifiManager(1667): getDhcpInfo().
12-16 10:36:47.666: D/ConnectivityService(1667): avgrssi = -45
12-16 10:36:47.699: D/ConnectivityService(1667): init.svc.rssimonitor =running
12-16 10:36:47.703: W/bt-btif(2904): bta_hh_co_data: UHID write, key code: 0x2, 0x0
12-16 10:36:47.704: W/WindowManager(1667): >>> keyCode=4 down=false
12-16 10:36:47.704: D/WindowManager(1667): <onkey up :keyCode:4 dname:å¾®é²¸é¥æŽ§å™¨ devid:14 scan:158 Source:769
12-16 10:36:47.750: I/HLSP2P(3617): ## 2016-12-16 10:36:47.750 [3617,3759,:0] INFO ## [HLSP2P][DownloadManager.cpp:34][INFO][OnHeartBeatRsp][PeerServer] ps heartbeat rsp ok, localProxyPort: 10838
12-16 10:36:47.772: I/rssi.sh(15873): BCM43569
12-16 10:36:47.780: I/rssi.sh(15873): shell---rssi->>>rssi[0] -55 rssi[1] -44 rssi[2] 0
12-16 10:36:47.823: I/rssi.sh(15873): getprop wifi.rf.rssi:rssi[0] -55 rssi[1] -44 rssi[2] 0
12-16 10:36:47.850: D/ConnectivityService(1667): cyc_rssi=rssi[0] -55  rssi[1] -44  rssi[2] 0  129ms
12-16 10:36:47.850: D/ConnectivityService(1667): CycConetent is rssi[0] -55  rssi[1] -44  rssi[2] 0  ,-45,129ms
12-16 10:36:47.872: D/HeliosBIReceiver(2568): intent : Intent { act=com.helios.middleware.bi.action.UPLOADLOG flg=0x10 cmp=com.helios.middleware.iservice/com.helios.middleware.bi.HeliosBIReceiver (has extras) }
12-16 10:36:47.872: D/HeliosBIReceiver(2568): logUrl : 28 strategy : 1 log : {"logVersion":"02","logType":"event","happenTime":1481855807850,"eventId":"whaley-rom-wifi-cyc-info","params":{"CycContent":"rssi[0] -55  rssi[1] -44  rssi[2] 0  ,-45,129ms"}}
12-16 10:36:47.872: D/BILogManager(2568): logUrl : TV_ROMLOG strategy : DEFAULT log : {"logVersion":"02","logType":"event","happenTime":1481855807850,"eventId":"whaley-rom-wifi-cyc-info","params":{"CycContent":"rssi[0] -55  rssi[1] -44  rssi[2] 0  ,-45,129ms"}}
12-16 10:36:47.883: D/BILogDBManager(2568): saveLog-rowId : 77792
12-16 10:36:47.890: D/BILogDBManager(2568): getCount-count : 2
12-16 10:36:48.016: D/JniHelper(14273): JniHelper::getJavaVM(), pthread_self() = -189039872
12-16 10:36:48.018: E/UsbBroadcasthelper(14273): path = /storage/emulated/0, labelName = null
12-16 10:36:48.033: D/ConnectivityService(1667): wifiConnected, ping www.baidu.com Ok. data=182ms
12-16 10:36:48.080: D/NetdConnector(1667): SND -> {113 bandwidth gettetherstats}
12-16 10:36:48.081: E/CommandListener(1198): gettetherstats
12-16 10:36:48.081: E/Netd(1198): gettetherstats
12-16 10:36:48.081: E/CommandListener(1198): Tethering stats list completed
12-16 10:36:48.081: E/Netd(1198): Tethering stats list completed
12-16 10:36:48.081: D/NetdConnector(1667): RMV <- {200 113 Tethering stats list completed}
12-16 10:36:48.104: D/NetdConnector(1667): SND -> {114 bandwidth setglobalalert 2097152}
12-16 10:36:48.105: D/NetdConnector(1667): RMV <- {200 114 Bandwidth command succeeeded}
12-16 10:36:48.215: I/SLK: TransportManager:[FamilyTransportManager$4.onComplete(Line:1787)](2808):  get udp Broadcast : []
12-16 10:36:48.215: I/SLK: :[BroadcastManager$2.onSuccess(Line:197)](2808): send broadcast success : Bundle[{data=[]}]
12-16 10:36:48.303: E/UsbBroadcasthelper(14273): path = /mnt/usb/sda1, labelName = ç§»åŠ¨ç¡¬ç›˜
12-16 10:36:48.304: I/TAG(14273): rootList = 2
12-16 10:36:48.304: I/MediaPlayUtil(14273): onInsert ....
12-16 10:36:48.304: I/MediaPlayUtil(14273): enter setUsbData 
12-16 10:36:48.304: E/MediaPlayUtil(14273): mSambaData size = 0
12-16 10:36:48.304: E/MediaPlayUtil(14273): setUsbData , mAllDevicesData size = 18
12-16 10:36:48.310: E/MediaPlayUtil(14273): setUsbData  data = [{"devicesName":"","id":"/storage/emulated/0","name":"0","path":"/storage/emulated/0","totalSize":"4.8 GB","usedSize":"2.4 GB","type":2},{"devicesName":"%E7%A7%BB%E5%8A%A8%E7%A1%AC%E7%9B%98","id":"%E7%A7%BB%E5%8A%A8%E7%A1%AC%E7%9B%98/mnt/usb/sda1","name":"sda1","path":"/mnt/usb/sda1","totalSize":"931.5 GB","usedSize":"892.1 GB","type":4},{"devicesName":"XIAHENG-PC: xiaheng:","id":"XIAHENG-PC: xiaheng:","index":"uuid:6a8c2321-dedb-4799-9225-5bcdc3877a15","path":"","type":0},{"devicesName":"ADMIN-PC: gaoya:","id":"ADMIN-PC: gaoya:","index":"uuid:e95325b3-6db8-4ffb-bf95-dfa1f7fd52dc","path":"","type":0},{"devicesName":"TANYA-PC: tanya:","id":"TANYA-PC: tanya:","index":"uuid:cd94647b-f5c1-4abd-a311-0996184b7ff0","path":"","type":0},{"devicesName":"20160329CY10: Administrator:","id":"20160329CY10: Administrator:","index":"uuid:c03ba3c6-be53-431e-b0ef-7b8bc3a2fde6","path":"","type":0},{"devicesName":"20160310XB01: hc:","id":"20160310XB01: hc:","index":"uuid:1d71a3e3-336a-41d3-8a20-498776695c34","path":"","type":0},{"devicesName":"HC-PC: hc:","id":"HC-PC: hc:","index":"uuid:6a0c40a9-2f45-4cd8-87a8-ebc777bc4467","path":"","type":0},{"devicesName":"WHALEY-PC: whaley:","id":"WHALEY-PC: whaley:","index":"uuid:450b8222-4583-4a2d-8231-7b13bac41e64","path":"","type":0},{"devicesName":"LUCAS-PC: hc:","id":"LUCAS-PC: hc:","index":"uuid:c4e0270b-d29c-47d2-ad26-cd766fe7725d","path":"","type":0},{"devicesName":"WIN-M99QQPA6UT5: Administrator:","id":"WIN-M99QQPA6UT5: Administrator:","index":"uuid:023a723c-0518-49db-adae-4933882846e7","path":"","type":0},{"devicesName":"WHALEY-PC: whaley:","id":"WHALEY-PC: whaley:","index":"uuid:069b1ea8-e713-4295-a445-7ce47065cc36","path":"","type":0},{"devicesName":"WHALEY-PC: whaley:","id":"WHALEY-PC: whaley:","index":"uuid:192e06de-0a22-43f3-8b2c-d216a645e4f9","path":"","type":0},{"devicesName":"AHLIN-PC: Ahlin:","id":"AHLIN-PC: Ahlin:","index":"uuid:5872c655-d6f3-4881-a60a-d0e9039bc577","path":"","type":0},{"devicesName":"DELL-PC: dell:","id":"DELL-PC: dell:","index":"uuid:e781fe0b-79e4-407b-80b9-1ef82383fa31","path":"","type":0},{"devicesName":"WHALEY-PC: OPPLE:","id":"WHALEY-PC: OPPLE:","index":"uuid:f4fe3b42-ec4d-4230-991c-5289b6d8af6b","path":"","type":0},{"devicesName":"20150522S11: Martin:","id":"20150522S11: Martin:","index":"uuid:4ef08aed-ec9c-4a64-a6f4-09ba1ef1ef51","path":"","type":0},{"devicesName":"HC-PC: hc:","id":"HC-PC: hc:","index":"uuid:e54ce558-0148-406c-8b5d-7f8f250cf688","path":"","type":0}]
12-16 10:36:48.310: I/MediaPlayUtil(14273): Get exist deviceList
12-16 10:36:48.335: W/l(13682): HTTP request failed: (OutgoingEventRequestMessage) NOTIFY http://172.16.210.87:2869/upnp/eventing/buesgtjbqc
12-16 10:36:48.335: W/l(13682): org.eclipse.jetty.io.EofException: early EOF
12-16 10:36:48.335: W/l(13682): 	at org.eclipse.jetty.client.a$b.Kc(Unknown Source)
12-16 10:36:48.335: W/l(13682): 	at org.eclipse.jetty.http.s.Ni(Unknown Source)
12-16 10:36:48.335: W/l(13682): 	at org.eclipse.jetty.http.s.Nh(Unknown Source)
12-16 10:36:48.335: W/l(13682): 	at org.eclipse.jetty.client.c.JR(Unknown Source)
12-16 10:36:48.335: W/l(13682): 	at org.eclipse.jetty.io.a.h.Oy(Unknown Source)
12-16 10:36:48.335: W/l(13682): 	at org.eclipse.jetty.io.a.i.run(Unknown Source)
12-16 10:36:48.335: W/l(13682): 	at java.util.concurrent.ThreadPoolExecutor.runWorker(ThreadPoolExecutor.java:1112)
12-16 10:36:48.335: W/l(13682): 	at java.util.concurrent.ThreadPoolExecutor$Worker.run(ThreadPoolExecutor.java:587)
12-16 10:36:48.335: W/l(13682): 	at java.lang.Thread.run(Thread.java:818)
12-16 10:36:48.546: D/AdHttpDownload(3048): download count: 2716496 ; length : 25803000 ; progress : 10
12-16 10:36:48.627: I/tvos(1206): [37m[INFO] Change to Voltage: 102 mv (0x23)[m
12-16 10:36:49.000: E/LocalSocketTransmitVoice(2036): [66] connect to server failed
12-16 10:36:49.343: W/bt-btif(2904): bta_hh_co_data: UHID write, key code: 0x1, 0x0
12-16 10:36:49.344: W/WindowManager(1667): >>> keyCode=22 down=true
12-16 10:36:49.344: W/bt-btif(2904): bta_hh_co_data: UHID write, key code: 0x1, 0x0
12-16 10:36:49.350: W/WindowManager(1667): >>> keyCode=22 down=false
12-16 10:36:49.351: D/WindowManager(1667): <onkey up :keyCode:22 dname:å¾®é²¸é¥æŽ§å™¨ devid:14 scan:106 Source:769
12-16 10:36:49.427: I/tvos(1206): [37m[INFO] Change to Voltage: 117 mv (0x32)[m
12-16 10:36:49.616: D/WifiNative-wlan0(1667): doString: [SIGNAL_POLL]
12-16 10:36:49.618: D/WifiHW(1667): ===>[detect_wifi_device]
12-16 10:36:49.619: E/WifiConfigStore(1667): updateConfiguration freq=5765 BSSID=d4:68:ba:81:46:e3 RSSI=-45 "SmartHome"WPA_PSK
12-16 10:36:49.723: W/bt-btif(2904): bta_hh_co_data: UHID write, key code: 0x1, 0x0
12-16 10:36:49.724: W/WindowManager(1667): >>> keyCode=20 down=true
12-16 10:36:49.844: W/bt-btif(2904): bta_hh_co_data: UHID write, key code: 0x1, 0x0
12-16 10:36:49.844: W/WindowManager(1667): >>> keyCode=20 down=false
12-16 10:36:49.847: D/WindowManager(1667): <onkey up :keyCode:20 dname:å¾®é²¸é¥æŽ§å™¨ devid:14 scan:108 Source:769
12-16 10:36:49.943: W/bt-btif(2904): bta_hh_co_data: UHID write, key code: 0x1, 0x0
12-16 10:36:49.944: W/WindowManager(1667): >>> keyCode=20 down=true
12-16 10:36:49.965: D/PersistentConnect(2385): cmd : 268435489 msg : 
12-16 10:36:50.073: W/bt-btif(2904): bta_hh_co_data: UHID write, key code: 0x1, 0x0
12-16 10:36:50.074: W/WindowManager(1667): >>> keyCode=20 down=false
12-16 10:36:50.074: D/WindowManager(1667): <onkey up :keyCode:20 dname:å¾®é²¸é¥æŽ§å™¨ devid:14 scan:108 Source:769
12-16 10:36:50.098: W/ServiceDescriptorBinder(13682): UPnP specification violation: Not producing <retval> element to be compatible with WMP12: (ActionArgument, OUT) Actions
12-16 10:36:50.132: D/AdHttpDownload(3048): download count: 4074804 ; length : 25803000 ; progress : 15
12-16 10:36:50.175: W/bt-btif(2904): bta_hh_co_data: UHID write, key code: 0x1, 0x0
12-16 10:36:50.175: W/WindowManager(1667): >>> keyCode=20 down=true
12-16 10:36:50.254: I/SLK: :[BroadcastManager$2.onSuccess(Line:197)](2808): send broadcast success : Bundle[{data=[]}]
12-16 10:36:50.303: W/bt-btif(2904): bta_hh_co_data: UHID write, key code: 0x1, 0x0
12-16 10:36:50.304: W/WindowManager(1667): >>> keyCode=20 down=false
12-16 10:36:50.305: D/WindowManager(1667): <onkey up :keyCode:20 dname:å¾®é²¸é¥æŽ§å™¨ devid:14 scan:108 Source:769
12-16 10:36:50.403: W/bt-btif(2904): bta_hh_co_data: UHID write, key code: 0x1, 0x0
12-16 10:36:50.404: W/WindowManager(1667): >>> keyCode=20 down=true
12-16 10:36:50.503: W/bt-btif(2904): bta_hh_co_data: UHID write, key code: 0x1, 0x0
12-16 10:36:50.504: W/WindowManager(1667): >>> keyCode=20 down=false
12-16 10:36:50.504: D/WindowManager(1667): <onkey up :keyCode:20 dname:å¾®é²¸é¥æŽ§å™¨ devid:14 scan:108 Source:769
12-16 10:36:50.603: W/bt-btif(2904): bta_hh_co_data: UHID write, key code: 0x1, 0x0
12-16 10:36:50.604: W/WindowManager(1667): >>> keyCode=20 down=true
12-16 10:36:50.611: D/NetdConnector(1667): SND -> {115 bandwidth gettetherstats}
12-16 10:36:50.611: E/CommandListener(1198): gettetherstats
12-16 10:36:50.611: E/Netd(1198): gettetherstats
12-16 10:36:50.611: E/CommandListener(1198): Tethering stats list completed
12-16 10:36:50.611: E/Netd(1198): Tethering stats list completed
12-16 10:36:50.612: D/NetdConnector(1667): RMV <- {200 115 Tethering stats list completed}
12-16 10:36:50.629: D/NetdConnector(1667): SND -> {116 bandwidth setglobalalert 2097152}
12-16 10:36:50.631: D/NetdConnector(1667): RMV <- {200 116 Bandwidth command succeeeded}
12-16 10:36:50.703: W/bt-btif(2904): bta_hh_co_data: UHID write, key code: 0x1, 0x0
12-16 10:36:50.704: W/WindowManager(1667): >>> keyCode=20 down=false
12-16 10:36:50.704: D/WindowManager(1667): <onkey up :keyCode:20 dname:å¾®é²¸é¥æŽ§å™¨ devid:14 scan:108 Source:769
12-16 10:36:50.823: W/bt-btif(2904): bta_hh_co_data: UHID write, key code: 0x1, 0x0
12-16 10:36:50.824: W/WindowManager(1667): >>> keyCode=20 down=true
12-16 10:36:50.923: W/bt-btif(2904): bta_hh_co_data: UHID write, key code: 0x1, 0x0
12-16 10:36:50.924: W/WindowManager(1667): >>> keyCode=20 down=false
12-16 10:36:50.926: D/WindowManager(1667): <onkey up :keyCode:20 dname:å¾®é²¸é¥æŽ§å™¨ devid:14 scan:108 Source:769
12-16 10:36:50.965: I/HLSP2P(3950): ## 2016-12-16 10:36:50.965 [3950,4077,:0] INFO ## [HLSP2P][DownloadManager.cpp:34][INFO][SendHeartBeatMsg][PunchHelper] send heartbeat to punch server(182.131.19.174:8002) ok
12-16 10:36:51.000: E/LocalSocketTransmitVoice(2036): [66] connect to server failed
12-16 10:36:51.013: I/HLSP2P(3950): ## 2016-12-16 10:36:51.013 [3950,4079,:0] INFO ## [HLSP2P][DownloadManager.cpp:34][INFO][OnHeartbeatRsp][PunchHelper] punch heartbeat rsp ok
12-16 10:36:51.034: E/WifiManager(1667): getDhcpInfo().
12-16 10:36:51.034: D/ConnectivityService(1667): avgrssi = -46
12-16 10:36:51.060: I/rssi.sh(15883): BCM43569
12-16 10:36:51.067: D/ConnectivityService(1667): init.svc.rssimonitor =running
12-16 10:36:51.070: I/rssi.sh(15883): shell---rssi->>>rssi[0] -55 rssi[1] -45 rssi[2] 0
12-16 10:36:51.109: I/rssi.sh(15883): getprop wifi.rf.rssi:rssi[0] -55 rssi[1] -45 rssi[2] 0
12-16 10:36:51.123: W/bt-btif(2904): bta_hh_co_data: UHID write, key code: 0x1, 0x0
12-16 10:36:51.124: W/WindowManager(1667): >>> keyCode=20 down=true
12-16 10:36:51.127: D/ConnectivityService(1667): cyc_rssi=rssi[0] -55  rssi[1] -45  rssi[2] 0  182ms
12-16 10:36:51.127: D/ConnectivityService(1667): CycConetent is rssi[0] -55  rssi[1] -45  rssi[2] 0  ,-46,182ms
12-16 10:36:51.145: D/HeliosBIReceiver(2568): intent : Intent { act=com.helios.middleware.bi.action.UPLOADLOG flg=0x10 cmp=com.helios.middleware.iservice/com.helios.middleware.bi.HeliosBIReceiver (has extras) }
12-16 10:36:51.145: D/HeliosBIReceiver(2568): logUrl : 28 strategy : 1 log : {"logVersion":"02","logType":"event","happenTime":1481855811127,"eventId":"whaley-rom-wifi-cyc-info","params":{"CycContent":"rssi[0] -55  rssi[1] -45  rssi[2] 0  ,-46,182ms"}}
12-16 10:36:51.145: D/BILogManager(2568): logUrl : TV_ROMLOG strategy : DEFAULT log : {"logVersion":"02","logType":"event","happenTime":1481855811127,"eventId":"whaley-rom-wifi-cyc-info","params":{"CycContent":"rssi[0] -55  rssi[1] -45  rssi[2] 0  ,-46,182ms"}}
12-16 10:36:51.156: D/BILogDBManager(2568): saveLog-rowId : 77793
12-16 10:36:51.160: D/BILogDBManager(2568): getCount-count : 3
12-16 10:36:51.200: D/ConnectivityService(1667): wifiConnected, ping www.baidu.com Ok. data=71ms
12-16 10:36:51.253: W/bt-btif(2904): bta_hh_co_data: UHID write, key code: 0x1, 0x0
12-16 10:36:51.254: W/WindowManager(1667): >>> keyCode=20 down=false
12-16 10:36:51.254: D/WindowManager(1667): <onkey up :keyCode:20 dname:å¾®é²¸é¥æŽ§å™¨ devid:14 scan:108 Source:769
12-16 10:36:51.343: I/HLSP2P(3803): ## 2016-12-16 10:36:51.343 [3803,3927,:0] INFO ## [HLSP2P][DownloadManager.cpp:34][INFO][TryAdjustCacheSize]system memory total size: 1928M, free size: 713M, cache add to 100MB, AppState: 14
12-16 10:36:51.467: D/JniHelper(14273): JniHelper::getJavaVM(), pthread_self() = -189039872
12-16 10:36:51.468: I/mediaPlayerDevices(14273): {"mediaPlayerDevices":[{"name":"æœ¬åœ°æ–‡ä»¶","type":"local file"},{"name":"ç§»åŠ¨ç¡¬ç›˜","type":"USB"},{"name":"XIAHENG-PC: xiaheng:","type":"DMP"},{"name":"ADMIN-PC: gaoya:","type":"DMP"},{"name":"TANYA-PC: tanya:","type":"DMP"},{"name":"20160329CY10: Administrator:","type":"DMP"},{"name":"20160310XB01: hc:","type":"DMP"},{"name":"HC-PC: hc:","type":"DMP"},{"name":"WHALEY-PC: whaley:","type":"DMP"},{"name":"LUCAS-PC: hc:","type":"DMP"},{"name":"WIN-M99QQPA6UT5: Administrator:","type":"DMP"},{"name":"WHALEY-PC: whaley:","type":"DMP"},{"name":"WHALEY-PC: whaley:","type":"DMP"},{"name":"AHLIN-PC: Ahlin:","type":"DMP"},{"name":"DELL-PC: dell:","type":"DMP"},{"name":"WHALEY-PC: OPPLE:","type":"DMP"},{"name":"20150522S11: Martin:","type":"DMP"},{"name":"HC-PC: hc:","type":"DMP"},{"name":"HC-PC: hc:","type":"DMP"}]}
12-16 10:36:51.688: W/l(13682): HTTP request took a long time (6074ms): (OutgoingEventRequestMessage) NOTIFY http://172.16.210.87:2869/upnp/eventing/huyubmvwqo
12-16 10:36:51.743: W/bt-btif(2904): bta_hh_co_data: UHID write, key code: 0x1, 0x0
12-16 10:36:51.743: W/WindowManager(1667): >>> keyCode=19 down=true
12-16 10:36:51.903: W/bt-btif(2904): bta_hh_co_data: UHID write, key code: 0x1, 0x0
12-16 10:36:51.904: W/WindowManager(1667): >>> keyCode=19 down=false
12-16 10:36:51.904: D/WindowManager(1667): <onkey up :keyCode:19 dname:å¾®é²¸é¥æŽ§å™¨ devid:14 scan:103 Source:769
12-16 10:36:51.973: W/bt-btif(2904): bta_hh_co_data: UHID write, key code: 0x1, 0x0
12-16 10:36:51.974: W/WindowManager(1667): >>> keyCode=19 down=true
12-16 10:36:52.093: W/bt-btif(2904): bta_hh_co_data: UHID write, key code: 0x1, 0x0
12-16 10:36:52.094: W/WindowManager(1667): >>> keyCode=19 down=false
12-16 10:36:52.094: D/WindowManager(1667): <onkey up :keyCode:19 dname:å¾®é²¸é¥æŽ§å™¨ devid:14 scan:103 Source:769
12-16 10:36:52.113: D/AdHttpDownload(3048): download count: 5432368 ; length : 25803000 ; progress : 20
12-16 10:36:52.163: W/bt-btif(2904): bta_hh_co_data: UHID write, key code: 0x1, 0x0
12-16 10:36:52.164: W/WindowManager(1667): >>> keyCode=19 down=true
12-16 10:36:52.293: W/bt-btif(2904): bta_hh_co_data: UHID write, key code: 0x1, 0x0
12-16 10:36:52.294: W/WindowManager(1667): >>> keyCode=19 down=false
12-16 10:36:52.299: D/WindowManager(1667): <onkey up :keyCode:19 dname:å¾®é²¸é¥æŽ§å™¨ devid:14 scan:103 Source:769
12-16 10:36:52.300: I/SLK: :[BroadcastManager$2.onSuccess(Line:197)](2808): send broadcast success : Bundle[{data=[]}]
12-16 10:36:52.348: I/HLSP2P(3803): ## 2016-12-16 10:36:52.347 [3803,3927,:0] INFO ## [HLSP2P][DownloadManager.cpp:34][DEBUG][SendHeartBeatReq][PeerServer] send hearbeat to 123.151.71.31:30013 ok
12-16 10:36:52.384: W/bt-btif(2904): bta_hh_co_data: UHID write, key code: 0x1, 0x0
12-16 10:36:52.385: W/WindowManager(1667): >>> keyCode=19 down=true
12-16 10:36:52.419: I/HLSP2P(3803): ## 2016-12-16 10:36:52.419 [3803,3929,:0] INFO ## [HLSP2P][DownloadManager.cpp:34][INFO][OnHeartBeatRsp][PeerServer] ps heartbeat rsp ok, localProxyPort: 15688
12-16 10:36:52.523: W/bt-btif(2904): bta_hh_co_data: UHID write, key code: 0x1, 0x0
12-16 10:36:52.524: W/WindowManager(1667): >>> keyCode=19 down=false
12-16 10:36:52.524: D/WindowManager(1667): <onkey up :keyCode:19 dname:å¾®é²¸é¥æŽ§å™¨ devid:14 scan:103 Source:769
12-16 10:36:52.593: W/bt-btif(2904): bta_hh_co_data: UHID write, key code: 0x1, 0x0
12-16 10:36:52.594: W/WindowManager(1667): >>> keyCode=19 down=true
12-16 10:36:52.624: D/WifiNative-wlan0(1667): doString: [SIGNAL_POLL]
12-16 10:36:52.627: E/WifiConfigStore(1667): updateConfiguration freq=5765 BSSID=d4:68:ba:81:46:e3 RSSI=-45 "SmartHome"WPA_PSK
12-16 10:36:52.713: W/bt-btif(2904): bta_hh_co_data: UHID write, key code: 0x1, 0x0
12-16 10:36:52.714: W/WindowManager(1667): >>> keyCode=19 down=false
12-16 10:36:52.714: D/WindowManager(1667): <onkey up :keyCode:19 dname:å¾®é²¸é¥æŽ§å™¨ devid:14 scan:103 Source:769
12-16 10:36:52.803: W/bt-btif(2904): bta_hh_co_data: UHID write, key code: 0x1, 0x0
12-16 10:36:52.804: W/WindowManager(1667): >>> keyCode=19 down=true
12-16 10:36:52.923: W/bt-btif(2904): bta_hh_co_data: UHID write, key code: 0x1, 0x0
12-16 10:36:52.924: W/WindowManager(1667): >>> keyCode=19 down=false
12-16 10:36:52.924: D/WindowManager(1667): <onkey up :keyCode:19 dname:å¾®é²¸é¥æŽ§å™¨ devid:14 scan:103 Source:769
12-16 10:36:52.993: W/bt-btif(2904): bta_hh_co_data: UHID write, key code: 0x1, 0x0
12-16 10:36:52.993: W/WindowManager(1667): >>> keyCode=19 down=true
12-16 10:36:53.002: E/LocalSocketTransmitVoice(2036): [66] connect to server failed
12-16 10:36:53.123: W/bt-btif(2904): bta_hh_co_data: UHID write, key code: 0x1, 0x0
12-16 10:36:53.125: W/WindowManager(1667): >>> keyCode=19 down=false
12-16 10:36:53.125: D/WindowManager(1667): <onkey up :keyCode:19 dname:å¾®é²¸é¥æŽ§å™¨ devid:14 scan:103 Source:769
12-16 10:36:53.342: D/NetdConnector(1667): SND -> {117 bandwidth gettetherstats}
12-16 10:36:53.343: E/CommandListener(1198): gettetherstats
12-16 10:36:53.343: E/Netd(1198): gettetherstats
12-16 10:36:53.343: E/CommandListener(1198): Tethering stats list completed
12-16 10:36:53.343: E/Netd(1198): Tethering stats list completed
12-16 10:36:53.343: D/NetdConnector(1667): RMV <- {200 117 Tethering stats list completed}
12-16 10:36:53.369: D/NetdConnector(1667): SND -> {118 bandwidth setglobalalert 2097152}
12-16 10:36:53.370: D/NetdConnector(1667): RMV <- {200 118 Bandwidth command succeeeded}
12-16 10:36:53.491: W/ServiceDescriptorBinder(13682): UPnP specification violation: Not producing <retval> element to be compatible with WMP12: (ActionArgument, OUT) CurrentVolume
12-16 10:36:53.492: W/ServiceDescriptorBinder(13682): UPnP specification violation: Not producing <retval> element to be compatible with WMP12: (ActionArgument, OUT) CurrentPresetNameList
12-16 10:36:53.499: W/ServiceDescriptorBinder(13682): UPnP specification violation: Not producing <retval> element to be compatible with WMP12: (ActionArgument, OUT) CurrentMute
12-16 10:36:53.499: W/ServiceDescriptorBinder(13682): UPnP specification violation: Not producing <retval> element to be compatible with WMP12: (ActionArgument, OUT) CurrentLoudness
12-16 10:36:53.500: W/ServiceDescriptorBinder(13682): UPnP specification violation: Not producing <retval> element to be compatible with WMP12: (ActionArgument, OUT) CurrentVolume
12-16 10:36:53.552: I/HLSP2P(3803): ## 2016-12-16 10:36:53.552 [3803,3927,:0] INFO ## [HLSP2P][DownloadManager.cpp:34][INFO][SendHeartBeatMsg][PunchHelper] send heartbeat to punch server(113.108.10.6:8003) ok
12-16 10:36:53.613: W/bt-btif(2904): bta_hh_co_data: UHID write, key code: 0x2, 0x80
12-16 10:36:53.614: W/WindowManager(1667): >>> keyCode=4 down=true
12-16 10:36:53.622: D/JniHelper(14273): JniHelper::getJavaVM(), pthread_self() = -189039872
12-16 10:36:53.625: I/mineBI(14273): {externalSpace=913510.4*953856.0-*-*-*-*-*-*-*-*-*-*-*-*-*-*-*-*, uploadTime=20161216103653, productSN=XX1501VIPTEST00004, event=exit, userId=f6399351449a7ef0617d5730ceb0b968, localSpace=2457.6*4915.2, romVersion=01.24.01, logType=mediaplayer, duration=143, logVersion=01, groupId=631, androidVersion=21, accountId=41054603, deviceTypeNum=usb*18-dmp*16, productLine=helios, currentVipLevel=DVIP, productModel=WTV55K1, firmwareVersion=HELIOSR-01.24.01.1650401, weatherCode=101020100, sysPlatform=yunos}
12-16 10:36:53.626: I/mineBI(14273): http://applog.aginomoto.com/mediaplayerlog/
12-16 10:36:53.627: D/HeliosBIManager(14273): logUrl : http://applog.aginomoto.com/mediaplayerlog/ strategy : DEFAULT
12-16 10:36:53.628: D/BILogManager(2568): logUrl : APP_MEDIAPLAYERLOG strategy : DEFAULT log : {"externalSpace":"913510.4*953856.0-*-*-*-*-*-*-*-*-*-*-*-*-*-*-*-*","uploadTime":"20161216103653","productSN":"XX1501VIPTEST00004","event":"exit","userId":"f6399351449a7ef0617d5730ceb0b968","localSpace":"2457.6*4915.2","romVersion":"01.24.01","logType":"mediaplayer","duration":"143","logVersion":"01","groupId":"631","androidVersion":"21","accountId":"41054603","deviceTypeNum":"usb*18-dmp*16","productLine":"helios","currentVipLevel":"DVIP","productModel":"WTV55K1","firmwareVersion":"HELIOSR-01.24.01.1650401","weatherCode":"101020100","sysPlatform":"yunos"}
12-16 10:36:53.636: I/HLSP2P(3803): ## 2016-12-16 10:36:53.635 [3803,3929,:0] INFO ## [HLSP2P][DownloadManager.cpp:34][INFO][OnHeartbeatRsp][PunchHelper] punch heartbeat rsp ok
12-16 10:36:53.641: D/BILogDBManager(2568): saveLog-rowId : 77794
12-16 10:36:53.644: D/BILogDBManager(2568): getCount-count : 4
12-16 10:36:53.662: D/HeliosDLNA-cn.whaley.dlna.renderer.b(13682): Getting backend volume: 8
12-16 10:36:53.728: D/JniHelper(14273): JniHelper::getJavaVM(), pthread_self() = -189039872
12-16 10:36:53.733: W/ActivityManager(1667): adjustFocusedActivityLocked needToHome:true
12-16 10:36:53.737: W/SurfaceFlinger(1447): captureScreen left 0, top 0 ,right 0,bottom 0
12-16 10:36:53.747: D/SurfaceFlinger(1447): captureScreen: supportWidth = 3840, supportHeight = 2160, maxLayerZ = -1
12-16 10:36:53.748: I/CameraClient(1201): Opening camera 5
12-16 10:36:53.748: I/CameraHAL(1201): camera_device open
12-16 10:36:53.748: D/CameraHAL(1201): create xcdiphardware0 =============
12-16 10:36:53.756: E/XCDipHardware_einstein(1201): NULL window object
12-16 10:36:53.756: D/XCDipHardware_einstein(1201): [XCDipHardware]:Basic Init done
12-16 10:36:53.770: E/XCDipHardware_einstein(1201): Not use CMA!
12-16 10:36:53.770: D/XCDipHardware_einstein(1201): [XCDipHardware]----------------E_DFB_JPD_WRITE----------------
12-16 10:36:53.770: D/XCDipHardware_einstein(1201): [XCDipHardware]:XC Init paStart 14100000 paEnd 15100000 size 01000000
12-16 10:36:53.770: D/(1201): [XC,Version][0;36m 
12-16 10:36:53.770: D/(1201): 0
12-16 10:36:53.770: D/(1201): 0
12-16 10:36:53.770: D/(1201): 7
12-16 10:36:53.770: D/(1201): 0
12-16 10:36:53.770: D/(1201): 9
12-16 10:36:53.770: D/(1201): 8
12-16 10:36:53.770: D/(1201): 0
12-16 10:36:53.770: D/(1201): 1
12-16 10:36:53.770: D/(1201):  [m
12-16 10:36:53.770: D/XCDipHardware_einstein(1201): [XCDipHardware]:XC Init done
12-16 10:36:53.777: D/tvini(1201): projectIDSpiAddr=0x0 
