12-16 10:37:10.400: D/BILogManager(2568): logUrl : TV_ROMLOG strategy : DEFAULT log : {"logVersion":"02","logType":"event","happenTime":1481855830374,"eventId":"whaley-rom-wifi-cyc-info","params":{"CycContent":"rssi[0] -56  rssi[1] -46  rssi[2] 0  ,-46,143ms"}}
12-16 10:37:10.410: D/BILogDBManager(2568): saveLog-rowId : 77803
12-16 10:37:10.411: D/BILogDBManager(2568): getCount-count : 3
12-16 10:37:10.414: W/bt-btif(2904): bta_hh_co_data: UHID write, key code: 0x1, 0x0
12-16 10:37:10.415: W/WindowManager(1667): >>> keyCode=22 down=true
12-16 10:37:10.544: W/bt-btif(2904): bta_hh_co_data: UHID write, key code: 0x1, 0x0
12-16 10:37:10.545: W/WindowManager(1667): >>> keyCode=22 down=false
12-16 10:37:10.545: D/WindowManager(1667): <onkey up :keyCode:22 dname:å¾®é²¸é¥æŽ§å™¨ devid:14 scan:106 Source:769
12-16 10:37:10.673: W/bt-btif(2904): bta_hh_co_data: UHID write, key code: 0x1, 0x0
12-16 10:37:10.674: W/WindowManager(1667): >>> keyCode=22 down=true
12-16 10:37:10.685: D/WifiNative-wlan0(1667): doString: [SIGNAL_POLL]
12-16 10:37:10.691: E/WifiConfigStore(1667): updateConfiguration freq=5765 BSSID=d4:68:ba:81:46:e3 RSSI=-45 "SmartHome"WPA_PSK
12-16 10:37:10.774: W/bt-btif(2904): bta_hh_co_data: UHID write, key code: 0x1, 0x0
12-16 10:37:10.776: W/WindowManager(1667): >>> keyCode=22 down=false
12-16 10:37:10.779: D/WindowManager(1667): <onkey up :keyCode:22 dname:å¾®é²¸é¥æŽ§å™¨ devid:14 scan:106 Source:769
12-16 10:37:10.820: I/SLK: :[BroadcastManager$2.onSuccess(Line:197)](2808): send broadcast success : Bundle[{data=[]}]
12-16 10:37:10.996: D/AdHttpDownload(3048): download count: 20370916 ; length : 25803000 ; progress : 75
12-16 10:37:11.009: E/LocalSocketTransmitVoice(2036): [66] connect to server failed
12-16 10:37:11.043: D/NetdConnector(1667): SND -> {131 bandwidth gettetherstats}
12-16 10:37:11.043: E/CommandListener(1198): gettetherstats
12-16 10:37:11.043: E/Netd(1198): gettetherstats
12-16 10:37:11.043: E/CommandListener(1198): Tethering stats list completed
12-16 10:37:11.043: E/Netd(1198): Tethering stats list completed
12-16 10:37:11.044: D/NetdConnector(1667): RMV <- {200 131 Tethering stats list completed}
12-16 10:37:11.245: W/bt-btif(2904): bta_hh_co_data: UHID write, key code: 0x1, 0x0
12-16 10:37:11.245: W/bt-btif(2904): bta_hh_co_data: UHID write, key code: 0x1, 0x0
12-16 10:37:11.245: W/WindowManager(1667): >>> keyCode=20 down=true
12-16 10:37:11.246: W/WindowManager(1667): >>> keyCode=20 down=false
12-16 10:37:11.246: D/WindowManager(1667): <onkey up :keyCode:20 dname:å¾®é²¸é¥æŽ§å™¨ devid:14 scan:108 Source:769
12-16 10:37:11.274: W/bt-btif(2904): bta_hh_co_data: UHID write, key code: 0x1, 0x0
12-16 10:37:11.277: W/WindowManager(1667): >>> keyCode=20 down=true
12-16 10:37:11.287: D/NetdConnector(1667): SND -> {132 bandwidth setglobalalert 2097152}
12-16 10:37:11.289: D/NetdConnector(1667): RMV <- {200 132 Bandwidth command succeeeded}
12-16 10:37:11.384: W/bt-btif(2904): bta_hh_co_data: UHID write, key code: 0x1, 0x0
12-16 10:37:11.384: W/WindowManager(1667): >>> keyCode=20 down=false
12-16 10:37:11.385: D/WindowManager(1667): <onkey up :keyCode:20 dname:å¾®é²¸é¥æŽ§å™¨ devid:14 scan:108 Source:769
12-16 10:37:11.504: I/HLSP2P(3803): ## 2016-12-16 10:37:11.504 [3803,3927,:0] INFO ## [HLSP2P][DownloadManager.cpp:34][INFO][TryAdjustCacheSize]system memory total size: 1928M, free size: 763M, cache add to 100MB, AppState: 14
12-16 10:37:11.538: I/HLSP2P(3803): ## 2016-12-16 10:37:11.538 [3803,3926,:0] INFO ## [HLSP2P][DownloadManager.cpp:34][DEBUG][HttpDomainResolve]connect dns server ok, elapse 32 ms
12-16 10:37:11.539: I/HLSP2P(3803): ## 2016-12-16 10:37:11.539 [3803,3926,:0] INFO ## [HLSP2P][DownloadManager.cpp:34][DEBUG][HttpDomainResolve]send http request ok
12-16 10:37:11.576: I/HLSP2P(3803): ## 2016-12-16 10:37:11.576 [3803,3926,:0] INFO ## [HLSP2P][DownloadManager.cpp:34][DEBUG][HttpDomainResolve]recv complete, elapse 36 ms
12-16 10:37:11.577: I/HLSP2P(3803): ## 2016-12-16 10:37:11.576 [3803,3926,:0] INFO ## [HLSP2P][DownloadManager.cpp:34][DEBUG][GetCGIResult]dns ok, host = btrace.play.ott.video.qq.com, ip = 59.37.96.240, elpase = 71 ms
12-16 10:37:11.699: I/HLSP2P(3803): ## 2016-12-16 10:37:11.699 [3803,3926,:0] INFO ## [HLSP2P][DownloadManager.cpp:34][DEBUG][GetCGIResult]dns ok, host = btrace.play.ott.video.qq.com, ip = 59.37.96.240, elpase = 0 ms
12-16 10:37:11.794: W/bt-btif(2904): bta_hh_co_data: UHID write, key code: 0x1, 0x0
12-16 10:37:11.795: W/WindowManager(1667): >>> keyCode=20 down=true
12-16 10:37:11.835: I/HLSP2P(3803): ## 2016-12-16 10:37:11.835 [3803,3926,:0] INFO ## [HLSP2P][DownloadManager.cpp:34][DEBUG][GetCGIResult]dns ok, host = btrace.play.ott.video.qq.com, ip = 59.37.96.240, elpase = 0 ms
12-16 10:37:11.933: W/bt-btif(2904): bta_hh_co_data: UHID write, key code: 0x1, 0x0
12-16 10:37:11.934: W/WindowManager(1667): >>> keyCode=20 down=false
12-16 10:37:11.934: D/WindowManager(1667): <onkey up :keyCode:20 dname:å¾®é²¸é¥æŽ§å™¨ devid:14 scan:108 Source:769
12-16 10:37:12.033: W/bt-btif(2904): bta_hh_co_data: UHID write, key code: 0x1, 0x0
12-16 10:37:12.034: W/WindowManager(1667): >>> keyCode=20 down=true
12-16 10:37:12.143: W/bt-btif(2904): bta_hh_co_data: UHID write, key code: 0x1, 0x0
12-16 10:37:12.144: W/WindowManager(1667): >>> keyCode=20 down=false
12-16 10:37:12.144: D/WindowManager(1667): <onkey up :keyCode:20 dname:å¾®é²¸é¥æŽ§å™¨ devid:14 scan:108 Source:769
12-16 10:37:12.253: W/bt-btif(2904): bta_hh_co_data: UHID write, key code: 0x1, 0x0
12-16 10:37:12.254: W/WindowManager(1667): >>> keyCode=20 down=true
12-16 10:37:12.374: W/bt-btif(2904): bta_hh_co_data: UHID write, key code: 0x1, 0x0
12-16 10:37:12.374: W/WindowManager(1667): >>> keyCode=20 down=false
12-16 10:37:12.377: D/WindowManager(1667): <onkey up :keyCode:20 dname:å¾®é²¸é¥æŽ§å™¨ devid:14 scan:108 Source:769
12-16 10:37:12.474: W/bt-btif(2904): bta_hh_co_data: UHID write, key code: 0x1, 0x0
12-16 10:37:12.475: W/WindowManager(1667): >>> keyCode=20 down=true
12-16 10:37:12.488: D/ConnectivityService(1667): wifiConnected, ping www.baidu.com Ok. data=2112ms
12-16 10:37:12.594: W/bt-btif(2904): bta_hh_co_data: UHID write, key code: 0x1, 0x0
12-16 10:37:12.595: W/WindowManager(1667): >>> keyCode=20 down=false
12-16 10:37:12.595: D/WindowManager(1667): <onkey up :keyCode:20 dname:å¾®é²¸é¥æŽ§å™¨ devid:14 scan:108 Source:769
12-16 10:37:12.714: W/bt-btif(2904): bta_hh_co_data: UHID write, key code: 0x1, 0x0
12-16 10:37:12.714: W/WindowManager(1667): >>> keyCode=20 down=true
12-16 10:37:12.834: W/bt-btif(2904): bta_hh_co_data: UHID write, key code: 0x1, 0x0
12-16 10:37:12.834: W/WindowManager(1667): >>> keyCode=20 down=false
12-16 10:37:12.835: D/WindowManager(1667): <onkey up :keyCode:20 dname:å¾®é²¸é¥æŽ§å™¨ devid:14 scan:108 Source:769
12-16 10:37:12.857: I/SLK: TransportManager:[FamilyTransportManager$4.onComplete(Line:1787)](2808):  get udp Broadcast : []
12-16 10:37:12.857: I/SLK: :[BroadcastManager$2.onSuccess(Line:197)](2808): send broadcast success : Bundle[{data=[]}]
12-16 10:37:13.004: W/bt-btif(2904): bta_hh_co_data: UHID write, key code: 0x1, 0x0
12-16 10:37:13.004: W/WindowManager(1667): >>> keyCode=20 down=true
12-16 10:37:13.010: E/LocalSocketTransmitVoice(2036): [66] connect to server failed
12-16 10:37:13.164: W/bt-btif(2904): bta_hh_co_data: UHID write, key code: 0x1, 0x0
12-16 10:37:13.165: W/WindowManager(1667): >>> keyCode=20 down=false
12-16 10:37:13.165: D/WindowManager(1667): <onkey up :keyCode:20 dname:å¾®é²¸é¥æŽ§å™¨ devid:14 scan:108 Source:769
12-16 10:37:13.340: D/AdHttpDownload(3048): download count: 21729364 ; length : 25803000 ; progress : 80
12-16 10:37:13.696: D/WifiNative-wlan0(1667): doString: [SIGNAL_POLL]
12-16 10:37:13.700: E/WifiConfigStore(1667): updateConfiguration freq=5765 BSSID=d4:68:ba:81:46:e3 RSSI=-45 "SmartHome"WPA_PSK
12-16 10:37:13.834: W/bt-btif(2904): bta_hh_co_data: UHID write, key code: 0x1, 0x0
12-16 10:37:13.835: W/WindowManager(1667): >>> keyCode=22 down=true
12-16 10:37:13.984: W/bt-btif(2904): bta_hh_co_data: UHID write, key code: 0x1, 0x0
12-16 10:37:13.984: W/WindowManager(1667): >>> keyCode=22 down=false
12-16 10:37:13.985: D/WindowManager(1667): <onkey up :keyCode:22 dname:å¾®é²¸é¥æŽ§å™¨ devid:14 scan:106 Source:769
12-16 10:37:14.006: I/HLSP2P(3950): ## 2016-12-16 10:37:14.006 [3950,4077,:0] INFO ## [HLSP2P][DownloadManager.cpp:34][INFO][TryAdjustCacheSize]system memory total size: 1928M, free size: 767M, cache add to 100MB, AppState: 14
12-16 10:37:14.029: I/HLSP2P(3950): ## 2016-12-16 10:37:14.028 [3950,4076,:0] INFO ## [HLSP2P][DownloadManager.cpp:34][DEBUG][HttpDomainResolve]connect dns server ok, elapse 21 ms
12-16 10:37:14.033: I/HLSP2P(3950): ## 2016-12-16 10:37:14.029 [3950,4076,:0] INFO ## [HLSP2P][DownloadManager.cpp:34][DEBUG][HttpDomainResolve]send http request ok
12-16 10:37:14.052: I/HLSP2P(3950): ## 2016-12-16 10:37:14.052 [3950,4076,:0] INFO ## [HLSP2P][DownloadManager.cpp:34][DEBUG][HttpDomainResolve]recv complete, elapse 21 ms
12-16 10:37:14.053: I/HLSP2P(3950): ## 2016-12-16 10:37:14.053 [3950,4076,:0] INFO ## [HLSP2P][DownloadManager.cpp:34][DEBUG][GetCGIResult]dns ok, host = btrace.play.ott.video.qq.com, ip = 59.37.96.240, elpase = 45 ms
12-16 10:37:14.055: W/bt-btif(2904): bta_hh_co_data: UHID write, key code: 0x1, 0x0
12-16 10:37:14.055: W/WindowManager(1667): >>> keyCode=22 down=true
12-16 10:37:14.214: W/bt-btif(2904): bta_hh_co_data: UHID write, key code: 0x1, 0x0
12-16 10:37:14.214: W/WindowManager(1667): >>> keyCode=22 down=false
12-16 10:37:14.215: D/WindowManager(1667): <onkey up :keyCode:22 dname:å¾®é²¸é¥æŽ§å™¨ devid:14 scan:106 Source:769
12-16 10:37:14.636: I/HeliosLauncher*TimeItemView(2331): mRunnableTime synctime=true
12-16 10:37:14.639: D/WifiHW(1667): ===>[detect_wifi_device]
12-16 10:37:14.674: D/NetdConnector(1667): SND -> {133 bandwidth gettetherstats}
12-16 10:37:14.674: E/CommandListener(1198): gettetherstats
12-16 10:37:14.674: E/Netd(1198): gettetherstats
12-16 10:37:14.674: E/CommandListener(1198): Tethering stats list completed
12-16 10:37:14.674: E/Netd(1198): Tethering stats list completed
12-16 10:37:14.675: D/NetdConnector(1667): RMV <- {200 133 Tethering stats list completed}
12-16 10:37:14.698: D/NetdConnector(1667): SND -> {134 bandwidth setglobalalert 2097152}
12-16 10:37:14.700: D/NetdConnector(1667): RMV <- {200 134 Bandwidth command succeeeded}
12-16 10:37:14.889: I/SLK: :[BroadcastManager$2.onSuccess(Line:197)](2808): send broadcast success : Bundle[{data=[]}]
12-16 10:37:14.974: W/bt-btif(2904): bta_hh_co_data: UHID write, key code: 0x1, 0x0
12-16 10:37:14.975: W/WindowManager(1667): >>> keyCode=20 down=true
12-16 10:37:15.011: E/LocalSocketTransmitVoice(2036): [66] connect to server failed
12-16 10:37:15.114: W/bt-btif(2904): bta_hh_co_data: UHID write, key code: 0x1, 0x0
12-16 10:37:15.114: W/WindowManager(1667): >>> keyCode=20 down=false
12-16 10:37:15.115: D/WindowManager(1667): <onkey up :keyCode:20 dname:å¾®é²¸é¥æŽ§å™¨ devid:14 scan:108 Source:769
12-16 10:37:15.187: I/HLSP2P(3950): ## 2016-12-16 10:37:15.186 [3950,4076,:0] INFO ## [HLSP2P][DownloadManager.cpp:34][DEBUG][GetCGIResult]dns ok, host = btrace.play.ott.video.qq.com, ip = 59.37.96.240, elpase = 0 ms
12-16 10:37:15.343: I/HLSP2P(3950): ## 2016-12-16 10:37:15.343 [3950,4076,:0] INFO ## [HLSP2P][DownloadManager.cpp:34][DEBUG][GetCGIResult]dns ok, host = btrace.play.ott.video.qq.com, ip = 59.37.96.240, elpase = 0 ms
12-16 10:37:15.479: D/AdHttpDownload(3048): download count: 23086972 ; length : 25803000 ; progress : 85
12-16 10:37:15.488: E/WifiManager(1667): getDhcpInfo().
12-16 10:37:15.488: D/ConnectivityService(1667): avgrssi = -46
12-16 10:37:15.513: I/rssi.sh(16044): BCM43569
12-16 10:37:15.520: D/ConnectivityService(1667): init.svc.rssimonitor =running
12-16 10:37:15.524: I/rssi.sh(16044): shell---rssi->>>rssi[0] -57 rssi[1] -45 rssi[2] 0
12-16 10:37:15.543: W/bt-btif(2904): bta_hh_co_data: UHID write, key code: 0x1, 0x0
12-16 10:37:15.544: W/WindowManager(1667): >>> keyCode=22 down=true
12-16 10:37:15.567: I/rssi.sh(16044): getprop wifi.rf.rssi:rssi[0] -57 rssi[1] -45 rssi[2] 0
12-16 10:37:15.580: D/ConnectivityService(1667): cyc_rssi=rssi[0] -57  rssi[1] -45  rssi[2] 0  2112ms
12-16 10:37:15.580: D/ConnectivityService(1667): CycConetent is rssi[0] -57  rssi[1] -45  rssi[2] 0  ,-46,2112ms
12-16 10:37:15.601: D/HeliosBIReceiver(2568): intent : Intent { act=com.helios.middleware.bi.action.UPLOADLOG flg=0x10 cmp=com.helios.middleware.iservice/com.helios.middleware.bi.HeliosBIReceiver (has extras) }
12-16 10:37:15.601: D/HeliosBIReceiver(2568): logUrl : 28 strategy : 1 log : {"logVersion":"02","logType":"event","happenTime":1481855835580,"eventId":"whaley-rom-wifi-cyc-info","params":{"CycContent":"rssi[0] -57  rssi[1] -45  rssi[2] 0  ,-46,2112ms"}}
12-16 10:37:15.601: D/BILogManager(2568): logUrl : TV_ROMLOG strategy : DEFAULT log : {"logVersion":"02","logType":"event","happenTime":1481855835580,"eventId":"whaley-rom-wifi-cyc-info","params":{"CycContent":"rssi[0] -57  rssi[1] -45  rssi[2] 0  ,-46,2112ms"}}
12-16 10:37:15.609: D/BILogDBManager(2568): saveLog-rowId : 77804
12-16 10:37:15.610: D/BILogDBManager(2568): getCount-count : 4
12-16 10:37:15.684: W/bt-btif(2904): bta_hh_co_data: UHID write, key code: 0x1, 0x0
12-16 10:37:15.685: W/WindowManager(1667): >>> keyCode=22 down=false
12-16 10:37:15.685: D/WindowManager(1667): <onkey up :keyCode:22 dname:å¾®é²¸é¥æŽ§å™¨ devid:14 scan:106 Source:769
12-16 10:37:15.715: D/ConnectivityService(1667): wifiConnected, ping www.baidu.com Ok. data=134ms
12-16 10:37:15.963: W/bt-btif(2904): bta_hh_co_data: UHID write, key code: 0x1, 0x0
12-16 10:37:15.964: W/WindowManager(1667): >>> keyCode=23 down=true
12-16 10:37:16.093: W/bt-btif(2904): bta_hh_co_data: UHID write, key code: 0x1, 0x0
12-16 10:37:16.094: W/WindowManager(1667): >>> keyCode=23 down=false
12-16 10:37:16.096: D/WindowManager(1667): <onkey up :keyCode:23 dname:å¾®é²¸é¥æŽ§å™¨ devid:14 scan:28 Source:769
12-16 10:37:16.100: D/JniHelper(15923): JniHelper::getJavaVM(), pthread_self() = -189036672
12-16 10:37:16.101: E/CosCos2DAdapter(15923): setCurrentDevice , device = {"id":"add","devicesName":"","type":5,"usedSize":"","totalSize":""}
12-16 10:37:16.111: D/JniHelper(15923): JniHelper::getJavaVM(), pthread_self() = -189036672
12-16 10:37:16.119: I/HLSP2P(3950): ## 2016-12-16 10:37:16.119 [3950,4077,:0] INFO ## [HLSP2P][DownloadManager.cpp:34][INFO][SendHeartBeatMsg][PunchHelper] send heartbeat to punch server(182.131.19.174:8002) ok
12-16 10:37:16.177: I/HLSP2P(3950): ## 2016-12-16 10:37:16.177 [3950,4079,:0] INFO ## [HLSP2P][DownloadManager.cpp:34][INFO][OnHeartbeatRsp][PunchHelper] punch heartbeat rsp ok
12-16 10:37:16.704: D/WifiNative-wlan0(1667): doString: [SIGNAL_POLL]
12-16 10:37:16.709: E/WifiConfigStore(1667): updateConfiguration freq=5765 BSSID=d4:68:ba:81:46:e3 RSSI=-45 "SmartHome"WPA_PSK
12-16 10:37:16.858: I/HLSP2P(3617): ## 2016-12-16 10:37:16.858 [3617,3757,:0] INFO ## [HLSP2P][DownloadManager.cpp:34][INFO][TryAdjustCacheSize]system memory total size: 1928M, free size: 748M, cache add to 100MB, AppState: 14
12-16 10:37:16.928: I/SLK: :[BroadcastManager$2.onSuccess(Line:197)](2808): send broadcast success : Bundle[{data=[]}]
12-16 10:37:17.012: E/LocalSocketTransmitVoice(2036): [66] connect to server failed
12-16 10:37:17.033: W/bt-btif(2904): bta_hh_co_data: UHID write, key code: 0x2, 0x80
12-16 10:37:17.034: W/WindowManager(1667): >>> keyCode=4 down=true
12-16 10:37:17.129: I/tvos(1206): [37m[INFO] Change to Voltage: 102 mv (0x23)[m
12-16 10:37:17.183: W/bt-btif(2904): bta_hh_co_data: UHID write, key code: 0x2, 0x0
12-16 10:37:17.184: W/WindowManager(1667): >>> keyCode=4 down=false
12-16 10:37:17.184: D/WindowManager(1667): <onkey up :keyCode:4 dname:å¾®é²¸é¥æŽ§å™¨ devid:14 scan:158 Source:769
12-16 10:37:17.428: I/tvos(1206): [37m[INFO] Change to Voltage: 117 mv (0x32)[m
12-16 10:37:17.543: D/JniHelper(15923): JniHelper::getJavaVM(), pthread_self() = -189036672
12-16 10:37:17.546: E/UsbBroadcasthelper(15923): path = /storage/emulated/0, labelName = null
12-16 10:37:17.569: D/NetdConnector(1667): SND -> {135 bandwidth gettetherstats}
12-16 10:37:17.569: E/CommandListener(1198): gettetherstats
12-16 10:37:17.569: E/Netd(1198): gettetherstats
12-16 10:37:17.569: E/CommandListener(1198): Tethering stats list completed
12-16 10:37:17.569: E/Netd(1198): Tethering stats list completed
12-16 10:37:17.570: D/NetdConnector(1667): RMV <- {200 135 Tethering stats list completed}
12-16 10:37:17.587: D/NetdConnector(1667): SND -> {136 bandwidth setglobalalert 2097152}
12-16 10:37:17.591: D/NetdConnector(1667): RMV <- {200 136 Bandwidth command succeeeded}
12-16 10:37:17.651: D/AdHttpDownload(3048): download count: 24445052 ; length : 25803000 ; progress : 90
12-16 10:37:17.807: D/MtaReportMng(3950): ## 2016-12-16 10:37:17.807 [3950,16054,:0] DEBUG ## [MtaReportMng]reportMtaData, eventId: unisdk_auto_get_app_run_list
12-16 10:37:17.808: I/MtaReportMng(3950): ## 2016-12-16 10:37:17.808 [3950,16054,:0] INFO ## [MtaReportMng]parseKV, pr: VIDEO
12-16 10:37:17.809: I/MtaSDK(3950): [pool-3-thread-1(234): null:-1] - sendFailedCount=0
12-16 10:37:17.809: I/MtaSDK(3950): [pool-3-thread-1(234): null:-1] - strategy=INSTANT
12-16 10:37:17.810: I/MtaSDK(3950): [pool-8-thread-1(262): null:-1] - [http://omgmta.play.ott.video.qq.com:80/mstat/report/?index=1167652853]Send request(1197bytes), content:[{"ky":"IZ663AV9QUDV|API25MQQZ31K","et":1000,"ui":"55633403","mc":"48:a9:d2:42:16:a4","ut":1,"av":"1.2.7","ch":"10009","mid":"749f84a887b5b5884e44aa61350c622f7909e46a","idx":42011,"si":1886539565,"ts":1481855837,"dts":0,"os":1,"ov":"21","md":"WTV55K1","jb":0,"mf":"Whaley Technology Co.,Ltd","ei":"unisdk_auto_get_app_run_list","kv":{"all_sdk_vers":"shell_versCode: 113, shell_vers: 2.1.1.3, plugin_sdk_name: unisdk, plugin_sdk_versCode: 113, report_sdk_vers: V2.0.4, rotate_sdk_vers: V2.0.4, charge_sdk_vers: V2.0.3, player_sdk_vers: V4.0.000.1601, player_shell_vers: V3.0.0, project_sdk_vers: V2.0.0","live_time":"600","pull_from":"100700","report_system_time":"1481855837807","page_id":"","from_app_pkg":"com.helios.vod","guid":"076883D400E081E142ED046B567A58DA","page_step":"","appid":"101161688","eth_mac":"9c:a6:9d:10:00:b3","qua":"QV=1&PR=VIDEO&PT=WEIJING&CHID=10009&RL=1920*1080&VN=1.2.7&VN_CODE=312&SV=5.0.2&DV=helios&VN_BUILD=0&MD=WTV55K1&BD=pitaya&TVKPlatform=580603&PluginInfo=2.1.1.3_113","openid":"","ref_page_id":"","openid_type":"","access_token":"","forground_app":"com.helios.mediaplayer","apk_name":"com.helios.vod","last_run_app":"com.helios.mediaplayer","report_span":"300"}}]
12-16 10:37:17.811: D/MtaSDK(3950): [pool-8-thread-1(262): null:-1] - before Gzip:1197 bytes, after Gzip:707 bytes
12-16 10:37:17.837: E/UsbBroadcasthelper(15923): path = /mnt/usb/sda1, labelName = ç§»åŠ¨ç¡¬ç›˜
12-16 10:37:17.837: I/TAG(15923): rootList = 2
12-16 10:37:17.837: I/MediaPlayUtil(15923): onInsert ....
12-16 10:37:17.837: I/MediaPlayUtil(15923): enter setUsbData 
12-16 10:37:17.837: E/MediaPlayUtil(15923): mSambaData size = 0
12-16 10:37:17.837: E/MediaPlayUtil(15923): setUsbData , mAllDevicesData size = 18
12-16 10:37:17.842: E/MediaPlayUtil(15923): setUsbData  data = [{"devicesName":"","id":"/storage/emulated/0","name":"0","path":"/storage/emulated/0","totalSize":"4.8 GB","usedSize":"2.4 GB","type":2},{"devicesName":"%E7%A7%BB%E5%8A%A8%E7%A1%AC%E7%9B%98","id":"%E7%A7%BB%E5%8A%A8%E7%A1%AC%E7%9B%98/mnt/usb/sda1","name":"sda1","path":"/mnt/usb/sda1","totalSize":"931.5 GB","usedSize":"892.1 GB","type":4},{"devicesName":"XIAHENG-PC: xiaheng:","id":"XIAHENG-PC: xiaheng:","index":"uuid:6a8c2321-dedb-4799-9225-5bcdc3877a15","path":"","type":0},{"devicesName":"ADMIN-PC: gaoya:","id":"ADMIN-PC: gaoya:","index":"uuid:e95325b3-6db8-4ffb-bf95-dfa1f7fd52dc","path":"","type":0},{"devicesName":"TANYA-PC: tanya:","id":"TANYA-PC: tanya:","index":"uuid:cd94647b-f5c1-4abd-a311-0996184b7ff0","path":"","type":0},{"devicesName":"20160329CY10: Administrator:","id":"20160329CY10: Administrator:","index":"uuid:c03ba3c6-be53-431e-b0ef-7b8bc3a2fde6","path":"","type":0},{"devicesName":"20160310XB01: hc:","id":"20160310XB01: hc:","index":"uuid:1d71a3e3-336a-41d3-8a20-498776695c34","path":"","type":0},{"devicesName":"HC-PC: hc:","id":"HC-PC: hc:","index":"uuid:6a0c40a9-2f45-4cd8-87a8-ebc777bc4467","path":"","type":0},{"devicesName":"WHALEY-PC: whaley:","id":"WHALEY-PC: whaley:","index":"uuid:450b8222-4583-4a2d-8231-7b13bac41e64","path":"","type":0},{"devicesName":"LUCAS-PC: hc:","id":"LUCAS-PC: hc:","index":"uuid:c4e0270b-d29c-47d2-ad26-cd766fe7725d","path":"","type":0},{"devicesName":"WIN-M99QQPA6UT5: Administrator:","id":"WIN-M99QQPA6UT5: Administrator:","index":"uuid:023a723c-0518-49db-adae-4933882846e7","path":"","type":0},{"devicesName":"WHALEY-PC: whaley:","id":"WHALEY-PC: whaley:","index":"uuid:069b1ea8-e713-4295-a445-7ce47065cc36","path":"","type":0},{"devicesName":"WHALEY-PC: whaley:","id":"WHALEY-PC: whaley:","index":"uuid:192e06de-0a22-43f3-8b2c-d216a645e4f9","path":"","type":0},{"devicesName":"AHLIN-PC: Ahlin:","id":"AHLIN-PC: Ahlin:","index":"uuid:5872c655-d6f3-4881-a60a-d0e9039bc577","path":"","type":0},{"devicesName":"DELL-PC: dell:","id":"DELL-PC: dell:","index":"uuid:e781fe0b-79e4-407b-80b9-1ef82383fa31","path":"","type":0},{"devicesName":"WHALEY-PC: OPPLE:","id":"WHALEY-PC: OPPLE:","index":"uuid:f4fe3b42-ec4d-4230-991c-5289b6d8af6b","path":"","type":0},{"devicesName":"20150522S11: Martin:","id":"20150522S11: Martin:","index":"uuid:4ef08aed-ec9c-4a64-a6f4-09ba1ef1ef51","path":"","type":0},{"devicesName":"HC-PC: hc:","id":"HC-PC: hc:","index":"uuid:e54ce558-0148-406c-8b5d-7f8f250cf688","path":"","type":0}]
12-16 10:37:17.842: I/MediaPlayUtil(15923): Get exist deviceList
12-16 10:37:18.004: I/MtaSDK(3950): [pool-8-thread-1(262): null:-1] - http recv response status code:200, content length:29
12-16 10:37:18.005: I/MtaSDK(3950): [pool-8-thread-1(262): null:-1] - http get response data:{"ret":0}
12-16 10:37:18.089: I/MtaSDK(3803): [pool-3-thread-1(228): null:-1] - sendFailedCount=0
12-16 10:37:18.090: D/MtaReportMng(3803): ## 2016-12-16 10:37:18.088 [3803,16056,:0] DEBUG ## [MtaReportMng]reportMtaData, eventId: unisdk_auto_get_app_run_list
12-16 10:37:18.091: I/MtaReportMng(3803): ## 2016-12-16 10:37:18.088 [3803,16056,:0] INFO ## [MtaReportMng]parseKV, pr: VIDEO
12-16 10:37:18.094: I/MtaSDK(3803): [pool-3-thread-1(228): null:-1] - strategy=INSTANT
12-16 10:37:18.099: I/MtaSDK(3803): [pool-7-thread-1(257): null:-1] - [http://omgmta.play.ott.video.qq.com:80/mstat/report/?index=1167652850]Send request(1202bytes), content:[{"ky":"IZ663AV9QUDV|API25MQQZ31K","et":1000,"ui":"347875625","mc":"48:a9:d2:42:16:a4","ut":1,"av":"1.0.7","ch":"10009","mid":"749f84a887b5b5884e44aa61350c622f7909e46a","idx":15011,"si":32539352,"ts":1481855838,"dts":0,"os":1,"ov":"21","md":"WTV55K1","jb":0,"mf":"Whaley Technology Co.,Ltd","ei":"unisdk_auto_get_app_run_list","kv":{"all_sdk_vers":"shell_versCode: 113, shell_vers: 2.1.1.3, plugin_sdk_name: unisdk, plugin_sdk_versCode: 113, report_sdk_vers: V2.0.4, rotate_sdk_vers: V2.0.4, charge_sdk_vers: V2.0.3, player_sdk_vers: V4.0.000.1601, player_shell_vers: V3.0.0, project_sdk_vers: V2.0.0","live_time":"900","pull_from":"100700","report_system_time":"1481855838087","page_id":"","from_app_pkg":"com.helios.sports","guid":"076883D400E081E142ED046B567A58DA","page_step":"","appid":"101161688","eth_mac":"9c:a6:9d:10:00:b3","qua":"QV=1&PR=VIDEO&PT=WEIJING&CHID=10009&RL=1920*1080&VN=1.0.7&VN_CODE=211&SV=5.0.2&DV=helios&VN_BUILD=0&MD=WTV55K1&BD=pitaya&TVKPlatform=580603&PluginInfo=2.1.1.3_113","openid":"","ref_page_id":"","openid_type":"","access_token":"","forground_app":"com.helios.mediaplayer","apk_name":"com.helios.sports","last_run_app":"com.helios.mediaplayer","report_span":"300"}}]
12-16 10:37:18.102: D/MtaSDK(3803): [pool-7-thread-1(257): null:-1] - before Gzip:1202 bytes, after Gzip:707 bytes
12-16 10:37:18.133: I/tvos(1206): [37m[INFO] Change to Voltage: 102 mv (0x23)[m
12-16 10:37:18.169: D/MtaReportMng(3617): ## 2016-12-16 10:37:18.168 [3617,16058,:0] DEBUG ## [MtaReportMng]reportMtaData, eventId: unisdk_auto_get_app_run_list
12-16 10:37:18.170: I/MtaSDK(3617): [pool-3-thread-1(218): null:-1] - sendFailedCount=0
12-16 10:37:18.170: I/MtaSDK(3617): [pool-3-thread-1(218): null:-1] - strategy=INSTANT
12-16 10:37:18.172: I/MtaSDK(3617): [pool-7-thread-1(239): null:-1] - [http://omgmta.play.ott.video.qq.com:80/mstat/report/?index=1167652846]Send request(1200bytes), content:[{"ky":"IZ663AV9QUDV|API25MQQZ31K","et":1000,"ui":"572231184","mc":"48:a9:d2:42:16:a4","ut":1,"av":"1.0.8","ch":"10009","mid":"749f84a887b5b5884e44aa61350c622f7909e46a","idx":19011,"si":1577221533,"ts":1481855838,"dts":0,"os":1,"ov":"21","md":"WTV55K1","jb":0,"mf":"Whaley Technology Co.,Ltd","ei":"unisdk_auto_get_app_run_list","kv":{"all_sdk_vers":"shell_versCode: 113, shell_vers: 2.1.1.3, plugin_sdk_name: unisdk, plugin_sdk_versCode: 113, report_sdk_vers: V2.0.4, rotate_sdk_vers: V2.0.4, charge_sdk_vers: V2.0.3, player_sdk_vers: V4.0.000.1601, player_shell_vers: V3.0.0, project_sdk_vers: V2.0.0","live_time":"900","pull_from":"100700","report_system_time":"1481855838168","page_id":"","from_app_pkg":"com.helios.kids","guid":"076883D400E081E142ED046B567A58DA","page_step":"","appid":"101161688","eth_mac":"9c:a6:9d:10:00:b3","qua":"QV=1&PR=VIDEO&PT=WEIJING&CHID=10009&RL=1920*1080&VN=1.0.8&VN_CODE=208&SV=5.0.2&DV=helios&VN_BUILD=0&MD=WTV55K1&BD=pitaya&TVKPlatform=580603&PluginInfo=2.1.1.3_113","openid":"","ref_page_id":"","openid_type":"","access_token":"","forground_app":"com.helios.mediaplayer","apk_name":"com.helios.kids","last_run_app":"com.helios.mediaplayer","report_span":"300"}}]
12-16 10:37:18.173: I/MtaReportMng(3617): ## 2016-12-16 10:37:18.169 [3617,16058,:0] INFO ## [MtaReportMng]parseKV, pr: VIDEO
12-16 10:37:18.175: D/MtaSDK(3617): [pool-7-thread-1(239): null:-1] - before Gzip:1200 bytes, after Gzip:706 bytes
12-16 10:37:18.252: I/MtaSDK(3803): [pool-7-thread-1(257): null:-1] - http recv response status code:200, content length:29
12-16 10:37:18.253: I/MtaSDK(3803): [pool-7-thread-1(257): null:-1] - http get response data:{"ret":0}
12-16 10:37:18.357: I/MtaSDK(3617): [pool-7-thread-1(239): null:-1] - http recv response status code:200, content length:29
12-16 10:37:18.358: I/MtaSDK(3617): [pool-7-thread-1(239): null:-1] - http get response data:{"ret":0}
12-16 10:37:18.460: W/l(13682): HTTP request took a long time (55827ms): (StreamRequestMessage) GET http://172.16.210.31:49157/upnp/service/rcs.xml
12-16 10:37:18.716: E/WifiManager(1667): getDhcpInfo().
12-16 10:37:18.716: D/ConnectivityService(1667): avgrssi = -46
12-16 10:37:18.723: I/HLSP2P(3803): ## 2016-12-16 10:37:18.723 [3803,3927,:0] INFO ## [HLSP2P][DownloadManager.cpp:34][INFO][SendHeartBeatMsg][PunchHelper] send heartbeat to punch server(113.108.10.6:8003) ok
12-16 10:37:18.734: W/bt-btif(2904): bta_hh_co_data: UHID write, key code: 0x1, 0x0
12-16 10:37:18.736: W/WindowManager(1667): >>> keyCode=21 down=true
12-16 10:37:18.748: D/ConnectivityService(1667): init.svc.rssimonitor =running
12-16 10:37:18.755: I/rssi.sh(16060): BCM43569
12-16 10:37:18.761: I/rssi.sh(16060): shell---rssi->>>rssi[0] -58 rssi[1] -45 rssi[2] 0
12-16 10:37:18.808: I/rssi.sh(16060): getprop wifi.rf.rssi:rssi[0] -58 rssi[1] -45 rssi[2] 0
12-16 10:37:18.839: D/ConnectivityService(1667): cyc_rssi=rssi[0] -58  rssi[1] -45  rssi[2] 0  134ms
12-16 10:37:18.839: D/ConnectivityService(1667): CycConetent is rssi[0] -58  rssi[1] -45  rssi[2] 0  ,-46,134ms
12-16 10:37:18.843: D/HeliosBIReceiver(2568): intent : Intent { act=com.helios.middleware.bi.action.UPLOADLOG flg=0x10 cmp=com.helios.middleware.iservice/com.helios.middleware.bi.HeliosBIReceiver (has extras) }
12-16 10:37:18.843: D/HeliosBIReceiver(2568): logUrl : 28 strategy : 1 log : {"logVersion":"02","logType":"event","happenTime":1481855838839,"eventId":"whaley-rom-wifi-cyc-info","params":{"CycContent":"rssi[0] -58  rssi[1] -45  rssi[2] 0  ,-46,134ms"}}
12-16 10:37:18.843: D/BILogManager(2568): logUrl : TV_ROMLOG strategy : DEFAULT log : {"logVersion":"02","logType":"event","happenTime":1481855838839,"eventId":"whaley-rom-wifi-cyc-info","params":{"CycContent":"rssi[0] -58  rssi[1] -45  rssi[2] 0  ,-46,134ms"}}
12-16 10:37:18.928: D/ConnectivityService(1667): wifiConnected, ping www.baidu.com Ok. data=89ms
12-16 10:37:18.932: I/tvos(1206): [37m[INFO] Change to Voltage: 117 mv (0x32)[m
12-16 10:37:18.940: D/BILogDBManager(2568): saveLog-rowId : 77805
12-16 10:37:18.942: D/BILogDBManager(2568): getCount-count : 5
12-16 10:37:18.975: I/SLK: TransportManager:[FamilyTransportManager$4.onComplete(Line:1787)](2808):  get udp Broadcast : []
12-16 10:37:18.976: I/SLK: :[BroadcastManager$2.onSuccess(Line:197)](2808): send broadcast success : Bundle[{data=[]}]
12-16 10:37:18.984: W/bt-btif(2904): bta_hh_co_data: UHID write, key code: 0x1, 0x0
12-16 10:37:18.984: W/WindowManager(1667): >>> keyCode=21 down=false
12-16 10:37:18.985: D/WindowManager(1667): <onkey up :keyCode:21 dname:å¾®é²¸é¥æŽ§å™¨ devid:14 scan:105 Source:769
12-16 10:37:18.991: D/AdHttpDownload(3048): download count: 25803000 ; length : 25803000 ; progress : 95
12-16 10:37:18.991: D/AdHttpDownload(3048): download count: 25803000 ; length : 25803000 ; progress : 100
12-16 10:37:18.992: D/AdHttpDownload(3048): download ad video complete.
12-16 10:37:18.992: D/AdDownloadManager(3048): Download /whaley_adv/video.ts success.
12-16 10:37:18.993: D/FileUtils(3048): rename-oldName : /whaley_adv/video.ts.temp newName : /whaley_adv/video.ts success.
12-16 10:37:18.994: D/BootAdManager(3048): writeFile to /whaley_adv/adv_config
12-16 10:37:18.994: D/BootAdManager(3048): {
12-16 10:37:18.994: D/BootAdManager(3048): "adPuttingId":2957,
12-16 10:37:18.994: D/BootAdManager(3048): "adCreativeId":1831,
12-16 10:37:18.994: D/BootAdManager(3048): "resourceType":"VIDEO",
12-16 10:37:18.994: D/BootAdManager(3048): "voiceSupport":1,
12-16 10:37:18.994: D/BootAdManager(3048): "resourceStandard":"4K",
12-16 10:37:18.994: D/BootAdManager(3048): "hasPlay":0
12-16 10:37:18.994: D/BootAdManager(3048): }
12-16 10:37:18.976: I/Thread-163(15870): type=1400 audit(0.0:301): avc: denied { write } for name="/" dev="loop0" ino=2 scontext=u:r:system_app:s0 tcontext=u:object_r:unlabeled:s0 tclass=dir permissive=1
12-16 10:37:18.976: I/Thread-163(15870): type=1400 audit(0.0:302): avc: denied { remove_name } for name="video.ts.temp" dev="loop0" ino=13 scontext=u:r:system_app:s0 tcontext=u:object_r:unlabeled:s0 tclass=dir permissive=1
12-16 10:37:18.976: I/Thread-163(15870): type=1400 audit(0.0:303): avc: denied { rename } for name="video.ts.temp" dev="loop0" ino=13 scontext=u:r:system_app:s0 tcontext=u:object_r:unlabeled:s0 tclass=file permissive=1
12-16 10:37:18.976: I/Thread-163(15870): type=1400 audit(0.0:304): avc: denied { add_name } for name="video.ts" scontext=u:r:system_app:s0 tcontext=u:object_r:unlabeled:s0 tclass=dir permissive=1
12-16 10:37:18.986: I/Thread-163(15870): type=1400 audit(0.0:305): avc: denied { write } for name="adv_config" dev="loop0" ino=12 scontext=u:r:system_app:s0 tcontext=u:object_r:unlabeled:s0 tclass=file permissive=1
12-16 10:37:18.986: I/Thread-163(15870): type=1400 audit(0.0:306): avc: denied { open } for path="/whaley_adv/adv_config" dev="loop0" ino=12 scontext=u:r:system_app:s0 tcontext=u:object_r:unlabeled:s0 tclass=file permissive=1
12-16 10:37:18.986: I/Thread-163(15870): type=1400 audit(0.0:307): avc: denied { getattr } for path="/whaley_adv/adv_config" dev="loop0" ino=12 scontext=u:r:system_app:s0 tcontext=u:object_r:unlabeled:s0 tclass=file permissive=1
12-16 10:37:19.013: E/LocalSocketTransmitVoice(2036): [66] connect to server failed
12-16 10:37:19.104: W/bt-btif(2904): bta_hh_co_data: UHID write, key code: 0x1, 0x0
12-16 10:37:19.105: W/WindowManager(1667): >>> keyCode=21 down=true
12-16 10:37:19.214: W/bt-btif(2904): bta_hh_co_data: UHID write, key code: 0x1, 0x0
12-16 10:37:19.214: W/WindowManager(1667): >>> keyCode=21 down=false
12-16 10:37:19.215: D/WindowManager(1667): <onkey up :keyCode:21 dname:å¾®é²¸é¥æŽ§å™¨ devid:14 scan:105 Source:769
12-16 10:37:19.314: W/bt-btif(2904): bta_hh_co_data: UHID write, key code: 0x1, 0x0
12-16 10:37:19.314: W/WindowManager(1667): >>> keyCode=21 down=true
12-16 10:37:19.454: W/bt-btif(2904): bta_hh_co_data: UHID write, key code: 0x1, 0x0
12-16 10:37:19.454: W/WindowManager(1667): >>> keyCode=21 down=false
12-16 10:37:19.455: D/WindowManager(1667): <onkey up :keyCode:21 dname:å¾®é²¸é¥æŽ§å™¨ devid:14 scan:105 Source:769
12-16 10:37:19.643: D/WifiHW(1667): ===>[detect_wifi_device]
12-16 10:37:19.712: D/WifiNative-wlan0(1667): doString: [SIGNAL_POLL]
12-16 10:37:19.715: E/WifiConfigStore(1667): updateConfiguration freq=5765 BSSID=d4:68:ba:81:46:e3 RSSI=-45 "SmartHome"WPA_PSK
12-16 10:37:19.723: W/bt-btif(2904): bta_hh_co_data: UHID write, key code: 0x1, 0x0
12-16 10:37:19.724: W/WindowManager(1667): >>> keyCode=20 down=true
12-16 10:37:19.813: W/bt-btif(2904): bta_hh_co_data: UHID write, key code: 0x3, 0x4E
12-16 10:37:19.863: W/bt-btif(2904): bta_hh_co_data: UHID write, key code: 0x1, 0x0
12-16 10:37:19.864: W/WindowManager(1667): >>> keyCode=20 down=false
12-16 10:37:19.866: D/WindowManager(1667): <onkey up :keyCode:20 dname:å¾®é²¸é¥æŽ§å™¨ devid:14 scan:108 Source:769
12-16 10:37:19.955: D/PersistentConnect(2385): cmd : 268435489 msg : 
12-16 10:37:19.984: W/bt-btif(2904): bta_hh_co_data: UHID write, key code: 0x1, 0x0
12-16 10:37:19.985: W/WindowManager(1667): >>> keyCode=20 down=true
12-16 10:37:20.094: W/bt-btif(2904): bta_hh_co_data: UHID write, key code: 0x1, 0x0
12-16 10:37:20.094: W/WindowManager(1667): >>> keyCode=20 down=false
12-16 10:37:20.095: D/WindowManager(1667): <onkey up :keyCode:20 dname:å¾®é²¸é¥æŽ§å™¨ devid:14 scan:108 Source:769
12-16 10:37:20.174: W/bt-btif(2904): bta_hh_co_data: UHID write, key code: 0x1, 0x0
12-16 10:37:20.174: W/WindowManager(1667): >>> keyCode=20 down=true
12-16 10:37:20.194: W/bt-btif(2904): bta_hh_co_data: UHID write, key code: 0x3, 0x53
12-16 10:37:20.314: W/bt-btif(2904): bta_hh_co_data: UHID write, key code: 0x1, 0x0
12-16 10:37:20.314: W/WindowManager(1667): >>> keyCode=20 down=false
12-16 10:37:20.315: D/WindowManager(1667): <onkey up :keyCode:20 dname:å¾®é²¸é¥æŽ§å™¨ devid:14 scan:108 Source:769
12-16 10:37:20.564: W/bt-btif(2904): bta_hh_co_data: UHID write, key code: 0x1, 0x0
12-16 10:37:20.564: W/WindowManager(1667): >>> keyCode=19 down=true
12-16 10:37:20.704: W/bt-btif(2904): bta_hh_co_data: UHID write, key code: 0x1, 0x0
12-16 10:37:20.704: W/WindowManager(1667): >>> keyCode=19 down=false
12-16 10:37:20.705: D/WindowManager(1667): <onkey up :keyCode:19 dname:å¾®é²¸é¥æŽ§å™¨ devid:14 scan:103 Source:769
12-16 10:37:20.794: W/bt-btif(2904): bta_hh_co_data: UHID write, key code: 0x1, 0x0
12-16 10:37:20.794: W/WindowManager(1667): >>> keyCode=19 down=true
12-16 10:37:20.913: W/bt-btif(2904): bta_hh_co_data: UHID write, key code: 0x1, 0x0
12-16 10:37:20.914: W/WindowManager(1667): >>> keyCode=19 down=false
12-16 10:37:20.914: D/WindowManager(1667): <onkey up :keyCode:19 dname:å¾®é²¸é¥æŽ§å™¨ devid:14 scan:103 Source:769
12-16 10:37:20.985: D/JniHelper(15923): JniHelper::getJavaVM(), pthread_self() = -189036672
12-16 10:37:20.986: I/mediaPlayerDevices(15923): {"mediaPlayerDevices":[{"name":"æœ¬åœ°æ–‡ä»¶","type":"local file"},{"name":"ç§»åŠ¨ç¡¬ç›˜","type":"USB"},{"name":"XIAHENG-PC: xiaheng:","type":"DMP"},{"name":"ADMIN-PC: gaoya:","type":"DMP"},{"name":"TANYA-PC: tanya:","type":"DMP"},{"name":"20160329CY10: Administrator:","type":"DMP"},{"name":"20160310XB01: hc:","type":"DMP"},{"name":"HC-PC: hc:","type":"DMP"},{"name":"WHALEY-PC: whaley:","type":"DMP"},{"name":"LUCAS-PC: hc:","type":"DMP"},{"name":"WIN-M99QQPA6UT5: Administrator:","type":"DMP"},{"name":"WHALEY-PC: whaley:","type":"DMP"},{"name":"WHALEY-PC: whaley:","type":"DMP"},{"name":"AHLIN-PC: Ahlin:","type":"DMP"},{"name":"DELL-PC: dell:","type":"DMP"},{"name":"WHALEY-PC: OPPLE:","type":"DMP"},{"name":"20150522S11: Martin:","type":"DMP"},{"name":"HC-PC: hc:","type":"DMP"},{"name":"HC-PC: hc:","type":"DMP"}]}
12-16 10:37:21.010: I/SLK: :[BroadcastManager$2.onSuccess(Line:197)](2808): send broadcast success : Bundle[{data=[]}]
12-16 10:37:21.014: E/LocalSocketTransmitVoice(2036): [66] connect to server failed
12-16 10:37:21.014: W/bt-btif(2904): bta_hh_co_data: UHID write, key code: 0x1, 0x0
12-16 10:37:21.015: W/WindowManager(1667): >>> keyCode=19 down=true
12-16 10:37:21.143: W/bt-btif(2904): bta_hh_co_data: UHID write, key code: 0x1, 0x0
12-16 10:37:21.144: W/WindowManager(1667): >>> keyCode=19 down=false
12-16 10:37:21.147: D/WindowManager(1667): <onkey up :keyCode:19 dname:å¾®é²¸é¥æŽ§å™¨ devid:14 scan:103 Source:769
12-16 10:37:21.214: W/bt-btif(2904): bta_hh_co_data: UHID write, key code: 0x1, 0x0
12-16 10:37:21.215: W/WindowManager(1667): >>> keyCode=19 down=true
12-16 10:37:21.344: W/bt-btif(2904): bta_hh_co_data: UHID write, key code: 0x1, 0x0
12-16 10:37:21.345: W/WindowManager(1667): >>> keyCode=19 down=false
12-16 10:37:21.345: D/WindowManager(1667): <onkey up :keyCode:19 dname:å¾®é²¸é¥æŽ§å™¨ devid:14 scan:103 Source:769
12-16 10:37:21.424: W/bt-btif(2904): bta_hh_co_data: UHID write, key code: 0x1, 0x0
12-16 10:37:21.425: W/WindowManager(1667): >>> keyCode=19 down=true
12-16 10:37:21.531: I/HLSP2P(3803): ## 2016-12-16 10:37:21.531 [3803,3927,:0] INFO ## [HLSP2P][DownloadManager.cpp:34][INFO][TryAdjustCacheSize]system memory total size: 1928M, free size: 749M, cache add to 100MB, AppState: 14
12-16 10:37:21.534: W/bt-btif(2904): bta_hh_co_data: UHID write, key code: 0x1, 0x0
12-16 10:37:21.535: W/WindowManager(1667): >>> keyCode=19 down=false
12-16 10:37:21.536: D/WindowManager(1667): <onkey up :keyCode:19 dname:å¾®é²¸é¥æŽ§å™¨ devid:14 scan:103 Source:769
12-16 10:37:21.654: W/bt-btif(2904): bta_hh_co_data: UHID write, key code: 0x1, 0x0
12-16 10:37:21.654: W/WindowManager(1667): >>> keyCode=19 down=true
12-16 10:37:21.733: I/HLSP2P(3803): ## 2016-12-16 10:37:21.732 [3803,3927,:0] INFO ## [HLSP2P][DownloadManager.cpp:34][ERROR][OnTimer][PunchHelper] heartbeat failed, send heartbeat again
12-16 10:37:21.736: I/HLSP2P(3803): ## 2016-12-16 10:37:21.733 [3803,3927,:0] INFO ## [HLSP2P][DownloadManager.cpp:34][INFO][SendHeartBeatMsg][PunchHelper] send heartbeat to punch server(113.108.10.6:8003) ok
12-16 10:37:21.785: W/bt-btif(2904): bta_hh_co_data: UHID write, key code: 0x1, 0x0
12-16 10:37:21.785: W/WindowManager(1667): >>> keyCode=19 down=false
12-16 10:37:21.786: D/WindowManager(1667): <onkey up :keyCode:19 dname:å¾®é²¸é¥æŽ§å™¨ devid:14 scan:103 Source:769
12-16 10:37:21.786: I/HLSP2P(3803): ## 2016-12-16 10:37:21.786 [3803,3929,:0] INFO ## [HLSP2P][DownloadManager.cpp:34][INFO][OnHeartbeatRsp][PunchHelper] punch heartbeat rsp ok
12-16 10:37:21.929: E/WifiManager(1667): getDhcpInfo().
12-16 10:37:21.929: D/ConnectivityService(1667): avgrssi = -46
12-16 10:37:21.958: I/rssi.sh(16070): BCM43569
12-16 10:37:21.964: D/ConnectivityService(1667): init.svc.rssimonitor =running
12-16 10:37:21.969: I/rssi.sh(16070): shell---rssi->>>rssi[0] -55 rssi[1] -45 rssi[2] 0
12-16 10:37:22.007: I/rssi.sh(16070): getprop wifi.rf.rssi:rssi[0] -55 rssi[1] -45 rssi[2] 0
12-16 10:37:22.024: D/ConnectivityService(1667): cyc_rssi=rssi[0] -55  rssi[1] -45  rssi[2] 0  89ms
12-16 10:37:22.024: D/ConnectivityService(1667): CycConetent is rssi[0] -55  rssi[1] -45  rssi[2] 0  ,-46,89ms
12-16 10:37:22.045: D/HeliosBIReceiver(2568): intent : Intent { act=com.helios.middleware.bi.action.UPLOADLOG flg=0x10 cmp=com.helios.middleware.iservice/com.helios.middleware.bi.HeliosBIReceiver (has extras) }
12-16 10:37:22.046: D/HeliosBIReceiver(2568): logUrl : 28 strategy : 1 log : {"logVersion":"02","logType":"event","happenTime":1481855842024,"eventId":"whaley-rom-wifi-cyc-info","params":{"CycContent":"rssi[0] -55  rssi[1] -45  rssi[2] 0  ,-46,89ms"}}
12-16 10:37:22.046: D/BILogManager(2568): logUrl : TV_ROMLOG strategy : DEFAULT log : {"logVersion":"02","logType":"event","happenTime":1481855842024,"eventId":"whaley-rom-wifi-cyc-info","params":{"CycContent":"rssi[0] -55  rssi[1] -45  rssi[2] 0  ,-46,89ms"}}
12-16 10:37:22.056: D/BILogDBManager(2568): saveLog-rowId : 77806
12-16 10:37:22.058: D/BILogDBManager(2568): getCount-count : 6
12-16 10:37:22.134: D/ConnectivityService(1667): wifiConnected, ping www.baidu.com Ok. data=108ms
12-16 10:37:22.721: D/WifiNative-wlan0(1667): doString: [SIGNAL_POLL]
12-16 10:37:22.724: E/WifiConfigStore(1667): updateConfiguration freq=5765 BSSID=d4:68:ba:81:46:e3 RSSI=-45 "SmartHome"WPA_PSK
12-16 10:37:22.828: I/tvos(1206): [37m[INFO] Change to Voltage: 102 mv (0x23)[m
12-16 10:37:23.014: E/LocalSocketTransmitVoice(2036): [66] connect to server failed
12-16 10:37:23.048: I/SLK: :[BroadcastManager$2.onSuccess(Line:197)](2808): send broadcast success : Bundle[{data=[]}]
12-16 10:37:24.038: I/HLSP2P(3950): ## 2016-12-16 10:37:24.037 [3950,4077,:0] INFO ## [HLSP2P][DownloadManager.cpp:34][INFO][TryAdjustCacheSize]system memory total size: 1928M, free size: 746M, cache add to 100MB, AppState: 14
12-16 10:37:24.647: D/WifiHW(1667): ===>[detect_wifi_device]
12-16 10:37:24.798: D/WifiMonitor(1667): Dispatching event to interface: wlan0. eventStr=CTRL-EVENT-BSS-REMOVED 315 12:0e:0e:83:17:9f
12-16 10:37:24.798: D/WifiMonitor(1667): Dispatching event to interface: wlan0. eventStr=CTRL-EVENT-BSS-REMOVED 316 10:0e:0e:83:17:9f
12-16 10:37:25.015: E/LocalSocketTransmitVoice(2036): [66] connect to server failed
12-16 10:37:25.087: I/SLK: TransportManager:[FamilyTransportManager$4.onComplete(Line:1787)](2808):  get udp Broadcast : []
12-16 10:37:25.088: I/SLK: :[BroadcastManager$2.onSuccess(Line:197)](2808): send broadcast success : Bundle[{data=[]}]
12-16 10:37:25.134: E/WifiManager(1667): getDhcpInfo().
12-16 10:37:25.135: D/ConnectivityService(1667): avgrssi = -46
12-16 10:37:25.166: I/rssi.sh(16083): BCM43569
12-16 10:37:25.167: D/ConnectivityService(1667): init.svc.rssimonitor =running
12-16 10:37:25.175: I/rssi.sh(16083): shell---rssi->>>rssi[0] -54 rssi[1] -45 rssi[2] 0
12-16 10:37:25.217: I/rssi.sh(16083): getprop wifi.rf.rssi:rssi[0] -54 rssi[1] -45 rssi[2] 0
12-16 10:37:25.227: D/ConnectivityService(1667): cyc_rssi=rssi[0] -54  rssi[1] -45  rssi[2] 0  108ms
12-16 10:37:25.228: D/ConnectivityService(1667): CycConetent is rssi[0] -54  rssi[1] -45  rssi[2] 0  ,-46,108ms
12-16 10:37:25.248: D/HeliosBIReceiver(2568): intent : Intent { act=com.helios.middleware.bi.action.UPLOADLOG flg=0x10 cmp=com.helios.middleware.iservice/com.helios.middleware.bi.HeliosBIReceiver (has extras) }
12-16 10:37:25.248: D/HeliosBIReceiver(2568): logUrl : 28 strategy : 1 log : {"logVersion":"02","logType":"event","happenTime":1481855845228,"eventId":"whaley-rom-wifi-cyc-info","params":{"CycContent":"rssi[0] -54  rssi[1] -45  rssi[2] 0  ,-46,108ms"}}
12-16 10:37:25.248: D/BILogManager(2568): logUrl : TV_ROMLOG strategy : DEFAULT log : {"logVersion":"02","logType":"event","happenTime":1481855845228,"eventId":"whaley-rom-wifi-cyc-info","params":{"CycContent":"rssi[0] -54  rssi[1] -45  rssi[2] 0  ,-46,108ms"}}
12-16 10:37:25.258: D/BILogDBManager(2568): saveLog-rowId : 77807
12-16 10:37:25.260: D/BILogDBManager(2568): getCount-count : 7
12-16 10:37:25.306: D/ConnectivityService(1667): wifiConnected, ping www.baidu.com Ok. data=77ms
12-16 10:37:25.733: D/WifiNative-wlan0(1667): doString: [SIGNAL_POLL]
12-16 10:37:25.737: E/WifiConfigStore(1667): updateConfiguration freq=5765 BSSID=d4:68:ba:81:46:e3 RSSI=-45 "SmartHome"WPA_PSK
12-16 10:37:26.890: I/HLSP2P(3617): ## 2016-12-16 10:37:26.890 [3617,3757,:0] INFO ## [HLSP2P][DownloadManager.cpp:34][INFO][TryAdjustCacheSize]system memory total size: 1928M, free size: 745M, cache add to 100MB, AppState: 14
12-16 10:37:27.016: E/LocalSocketTransmitVoice(2036): [66] connect to server failed
12-16 10:37:27.124: I/SLK: :[BroadcastManager$2.onSuccess(Line:197)](2808): send broadcast success : Bundle[{data=[]}]
12-16 10:37:27.894: I/HLSP2P(3617): ## 2016-12-16 10:37:27.893 [3617,3757,:0] INFO ## [HLSP2P][DownloadManager.cpp:34][DEBUG][SendHeartBeatReq][PeerServer] send hearbeat to 123.151.71.31:30013 ok
12-16 10:37:27.936: I/HLSP2P(3617): ## 2016-12-16 10:37:27.936 [3617,3759,:0] INFO ## [HLSP2P][DownloadManager.cpp:34][INFO][OnHeartBeatRsp][PeerServer] ps heartbeat rsp ok, localProxyPort: 10838
12-16 10:37:28.307: E/WifiManager(1667): getDhcpInfo().
12-16 10:37:28.307: D/ConnectivityService(1667): avgrssi = -46
12-16 10:37:28.339: D/ConnectivityService(1667): init.svc.rssimonitor =running
12-16 10:37:28.342: I/rssi.sh(16093): BCM43569
12-16 10:37:28.353: I/rssi.sh(16093): shell---rssi->>>rssi[0] -55 rssi[1] -46 rssi[2] 0
12-16 10:37:28.403: I/rssi.sh(16093): getprop wifi.rf.rssi:rssi[0] -55 rssi[1] -46 rssi[2] 0
12-16 10:37:28.430: D/ConnectivityService(1667): cyc_rssi=rssi[0] -55  rssi[1] -46  rssi[2] 0  77ms
12-16 10:37:28.431: D/ConnectivityService(1667): CycConetent is rssi[0] -55  rssi[1] -46  rssi[2] 0  ,-46,77ms
12-16 10:37:28.455: D/HeliosBIReceiver(2568): intent : Intent { act=com.helios.middleware.bi.action.UPLOADLOG flg=0x10 cmp=com.helios.middleware.iservice/com.helios.middleware.bi.HeliosBIReceiver (has extras) }
12-16 10:37:28.455: D/HeliosBIReceiver(2568): logUrl : 28 strategy : 1 log : {"logVersion":"02","logType":"event","happenTime":1481855848431,"eventId":"whaley-rom-wifi-cyc-info","params":{"CycContent":"rssi[0] -55  rssi[1] -46  rssi[2] 0  ,-46,77ms"}}
12-16 10:37:28.455: D/BILogManager(2568): logUrl : TV_ROMLOG strategy : DEFAULT log : {"logVersion":"02","logType":"event","happenTime":1481855848431,"eventId":"whaley-rom-wifi-cyc-info","params":{"CycContent":"rssi[0] -55  rssi[1] -46  rssi[2] 0  ,-46,77ms"}}
12-16 10:37:28.464: D/BILogDBManager(2568): saveLog-rowId : 77808
12-16 10:37:28.466: D/BILogDBManager(2568): getCount-count : 8
12-16 10:37:28.531: D/ConnectivityService(1667): wifiConnected, ping www.baidu.com Ok. data=99ms
12-16 10:37:28.743: D/WifiNative-wlan0(1667): doString: [SIGNAL_POLL]
12-16 10:37:28.747: E/WifiConfigStore(1667): updateConfiguration freq=5765 BSSID=d4:68:ba:81:46:e3 RSSI=-46 "SmartHome"WPA_PSK
12-16 10:37:29.017: E/LocalSocketTransmitVoice(2036): [66] connect to server failed
12-16 10:37:29.161: I/SLK: :[BroadcastManager$2.onSuccess(Line:197)](2808): send broadcast success : Bundle[{data=[]}]
12-16 10:37:29.650: D/WifiHW(1667): ===>[detect_wifi_device]
12-16 10:37:29.960: D/PersistentConnect(2385): cmd : 268435489 msg : 
12-16 10:37:31.018: E/LocalSocketTransmitVoice(2036): [66] connect to server failed
12-16 10:37:31.194: I/SLK: TransportManager:[FamilyTransportManager$4.onComplete(Line:1787)](2808):  get udp Broadcast : []
12-16 10:37:31.195: I/SLK: :[BroadcastManager$2.onSuccess(Line:197)](2808): send broadcast success : Bundle[{data=[]}]
12-16 10:37:31.532: E/WifiManager(1667): getDhcpInfo().
12-16 10:37:31.532: D/ConnectivityService(1667): avgrssi = -47
12-16 10:37:31.558: I/HLSP2P(3803): ## 2016-12-16 10:37:31.558 [3803,3927,:0] INFO ## [HLSP2P][DownloadManager.cpp:34][INFO][TryAdjustCacheSize]system memory total size: 1928M, free size: 757M, cache add to 100MB, AppState: 14
12-16 10:37:31.564: I/rssi.sh(16103): BCM43569
12-16 10:37:31.564: D/ConnectivityService(1667): init.svc.rssimonitor =running
12-16 10:37:31.574: I/rssi.sh(16103): shell---rssi->>>rssi[0] -54 rssi[1] -46 rssi[2] 0
12-16 10:37:31.616: I/rssi.sh(16103): getprop wifi.rf.rssi:rssi[0] -54 rssi[1] -46 rssi[2] 0
12-16 10:37:31.626: D/ConnectivityService(1667): cyc_rssi=rssi[0] -54  rssi[1] -46  rssi[2] 0  99ms
12-16 10:37:31.626: D/ConnectivityService(1667): CycConetent is rssi[0] -54  rssi[1] -46  rssi[2] 0  ,-47,99ms
12-16 10:37:31.649: D/HeliosBIReceiver(2568): intent : Intent { act=com.helios.middleware.bi.action.UPLOADLOG flg=0x10 cmp=com.helios.middleware.iservice/com.helios.middleware.bi.HeliosBIReceiver (has extras) }
12-16 10:37:31.650: D/HeliosBIReceiver(2568): logUrl : 28 strategy : 1 log : {"logVersion":"02","logType":"event","happenTime":1481855851626,"eventId":"whaley-rom-wifi-cyc-info","params":{"CycContent":"rssi[0] -54  rssi[1] -46  rssi[2] 0  ,-47,99ms"}}
12-16 10:37:31.650: D/BILogManager(2568): logUrl : TV_ROMLOG strategy : DEFAULT log : {"logVersion":"02","logType":"event","happenTime":1481855851626,"eventId":"whaley-rom-wifi-cyc-info","params":{"CycContent":"rssi[0] -54  rssi[1] -46  rssi[2] 0  ,-47,99ms"}}
12-16 10:37:31.666: D/BILogDBManager(2568): saveLog-rowId : 77809
12-16 10:37:31.672: D/BILogDBManager(2568): getCount-count : 9
12-16 10:37:31.752: D/WifiNative-wlan0(1667): doString: [SIGNAL_POLL]
12-16 10:37:31.756: E/WifiConfigStore(1667): updateConfiguration freq=5765 BSSID=d4:68:ba:81:46:e3 RSSI=-46 "SmartHome"WPA_PSK
12-16 10:37:31.828: D/ConnectivityService(1667): wifiConnected, ping www.baidu.com Ok. data=200ms
12-16 10:37:32.565: I/HLSP2P(3803): ## 2016-12-16 10:37:32.564 [3803,3927,:0] INFO ## [HLSP2P][DownloadManager.cpp:34][DEBUG][SendHeartBeatReq][PeerServer] send hearbeat to 123.151.71.31:30013 ok
12-16 10:37:32.631: I/HLSP2P(3803): ## 2016-12-16 10:37:32.631 [3803,3929,:0] INFO ## [HLSP2P][DownloadManager.cpp:34][INFO][OnHeartBeatRsp][PeerServer] ps heartbeat rsp ok, localProxyPort: 15688
12-16 10:37:33.018: E/LocalSocketTransmitVoice(2036): [66] connect to server failed
12-16 10:37:33.230: I/SLK: :[BroadcastManager$2.onSuccess(Line:197)](2808): send broadcast success : Bundle[{data=[]}]
12-16 10:37:34.008: I/HLSP2P(3617): ## 2016-12-16 10:37:34.008 [3617,3757,:0] INFO ## [HLSP2P][DownloadManager.cpp:34][INFO][SendHeartBeatMsg][PunchHelper] send heartbeat to punch server(14.17.21.29:8002) ok
12-16 10:37:34.067: I/HLSP2P(3950): ## 2016-12-16 10:37:34.067 [3950,4077,:0] INFO ## [HLSP2P][DownloadManager.cpp:34][INFO][TryAdjustCacheSize]system memory total size: 1928M, free size: 757M, cache add to 100MB, AppState: 14
