12-16 10:36:56.896: D/mstplayer(1201): [15964] MMP_Stop: 0x0
12-16 10:36:56.896: D/mstplayer(1201): [15964] [AVP] close_resource: need_close_cbio = 1
12-16 10:36:56.896: D/MMP_AudioFlinger_Wrapper(1201): Enter
12-16 10:36:56.896: D/MMP_AudioFlinger_Wrapper(1201): Release AudioSink
12-16 10:36:56.896: D/ext_subout(1201): external_subout_close
12-16 10:36:56.896: D/ext_subout(1201): external_subout_reset
12-16 10:36:56.896: V/RMClient(1201): #24:RMClient::returnAllResourcesAsync
12-16 10:36:56.897: V/RMClient(1201): #24:onMessageReceived cret
12-16 10:36:56.897: V/RMClient(1201): #24:kWhatCmdReturnAllResources
12-16 10:36:56.897: V/RMClient(1201): #24:Done
12-16 10:36:56.899: V/RMAllocator(1197): Deallocating resources for #24
12-16 10:36:56.899: V/RMAllocator(1197): ~ClientInfo
12-16 10:36:56.899: I/RMAllocator(1197): ~ClientInfo this=2446644512,mRMClient=2446470912. id=24
12-16 10:36:56.899: W/RMAllocator(1197): returnAllResourcesFor: not registered, nothing to do
12-16 10:36:56.899: V/RMClient(1201): #24:handleEvent lret
12-16 10:36:56.899: V/RMClient(1201): #24:onMessageReceived lret
12-16 10:36:56.899: V/RMClient(1201): #24:kWhatAllResourcesReturned
12-16 10:36:56.900: V/RMClient(1201): #24:Done
12-16 10:36:56.900: D/mstplayer(1201): [1201] (0x0xf3672900)MstPlayer::destructor
12-16 10:36:56.900: D/mstplayer(1201): [1201] destroySubtitleSurface
12-16 10:36:56.905: D/mstplayer(1201): [15964] [AVP] exit handle thread
12-16 10:36:56.905: D/mstplayer(1201): [1201] MstPlayer::destructor Leave
12-16 10:36:56.908: D/SurfaceFlinger(1447): captureScreen: get mCaptureData success !!!!!!!!!!!!!!!!!
12-16 10:36:56.909: W/DIPC(1223): ---EnableTravelingMute:7026[1] start, mute=1
12-16 10:36:56.909: D/XCDipHardware_einstein(1201): event callback info->enMsgType 0
12-16 10:36:56.909: W/DIPC(1223): ---EnableTravelingMute:7144[1] end, bRet=1 
12-16 10:36:56.909: W/DIPC(1223): ---StopTravelingMode:9122[1] bRet=1
12-16 10:36:56.909: W/DIPC(1223): Try StopTravelingMode, but traveling not Started yet.
12-16 10:36:56.909: W/DIPC(1223): ---FinalizeTravelingMode:9150[1] start
12-16 10:36:56.909: W/DIPC(1223): Try StopTravelingMode, but traveling not Started yet.
12-16 10:36:56.909: W/DIPC(1223): [DIPC][DestroyTravelingReceiveDataMonitor][9830] start...
12-16 10:36:56.909: W/DIPC(1223): [DIPC][DestroyTravelingReceiveDataMonitor][9883] end...
12-16 10:36:56.909: W/DIPC(1223): [DIPC][DestroyTravelingSendDataMonitor][9890] start...
12-16 10:36:56.909: W/DIPC(1223): [DIPC][DestroyTravelingSendDataMonitor][9912] end...
12-16 10:36:56.909: W/DIPC(1223): ---FinalizeTravelingMode:9231[1] end, ret=1
12-16 10:36:56.909: D/XCDipHardware_einstein(1201): [XCDipHardware]captureScreenMutex thread signal unlock
12-16 10:36:56.909: D/XCDipHardware_einstein(1201): [XCDipHardware] get unlock captureScreen Mem Mutex signal!
12-16 10:36:56.909: D/XCDipHardware_einstein(1201): [XCDipHardware] unlock captureScreen Mem Mutex sucess!
12-16 10:36:56.909: D/XCDipHardware_einstein(1201): [XCDipHardware]stopreview and wait captureScreenMutexThread quit success
12-16 10:36:56.909: D/XCDipHardware_einstein(1201): removeXCDipHardware
12-16 10:36:56.910: I/CameraClient(1201): Destroying camera 5
12-16 10:36:56.910: D/XCDipHardware_einstein(1201): removeXCDipHardware
12-16 10:36:56.910: D/FastCopy(1201): pthread_condition_exiting
12-16 10:36:56.910: D/FastCopy(1201): pthread_condition_exiting
12-16 10:36:56.910: D/FastCopy(1201): pthread_condition_exiting
12-16 10:36:56.911: I/tvos(1206): [DIPC][TravelingReceiveDataMonitor 9964] Traveling memory manager task exit
12-16 10:36:56.911: I/tvos(1206): [DIPC][DestroyTravelingReceiveDataMonitor 9873]listFreeMemoryPool:not empty, item num 1
12-16 10:36:56.911: I/tvos(1206): [DIPC][DestroyTravelingReceiveDataMonitor 9879](*ListSendMemoryPool):not empty, item num 0
12-16 10:36:56.911: I/tvos(1206): [DIPC][TravelingSendDataMonitor 9934] Traveling memory manager task exit
12-16 10:36:56.911: W/AppOps(1667): Bad call: specified package SurfaceFlinger under uid 1000 but it is really -1
12-16 10:36:56.913: D/gralloc(1447): allocate buffer from ION HEAP 0x1
12-16 10:36:56.913: D/gralloc(1447): allocate memory from system heap
12-16 10:36:56.926: W/SurfaceFlinger(1447): renderScreenImplLocked left 0, top 0 ,right 1920,bottom 1080
12-16 10:36:56.950: I/StartActivity(15923): --> finish 
12-16 10:36:56.953: D/HeliosPayManager(15923): onServiceConnected
12-16 10:36:56.954: D/HeliosAccountManager(15923): --->WAHT_START_SERVER mHeliosAccount init
12-16 10:36:56.958: D/HeliosAccountManager(15923): --->init registerReceiver
12-16 10:36:56.960: D/HeliosMemberManager(15923): onServiceConnected
12-16 10:36:56.963: D/gralloc(1447): allocate buffer from ION HEAP 0x1
12-16 10:36:56.963: D/gralloc(1447): allocate memory from system heap
12-16 10:36:56.964: D/PingCodeControl(2568): --->getPingCode : b3yus9
12-16 10:36:56.965: D/PingCode(15923): pingCode: b3yus9
12-16 10:36:56.965: D/HeliosBIManager(15923): onServiceConnected
12-16 10:36:56.977: V/ActivityManager(1667): set mstar.EnterOpaqueUI false
12-16 10:36:56.988: I/ActivityManager(1667): TR22) TaskRecord{255df241 #536 A=com.helios.mediaplayer U=0 sz=1}
12-16 10:36:56.988: I/ActivityManager(1667): TR21) TaskRecord{3666ab70 #522 A=com.helios.launcher U=0 sz=1}
12-16 10:36:56.989: V/ActivityManager(1667): set mstar.EnterOpaqueUI false
12-16 10:36:56.990: D/HeliosAccountManager(15923): onServiceConnected
12-16 10:36:56.993: D/HeliosAccountService(2568): -->acquireWakeLock: com.helios.mediaplayer
12-16 10:36:56.997: D/HeliosService(2568):  event:serviceid type:  data:
12-16 10:36:57.004: E/LocalSocketTransmitVoice(2036): [66] connect to server failed
12-16 10:36:57.007: I/Security/jni(2568): call Offline_Decrypt
12-16 10:36:57.011: I/accountlog--(15923): getLoginAccountInfo:  accountId:41054603 name:Whaley-pm
12-16 10:36:57.011: I/accountlog--(15923): ----isNeedLoginOut----accountid----:41054603
12-16 10:36:57.015: D/accountlog(2568): -->isNeedLoginAgain
12-16 10:36:57.017: I/Security/jni(2568): call Offline_Decrypt
12-16 10:36:57.019: I/accountlog--(15923): ----isNeedLoginOut----isNeedLoginAgain----:false
12-16 10:36:57.021: I/Security/jni(2568): call Offline_Decrypt
12-16 10:36:57.022: I/accountlog--(15923): getLoginAccountInfo:  accountId:41054603 name:Whaley-pm
12-16 10:36:57.023: D/HeliosService(2568):  event:groupid type:  data:
12-16 10:36:57.027: I/tvos(1206): [37m[INFO] Change to Voltage: 117 mv (0x32)[m
12-16 10:36:57.027: D/middleware_Core(15923): Core-->getGlobalData  key_weatherCode  >>  101020100
12-16 10:36:57.071: D/JniHelper(15923): JniHelper::setJavaVM(0xf4b5c3c0), pthread_self() = -147947832
12-16 10:36:57.080: D/main(15923): cocos_android_app_init
12-16 10:36:57.098: D/Cocos2dxActivity(15923): model=WTV55K1
12-16 10:36:57.098: D/Cocos2dxActivity(15923): product=helios
12-16 10:36:57.099: D/Cocos2dxActivity(15923): isEmulator=false
12-16 10:36:57.139: V/ActivityThread(15923): 2  l.type  1
12-16 10:36:57.151: D/OpenGLRenderer(15923): Render dirty regions requested: false
12-16 10:36:57.157: D/Atlas(15923): Validating map...
12-16 10:36:57.163: D/HeliosAccountManager(15923): --->WAHT_START_SERVER init success!
12-16 10:36:57.184: I/OpenGLRenderer(15923): Initialized EGL, version 1.4
12-16 10:36:57.185: D/OpenGLRenderer(15923): Enabling debug mode 0
12-16 10:36:57.188: D/gralloc(1447): allocate buffer from ION HEAP 0x1
12-16 10:36:57.188: D/gralloc(1447): allocate memory from system heap
12-16 10:36:57.193: D/gralloc(1447): allocate buffer from ION HEAP 0x1
12-16 10:36:57.193: D/gralloc(1447): allocate memory from system heap
12-16 10:36:57.196: D/gralloc(1447): allocate buffer from ION HEAP 0x1
12-16 10:36:57.196: D/gralloc(1447): allocate memory from system heap
12-16 10:36:57.216: D/AudioSystem(15923): Setting global gAudioPortCallback On refCnt: 2
12-16 10:36:57.216: I/AudioFlinger(1201): setParameters(): io 0, keyvalue uac_enable=on, calling pid 15923
12-16 10:36:57.217: I/str_params(1201): key: 'uac_enable' value: 'on'
12-16 10:36:57.217: D/gralloc(1447): allocate buffer from ION HEAP 0x1
12-16 10:36:57.217: D/gralloc(1447): allocate memory from system heap
12-16 10:36:57.248: I/ActivityManager(1667): Displayed com.helios.mediaplayer/org.cocos2dx.javascript.AppActivity: +269ms (total +984ms)
12-16 10:36:57.253: E/AliIME-2139-T1(2139): [Ims_FgApp.java:getAppNameByPid:140][626a105] null getRunningAppProcesses
12-16 10:36:57.255: E/AliIME-2139-T1(2139): [Ims_FgApp.java:getBindingAppName:119][626a105] cannot get app name for pid: 2331
12-16 10:36:57.256: E/AliIME-2139-T1(2139): [Ims_FgApp.java:onUnbindInput:82][626a105] failed to get app name
12-16 10:36:57.266: E/AliIME-2139-T1(2139): [Ims_FgApp.java:getAppNameByPid:140][626a105] null getRunningAppProcesses
12-16 10:36:57.267: E/AliIME-2139-T1(2139): [Ims_FgApp.java:getBindingAppName:119][626a105] cannot get app name for pid: 15923
12-16 10:36:57.269: E/AliIME-2139-T1(2139): [Ims_FgApp.java:onBindInput:56][626a105] failed to get app name
12-16 10:36:57.273: I/StartActivity(15923): --> onDestroy 
12-16 10:36:57.275: I/AliIME-2139-T1(2139): [Ims.java:onFinishInput:97][626a105] hit
12-16 10:36:57.276: I/AliIME-2139-T1(2139): [Ims.java:onStartInput:68][626a105] hit, restarting = false
12-16 10:36:57.306: D/AdHttpDownload(3048): download count: 9506548 ; length : 25803000 ; progress : 35
12-16 10:36:57.460: E/WifiManager(1667): getDhcpInfo().
12-16 10:36:57.460: D/ConnectivityService(1667): avgrssi = -46
12-16 10:36:57.461: D/(1447): [GOPIoctl] ERROR on cmd:0x501
12-16 10:36:57.462: D/hwcomposer(1447): lastHWWindowInfo is dirty
12-16 10:36:57.490: I/rssi.sh(15984): BCM43569
12-16 10:36:57.492: D/ConnectivityService(1667): init.svc.rssimonitor =running
12-16 10:36:57.497: I/rssi.sh(15984): shell---rssi->>>rssi[0] -55 rssi[1] -44 rssi[2] 0
12-16 10:36:57.530: I/rssi.sh(15984): getprop wifi.rf.rssi:rssi[0] -55 rssi[1] -44 rssi[2] 0
12-16 10:36:57.556: D/ConnectivityService(1667): cyc_rssi=rssi[0] -55  rssi[1] -44  rssi[2] 0  101ms
12-16 10:36:57.556: D/ConnectivityService(1667): CycConetent is rssi[0] -55  rssi[1] -44  rssi[2] 0  ,-46,101ms
12-16 10:36:57.571: D/HeliosBIReceiver(2568): intent : Intent { act=com.helios.middleware.bi.action.UPLOADLOG flg=0x10 cmp=com.helios.middleware.iservice/com.helios.middleware.bi.HeliosBIReceiver (has extras) }
12-16 10:36:57.571: D/HeliosBIReceiver(2568): logUrl : 28 strategy : 1 log : {"logVersion":"02","logType":"event","happenTime":1481855817556,"eventId":"whaley-rom-wifi-cyc-info","params":{"CycContent":"rssi[0] -55  rssi[1] -44  rssi[2] 0  ,-46,101ms"}}
12-16 10:36:57.571: D/BILogManager(2568): logUrl : TV_ROMLOG strategy : DEFAULT log : {"logVersion":"02","logType":"event","happenTime":1481855817556,"eventId":"whaley-rom-wifi-cyc-info","params":{"CycContent":"rssi[0] -55  rssi[1] -44  rssi[2] 0  ,-46,101ms"}}
12-16 10:36:57.579: D/BILogDBManager(2568): saveLog-rowId : 77798
12-16 10:36:57.581: D/BILogDBManager(2568): getCount-count : 8
12-16 10:36:57.618: D/ConnectivityService(1667): wifiConnected, ping www.baidu.com Ok. data=60ms
12-16 10:36:57.740: D/JniHelper(15923): JniHelper::getJavaVM(), pthread_self() = -189036672
12-16 10:36:57.748: D/SambaMgr(15923): init
12-16 10:36:57.752: D/gralloc(1447): allocate buffer from ION HEAP 0x1
12-16 10:36:57.752: D/gralloc(1447): allocate memory from system heap
12-16 10:36:57.760: D/HeliosCoreService(13682): mDMS size 16
12-16 10:36:57.761: D/HeliosCoreService(13682): Devices: {"serverlist":[{"name":"XIAHENG-PC: xiaheng:","index":"uuid:6a8c2321-dedb-4799-9225-5bcdc3877a15","udn":"uuid:6a8c2321-dedb-4799-9225-5bcdc3877a15"},{"name":"ADMIN-PC: gaoya:","index":"uuid:e95325b3-6db8-4ffb-bf95-dfa1f7fd52dc","udn":"uuid:e95325b3-6db8-4ffb-bf95-dfa1f7fd52dc"},{"name":"TANYA-PC: tanya:","index":"uuid:cd94647b-f5c1-4abd-a311-0996184b7ff0","udn":"uuid:cd94647b-f5c1-4abd-a311-0996184b7ff0"},{"name":"20160329CY10: Administrator:","index":"uuid:c03ba3c6-be53-431e-b0ef-7b8bc3a2fde6","udn":"uuid:c03ba3c6-be53-431e-b0ef-7b8bc3a2fde6"},{"name":"20160310XB01: hc:","index":"uuid:1d71a3e3-336a-41d3-8a20-498776695c34","udn":"uuid:1d71a3e3-336a-41d3-8a20-498776695c34"},{"name":"HC-PC: hc:","index":"uuid:6a0c40a9-2f45-4cd8-87a8-ebc777bc4467","udn":"uuid:6a0c40a9-2f45-4cd8-87a8-ebc777bc4467"},{"name":"WHALEY-PC: whaley:","index":"uuid:450b8222-4583-4a2d-8231-7b13bac41e64","udn":"uuid:450b8222-4583-4a2d-8231-7b13bac41e64"},{"name":"LUCAS-PC: hc:","index":"uuid:c4e0270b-d29c-47d2-ad26-cd766fe7725d","udn":"uuid:c4e0270b-d29c-47d2-ad26-cd766fe7725d"},{"name":"WIN-M99QQPA6UT5: Administrator:","index":"uuid:023a723c-0518-49db-adae-4933882846e7","udn":"uuid:023a723c-0518-49db-adae-4933882846e7"},{"name":"WHALEY-PC: whaley:","index":"uuid:069b1ea8-e713-4295-a445-7ce47065cc36","udn":"uuid:069b1ea8-e713-4295-a445-7ce47065cc36"},{"name":"WHALEY-PC: whaley:","index":"uuid:192e06de-0a22-43f3-8b2c-d216a645e4f9","udn":"uuid:192e06de-0a22-43f3-8b2c-d216a645e4f9"},{"name":"AHLIN-PC: Ahlin:","index":"uuid:5872c655-d6f3-4881-a60a-d0e9039bc577","udn":"uuid:5872c655-d6f3-4881-a60a-d0e9039bc577"},{"name":"DELL-PC: dell:","index":"uuid:e781fe0b-79e4-407b-80b9-1ef82383fa31","udn":"uuid:e781fe0b-79e4-407b-80b9-1ef82383fa31"},{"name":"WHALEY-PC: OPPLE:","index":"uuid:f4fe3b42-ec4d-4230-991c-5289b6d8af6b","udn":"uuid:f4fe3b42-ec4d-4230-991c-5289b6d8af6b"},{"name":"20150522S11: Martin:","index":"uuid:4ef08aed-ec9c-4a64-a6f4-09ba1ef1ef51","udn":"uuid:4ef08aed-ec9c-4a64-a6f4-09ba1ef1ef51"},{"name":"HC-PC: hc:","index":"uuid:e54ce558-0148-406c-8b5d-7f8f250cf688","udn":"uuid:e54ce558-0148-406c-8b5d-7f8f250cf688"}]}
12-16 10:36:57.773: D/gralloc(1447): allocate buffer from ION HEAP 0x1
12-16 10:36:57.773: D/gralloc(1447): allocate memory from system heap
12-16 10:36:57.778: D/hwcomposer(1447): lastHWWindowInfo is dirty
12-16 10:36:57.782: I/SambaTree(15923): updateDevices
12-16 10:36:57.782: I/123(15923): DMP-receive
12-16 10:36:57.782: I/123(15923): {"serverlist":[{"name":"XIAHENG-PC: xiaheng:","index":"uuid:6a8c2321-dedb-4799-9225-5bcdc3877a15","udn":"uuid:6a8c2321-dedb-4799-9225-5bcdc3877a15"},{"name":"ADMIN-PC: gaoya:","index":"uuid:e95325b3-6db8-4ffb-bf95-dfa1f7fd52dc","udn":"uuid:e95325b3-6db8-4ffb-bf95-dfa1f7fd52dc"},{"name":"TANYA-PC: tanya:","index":"uuid:cd94647b-f5c1-4abd-a311-0996184b7ff0","udn":"uuid:cd94647b-f5c1-4abd-a311-0996184b7ff0"},{"name":"20160329CY10: Administrator:","index":"uuid:c03ba3c6-be53-431e-b0ef-7b8bc3a2fde6","udn":"uuid:c03ba3c6-be53-431e-b0ef-7b8bc3a2fde6"},{"name":"20160310XB01: hc:","index":"uuid:1d71a3e3-336a-41d3-8a20-498776695c34","udn":"uuid:1d71a3e3-336a-41d3-8a20-498776695c34"},{"name":"HC-PC: hc:","index":"uuid:6a0c40a9-2f45-4cd8-87a8-ebc777bc4467","udn":"uuid:6a0c40a9-2f45-4cd8-87a8-ebc777bc4467"},{"name":"WHALEY-PC: whaley:","index":"uuid:450b8222-4583-4a2d-8231-7b13bac41e64","udn":"uuid:450b8222-4583-4a2d-8231-7b13bac41e64"},{"name":"LUCAS-PC: hc:","index":"uuid:c4e0270b-d29c-47d2-ad26-cd766fe7725d","udn":"uuid:c4e0270b-d29c-47d2-ad26-cd766fe7725d"},{"name":"WIN-M99QQPA6UT5: Administrator:","index":"uuid:023a723c-0518-49db-adae-4933882846e7","udn":"uuid:023a723c-0518-49db-adae-4933882846e7"},{"name":"WHALEY-PC: whaley:","index":"uuid:069b1ea8-e713-4295-a445-7ce47065cc36","udn":"uuid:069b1ea8-e713-4295-a445-7ce47065cc36"},{"name":"WHALEY-PC: whaley:","index":"uuid:192e06de-0a22-43f3-8b2c-d216a645e4f9","udn":"uuid:192e06de-0a22-43f3-8b2c-d216a645e4f9"},{"name":"AHLIN-PC: Ahlin:","index":"uuid:5872c655-d6f3-4881-a60a-d0e9039bc577","udn":"uuid:5872c655-d6f3-4881-a60a-d0e9039bc577"},{"name":"DELL-PC: dell:","index":"uuid:e781fe0b-79e4-407b-80b9-1ef82383fa31","udn":"uuid:e781fe0b-79e4-407b-80b9-1ef82383fa31"},{"name":"WHALEY-PC: OPPLE:","index":"uuid:f4fe3b42-ec4d-4230-991c-5289b6d8af6b","udn":"uuid:f4fe3b42-ec4d-4230-991c-5289b6d8af6b"},{"name":"20150522S11: Martin:","index":"uuid:4ef08aed-ec9c-4a64-a6f4-09ba1ef1ef51","udn":"uuid:4ef08aed-ec9c-4a64-a6f4-09ba1ef1ef51"},{"name":"HC-PC: hc:","index":"uuid:e54ce558-0148-406c-8b5d-7f8f250cf688","udn":"uuid:e54ce558-0148-406c-8b5d-7f8f250cf688"}]}
12-16 10:36:57.783: I/SambaTree(15923): stop
12-16 10:36:57.804: E/MediaPlayUtil(15923): enter setDmpData
12-16 10:36:57.804: D/cocos2d-x debug info(15923): log device: false
12-16 10:36:57.809: E/MediaPlayUtil(15923): deviceName = XIAHENG-PC: xiaheng:, index = uuid:6a8c2321-dedb-4799-9225-5bcdc3877a15
12-16 10:36:57.809: E/MediaPlayUtil(15923): deviceName = ADMIN-PC: gaoya:, index = uuid:e95325b3-6db8-4ffb-bf95-dfa1f7fd52dc
12-16 10:36:57.809: E/MediaPlayUtil(15923): deviceName = TANYA-PC: tanya:, index = uuid:cd94647b-f5c1-4abd-a311-0996184b7ff0
12-16 10:36:57.809: E/MediaPlayUtil(15923): deviceName = 20160329CY10: Administrator:, index = uuid:c03ba3c6-be53-431e-b0ef-7b8bc3a2fde6
12-16 10:36:57.809: E/MediaPlayUtil(15923): deviceName = 20160310XB01: hc:, index = uuid:1d71a3e3-336a-41d3-8a20-498776695c34
12-16 10:36:57.809: E/MediaPlayUtil(15923): deviceName = HC-PC: hc:, index = uuid:6a0c40a9-2f45-4cd8-87a8-ebc777bc4467
12-16 10:36:57.809: E/MediaPlayUtil(15923): deviceName = WHALEY-PC: whaley:, index = uuid:450b8222-4583-4a2d-8231-7b13bac41e64
12-16 10:36:57.809: E/MediaPlayUtil(15923): deviceName = LUCAS-PC: hc:, index = uuid:c4e0270b-d29c-47d2-ad26-cd766fe7725d
12-16 10:36:57.809: E/MediaPlayUtil(15923): deviceName = WIN-M99QQPA6UT5: Administrator:, index = uuid:023a723c-0518-49db-adae-4933882846e7
12-16 10:36:57.809: E/MediaPlayUtil(15923): deviceName = WHALEY-PC: whaley:, index = uuid:069b1ea8-e713-4295-a445-7ce47065cc36
12-16 10:36:57.809: E/MediaPlayUtil(15923): deviceName = WHALEY-PC: whaley:, index = uuid:192e06de-0a22-43f3-8b2c-d216a645e4f9
12-16 10:36:57.809: E/MediaPlayUtil(15923): deviceName = AHLIN-PC: Ahlin:, index = uuid:5872c655-d6f3-4881-a60a-d0e9039bc577
12-16 10:36:57.809: E/MediaPlayUtil(15923): deviceName = DELL-PC: dell:, index = uuid:e781fe0b-79e4-407b-80b9-1ef82383fa31
12-16 10:36:57.809: E/MediaPlayUtil(15923): deviceName = WHALEY-PC: OPPLE:, index = uuid:f4fe3b42-ec4d-4230-991c-5289b6d8af6b
12-16 10:36:57.809: E/MediaPlayUtil(15923): deviceName = 20150522S11: Martin:, index = uuid:4ef08aed-ec9c-4a64-a6f4-09ba1ef1ef51
12-16 10:36:57.809: E/MediaPlayUtil(15923): deviceName = HC-PC: hc:, index = uuid:e54ce558-0148-406c-8b5d-7f8f250cf688
12-16 10:36:57.810: E/MediaPlayUtil(15923): setDmpData , mAllDevicesData size = 16
12-16 10:36:57.818: W/SambaTree(15923): invalid ip address fe80::9ea6:9dff:fe10:b3%eth0
12-16 10:36:57.826: D/gralloc(1447): allocate buffer from ION HEAP 0x1
12-16 10:36:57.826: D/gralloc(1447): allocate memory from system heap
12-16 10:36:57.958: D/JniHelper(15923): JniHelper::getJavaVM(), pthread_self() = -189036672
12-16 10:36:57.964: I/WtvApi_HardwareInfoManager(15923): type = MST828productSdk = helios
12-16 10:36:57.956: I/ios.mediaplayer(15923): type=1400 audit(0.0:299): avc: denied { call } for scontext=u:r:platform_app:s0 tcontext=u:r:init:s0 tclass=binder permissive=1
12-16 10:36:57.965: I/WtvFactory(15923): Class:tv.whaley.factory.WtvFactoryManager.getService [Line:54] :---> getService
12-16 10:36:57.956: I/ios.mediaplayer(15923): type=1400 audit(0.0:299): avc: denied { call } for scontext=u:r:platform_app:s0 tcontext=u:r:init:s0 tclass=binder permissive=1
12-16 10:36:57.970: I/WhaleyFactory.Service(1212): the PanelIndex is =1
12-16 10:36:57.972: I/WtvFactory(15923): Class:tv.whaley.factory.WtvFactoryManager.getPanelIndex [Line:966] :---> index=1
12-16 10:36:57.973: D/JniHelper(15923): JniHelper::getJavaVM(), pthread_self() = -189036672
12-16 10:36:57.973: D/WtvGeneralConfig(15923): configDocPath/config/xml/general_config001.xml
12-16 10:36:57.981: E/UsbBroadcasthelper(15923): path = /storage/emulated/0, labelName = null
12-16 10:36:57.966: I/com.helios.mediaplayer(15977): type=1400 audit(0.0:300): avc: denied { getattr } for comm=474C54687265616420323836 name="/" dev="sda1" ino=5 scontext=u:r:platform_app:s0 tcontext=u:object_r:unlabeled:s0 tclass=filesystem permissive=1
12-16 10:36:58.011: D/WtvGeneralConfig(15923): configName = PRODUCT_FORM ret = tv
12-16 10:36:58.012: I/BaseUtilityManager(15923): To create TV utility manager
12-16 10:36:58.012: I/WhaleyLED(15923): To create LED Utility Instance
12-16 10:36:58.013: I/LEDUtilityImpl(15923): To create Mstar LED Utility Instance
12-16 10:36:58.023: I/TvManager_JNI(15923): JNI_OnLoad
12-16 10:36:58.025: I/TvManager_JNI(15923): native_init
12-16 10:36:58.025: I/TvManager_JNI(15923): native_setup
12-16 10:36:58.040: I/BaseUtilityManager(15923): model = true
12-16 10:36:58.042: I/Security/jni(2568): call Offline_Decrypt
12-16 10:36:58.046: I/accountlog--(15923): getLoginAccountInfo:  accountId:41054603 name:Whaley-pm
12-16 10:36:58.059: D/middleware_Core(15923): Core-->getGlobalData  VIP_STATE_41054603  >>  {"status":200,"msg":"success","clubLevelInfo":[{"club_code":"diamond","club_name":"é’»çŸ³ä¼šå‘˜","start_time":1478775562000,"end_time":1541847562000,"club_status":"opened","club_status_name":"å·²å¼€é€š","goods_tag":"diamond_tag","club_level":20,"club_rights":["diamond","basic"]},{"club_code":"basic","club_name":"ç™½é‡‘ä¼šå‘˜","start_time":1478767891000,"end_time":1541839891000,"club_status":"opened","club_status_name":"å·²å¼€é€š","goods_tag":"basic_tag","club_level":10,"club_rights":["basic"]},{"club_code":"child","club_name":"é²¸é²¸å­¦å›­","start_time":1478775619000,"end_time":1510311619000,"club_status":"opened","club_status_name":"å·²å¼€é€š","goods_tag":"child_tag","club_level":0,"club_rights":["child"]}]}
12-16 10:36:58.059: I/VipStateParser(15923): -->parseJson: {"status":200,"msg":"success","clubLevelInfo":[{"club_code":"diamond","club_name":"é’»çŸ³ä¼šå‘˜","start_time":1478775562000,"end_time":1541847562000,"club_status":"opened","club_status_name":"å·²å¼€é€š","goods_tag":"diamond_tag","club_level":20,"club_rights":["diamond","basic"]},{"club_code":"basic","club_name":"ç™½é‡‘ä¼šå‘˜","start_time":1478767891000,"end_time":1541839891000,"club_status":"opened","club_status_name":"å·²å¼€é€š","goods_tag":"basic_tag","club_level":10,"club_rights":["basic"]},{"club_code":"child","club_name":"é²¸é²¸å­¦å›­","start_time":1478775619000,"end_time":1510311619000,"club_status":"opened","club_status_name":"å·²å¼€é€š","goods_tag":"child_tag","club_level":0,"club_rights":["child"]}]}
12-16 10:36:58.063: I/mineBI(15923): {externalSpace=, uploadTime=20161216103658, productSN=XX1501VIPTEST00004, event=enter, userId=f6399351449a7ef0617d5730ceb0b968, localSpace=, romVersion=01.24.01, logType=mediaplayer, duration=0, logVersion=01, groupId=631, androidVersion=21, accountId=41054603, productLine=helios, currentVipLevel=DVIP, productModel=WTV55K1, firmwareVersion=HELIOSR-01.24.01.1650401, weatherCode=101020100, sysPlatform=yunos}
12-16 10:36:58.064: I/mineBI(15923): http://applog.aginomoto.com/mediaplayerlog/
12-16 10:36:58.065: D/HeliosBIManager(15923): logUrl : http://applog.aginomoto.com/mediaplayerlog/ strategy : DEFAULT
12-16 10:36:58.065: D/BILogManager(2568): logUrl : APP_MEDIAPLAYERLOG strategy : DEFAULT log : {"externalSpace":"","uploadTime":"20161216103658","productSN":"XX1501VIPTEST00004","event":"enter","userId":"f6399351449a7ef0617d5730ceb0b968","localSpace":"","romVersion":"01.24.01","logType":"mediaplayer","duration":"0","logVersion":"01","groupId":"631","androidVersion":"21","accountId":"41054603","productLine":"helios","currentVipLevel":"DVIP","productModel":"WTV55K1","firmwareVersion":"HELIOSR-01.24.01.1650401","weatherCode":"101020100","sysPlatform":"yunos"}
12-16 10:36:58.072: D/BILogDBManager(2568): saveLog-rowId : 77799
12-16 10:36:58.073: D/BILogDBManager(2568): getCount-count : 9
12-16 10:36:58.270: E/UsbBroadcasthelper(15923): path = /mnt/usb/sda1, labelName = ç§»åŠ¨ç¡¬ç›˜
12-16 10:36:58.272: I/TAG(15923): rootList = 2
12-16 10:36:58.277: I/MediaPlayUtil(15923): onInsert ....
12-16 10:36:58.277: I/MediaPlayUtil(15923): enter setUsbData 
12-16 10:36:58.277: E/MediaPlayUtil(15923): mSambaData size = 0
12-16 10:36:58.277: E/MediaPlayUtil(15923): setUsbData , mAllDevicesData size = 18
12-16 10:36:58.283: E/MediaPlayUtil(15923): setUsbData  data = [{"devicesName":"","id":"/storage/emulated/0","name":"0","path":"/storage/emulated/0","totalSize":"4.8 GB","usedSize":"2.4 GB","type":2},{"devicesName":"%E7%A7%BB%E5%8A%A8%E7%A1%AC%E7%9B%98","id":"%E7%A7%BB%E5%8A%A8%E7%A1%AC%E7%9B%98/mnt/usb/sda1","name":"sda1","path":"/mnt/usb/sda1","totalSize":"931.5 GB","usedSize":"892.1 GB","type":4},{"devicesName":"XIAHENG-PC: xiaheng:","id":"XIAHENG-PC: xiaheng:","index":"uuid:6a8c2321-dedb-4799-9225-5bcdc3877a15","path":"","type":0},{"devicesName":"ADMIN-PC: gaoya:","id":"ADMIN-PC: gaoya:","index":"uuid:e95325b3-6db8-4ffb-bf95-dfa1f7fd52dc","path":"","type":0},{"devicesName":"TANYA-PC: tanya:","id":"TANYA-PC: tanya:","index":"uuid:cd94647b-f5c1-4abd-a311-0996184b7ff0","path":"","type":0},{"devicesName":"20160329CY10: Administrator:","id":"20160329CY10: Administrator:","index":"uuid:c03ba3c6-be53-431e-b0ef-7b8bc3a2fde6","path":"","type":0},{"devicesName":"20160310XB01: hc:","id":"20160310XB01: hc:","index":"uuid:1d71a3e3-336a-41d3-8a20-498776695c34","path":"","type":0},{"devicesName":"HC-PC: hc:","id":"HC-PC: hc:","index":"uuid:6a0c40a9-2f45-4cd8-87a8-ebc777bc4467","path":"","type":0},{"devicesName":"WHALEY-PC: whaley:","id":"WHALEY-PC: whaley:","index":"uuid:450b8222-4583-4a2d-8231-7b13bac41e64","path":"","type":0},{"devicesName":"LUCAS-PC: hc:","id":"LUCAS-PC: hc:","index":"uuid:c4e0270b-d29c-47d2-ad26-cd766fe7725d","path":"","type":0},{"devicesName":"WIN-M99QQPA6UT5: Administrator:","id":"WIN-M99QQPA6UT5: Administrator:","index":"uuid:023a723c-0518-49db-adae-4933882846e7","path":"","type":0},{"devicesName":"WHALEY-PC: whaley:","id":"WHALEY-PC: whaley:","index":"uuid:069b1ea8-e713-4295-a445-7ce47065cc36","path":"","type":0},{"devicesName":"WHALEY-PC: whaley:","id":"WHALEY-PC: whaley:","index":"uuid:192e06de-0a22-43f3-8b2c-d216a645e4f9","path":"","type":0},{"devicesName":"AHLIN-PC: Ahlin:","id":"AHLIN-PC: Ahlin:","index":"uuid:5872c655-d6f3-4881-a60a-d0e9039bc577","path":"","type":0},{"devicesName":"DELL-PC: dell:","id":"DELL-PC: dell:","index":"uuid:e781fe0b-79e4-407b-80b9-1ef82383fa31","path":"","type":0},{"devicesName":"WHALEY-PC: OPPLE:","id":"WHALEY-PC: OPPLE:","index":"uuid:f4fe3b42-ec4d-4230-991c-5289b6d8af6b","path":"","type":0},{"devicesName":"20150522S11: Martin:","id":"20150522S11: Martin:","index":"uuid:4ef08aed-ec9c-4a64-a6f4-09ba1ef1ef51","path":"","type":0},{"devicesName":"HC-PC: hc:","id":"HC-PC: hc:","index":"uuid:e54ce558-0148-406c-8b5d-7f8f250cf688","path":"","type":0}]
12-16 10:36:58.283: I/MediaPlayUtil(15923): Get exist deviceList
12-16 10:36:58.484: I/aoc(13682): WaitForGcToComplete blocked for 37.638ms for cause HomogeneousSpaceCompact
12-16 10:36:58.491: I/SLK: :[BroadcastManager$2.onSuccess(Line:197)](2808): send broadcast success : Bundle[{data=[]}]
12-16 10:36:58.503: D/gralloc(1447): allocate buffer from ION HEAP 0x1
12-16 10:36:58.503: D/gralloc(1447): allocate memory from system heap
12-16 10:36:58.639: D/WifiNative-wlan0(1667): doString: [SIGNAL_POLL]
12-16 10:36:58.646: E/WifiConfigStore(1667): updateConfiguration freq=5765 BSSID=d4:68:ba:81:46:e3 RSSI=-45 "SmartHome"WPA_PSK
12-16 10:36:58.654: D/NetdConnector(1667): SND -> {121 bandwidth gettetherstats}
12-16 10:36:58.655: E/CommandListener(1198): gettetherstats
12-16 10:36:58.655: E/Netd(1198): gettetherstats
12-16 10:36:58.655: E/CommandListener(1198): Tethering stats list completed
12-16 10:36:58.655: E/Netd(1198): Tethering stats list completed
12-16 10:36:58.655: D/NetdConnector(1667): RMV <- {200 121 Tethering stats list completed}
12-16 10:36:58.687: D/NetdConnector(1667): SND -> {122 bandwidth setglobalalert 2097152}
12-16 10:36:58.691: D/NetdConnector(1667): RMV <- {200 122 Bandwidth command succeeeded}
12-16 10:36:58.808: D/AdHttpDownload(3048): download count: 10864992 ; length : 25803000 ; progress : 40
12-16 10:36:59.005: E/LocalSocketTransmitVoice(2036): [66] connect to server failed
12-16 10:36:59.626: D/WifiHW(1667): ===>[detect_wifi_device]
12-16 10:36:59.676: E/WifiStateMachine(1667): WifiStateMachine CMD_START_SCAN source -2 txSuccessRate=1131.35 rxSuccessRate=2051.74 targetRoamBSSID=d4:68:ba:81:46:e3 RSSI=-46
12-16 10:36:59.676: E/WifiStateMachine(1667): WifiStateMachine CMD_START_SCAN with age=1481855819676 interval=20000 maxinterval=300000
12-16 10:36:59.676: E/WifiStateMachine(1667): WifiStateMachine CMD_START_SCAN try full band scan age=1481855819676 interval=20000 maxinterval=300000
12-16 10:36:59.676: E/WifiStateMachine(1667): WifiStateMachine CMD_START_SCAN prevent full band scan due to pkt rate
12-16 10:36:59.676: E/WifiStateMachine(1667): WifiStateMachine CMD_START_SCAN source -2 ...and ignore scans tx=1131.35 rx=2051.74
12-16 10:36:59.909: I/AppUtil(2331): requestAppIconList onState: STATE_SUCCESS  appIconMap:{com.shafa.market=, com.xiaobaifile.tv=, cn.whaley.remotehelp.tv=, com.moretv.android=http://apppic.aginomoto.com/appstore/images/app/icon/cust_com.moretv.android.png, com.helios.fm=, com.gitvdemo.video=}
12-16 10:36:59.909: I/AppUtil(2331): getAppIconList appIconMap: 6
12-16 10:36:59.958: D/PersistentConnect(2385): cmd : 268435489 msg : 
12-16 10:37:00.537: I/SLK: TransportManager:[FamilyTransportManager$4.onComplete(Line:1787)](2808):  get udp Broadcast : []
12-16 10:37:00.537: I/SLK: :[BroadcastManager$2.onSuccess(Line:197)](2808): send broadcast success : Bundle[{data=[]}]
12-16 10:37:00.609: D/AdHttpDownload(3048): download count: 12224000 ; length : 25803000 ; progress : 45
12-16 10:37:00.618: E/WifiManager(1667): getDhcpInfo().
12-16 10:37:00.618: D/ConnectivityService(1667): avgrssi = -46
12-16 10:37:00.650: D/ConnectivityService(1667): init.svc.rssimonitor =running
12-16 10:37:00.655: I/rssi.sh(16001): BCM43569
12-16 10:37:00.669: I/rssi.sh(16001): shell---rssi->>>rssi[0] -57 rssi[1] -44 rssi[2] 0
12-16 10:37:00.719: I/rssi.sh(16001): getprop wifi.rf.rssi:rssi[0] -57 rssi[1] -44 rssi[2] 0
12-16 10:37:00.741: D/ConnectivityService(1667): cyc_rssi=rssi[0] -57  rssi[1] -44  rssi[2] 0  60ms
12-16 10:37:00.741: D/ConnectivityService(1667): CycConetent is rssi[0] -57  rssi[1] -44  rssi[2] 0  ,-46,60ms
12-16 10:37:00.761: D/HeliosBIReceiver(2568): intent : Intent { act=com.helios.middleware.bi.action.UPLOADLOG flg=0x10 cmp=com.helios.middleware.iservice/com.helios.middleware.bi.HeliosBIReceiver (has extras) }
12-16 10:37:00.761: D/HeliosBIReceiver(2568): logUrl : 28 strategy : 1 log : {"logVersion":"02","logType":"event","happenTime":1481855820741,"eventId":"whaley-rom-wifi-cyc-info","params":{"CycContent":"rssi[0] -57  rssi[1] -44  rssi[2] 0  ,-46,60ms"}}
12-16 10:37:00.761: D/BILogManager(2568): logUrl : TV_ROMLOG strategy : DEFAULT log : {"logVersion":"02","logType":"event","happenTime":1481855820741,"eventId":"whaley-rom-wifi-cyc-info","params":{"CycContent":"rssi[0] -57  rssi[1] -44  rssi[2] 0  ,-46,60ms"}}
12-16 10:37:00.811: W/l(13682): HTTP request failed: (OutgoingEventRequestMessage) NOTIFY http://172.16.210.161:2869/upnp/eventing/lcgodyfbrn
12-16 10:37:00.811: W/l(13682): org.eclipse.jetty.io.EofException: early EOF
12-16 10:37:00.811: W/l(13682): 	at org.eclipse.jetty.client.a$b.Kc(Unknown Source)
12-16 10:37:00.811: W/l(13682): 	at org.eclipse.jetty.http.s.Ni(Unknown Source)
12-16 10:37:00.811: W/l(13682): 	at org.eclipse.jetty.http.s.Nh(Unknown Source)
12-16 10:37:00.811: W/l(13682): 	at org.eclipse.jetty.client.c.JR(Unknown Source)
12-16 10:37:00.811: W/l(13682): 	at org.eclipse.jetty.io.a.h.Oy(Unknown Source)
12-16 10:37:00.811: W/l(13682): 	at org.eclipse.jetty.io.a.i.run(Unknown Source)
12-16 10:37:00.811: W/l(13682): 	at java.util.concurrent.ThreadPoolExecutor.runWorker(ThreadPoolExecutor.java:1112)
12-16 10:37:00.811: W/l(13682): 	at java.util.concurrent.ThreadPoolExecutor$Worker.run(ThreadPoolExecutor.java:587)
12-16 10:37:00.811: W/l(13682): 	at java.lang.Thread.run(Thread.java:818)
12-16 10:37:00.811: W/l(13682): HTTP request took a long time (7137ms): (OutgoingEventRequestMessage) NOTIFY http://172.16.210.161:2869/upnp/eventing/lcgodyfbrn
12-16 10:37:00.818: D/ConnectivityService(1667): wifiConnected, ping www.baidu.com Ok. data=75ms
12-16 10:37:00.940: D/BILogDBManager(2568): saveLog-rowId : 77800
12-16 10:37:00.941: D/BILogDBManager(2568): getCount-count : 10
12-16 10:37:00.943: D/NetWorkUtil(2568): isOnLineNet TRUE
12-16 10:37:00.945: D/BILogDBManager(2568): getLogUrlList-cursorCount : 3
12-16 10:37:00.948: D/BILogDBManager(2568): getBILogListByUrl-cursorCount : 7
12-16 10:37:00.949: D/SystemUtils(2568): getSN: XX1501VIPTEST00004
12-16 10:37:00.949: I/WtvApi_HardwareInfoManager(2568): model = WTV55K1
12-16 10:37:00.950: I/WtvApi_HardwareInfoManager(2568): form = helios
12-16 10:37:00.951: D/SystemUtils(2568): getSN: XX1501VIPTEST00004
12-16 10:37:00.951: I/WtvApi_HardwareInfoManager(2568): model = WTV55K1
12-16 10:37:00.952: I/WtvApi_HardwareInfoManager(2568): form = helios
12-16 10:37:01.006: E/LocalSocketTransmitVoice(2036): [66] connect to server failed
12-16 10:37:01.073: D/HttpHelper(2568): response : HTTP/1.1 200 OK
12-16 10:37:01.075: D/BILogManager(2568): httpResult : {"status":200}
12-16 10:37:01.075: D/BILogDBManager(2568): deleteLog-sql : DELETE FROM bilog WHERE _id IN (77791,77792,77793,77795,77796,77798,77800)
12-16 10:37:01.085: D/BILogManager(2568): upload success.
12-16 10:37:01.087: D/BILogDBManager(2568): getBILogListByUrl-cursorCount : 2
12-16 10:37:01.088: D/SystemUtils(2568): getSN: XX1501VIPTEST00004
12-16 10:37:01.088: I/WtvApi_HardwareInfoManager(2568): model = WTV55K1
12-16 10:37:01.089: I/WtvApi_HardwareInfoManager(2568): form = helios
12-16 10:37:01.090: D/SystemUtils(2568): getSN: XX1501VIPTEST00004
12-16 10:37:01.090: I/WtvApi_HardwareInfoManager(2568): model = WTV55K1
12-16 10:37:01.090: I/WtvApi_HardwareInfoManager(2568): form = helios
12-16 10:37:01.255: D/NetdConnector(1667): SND -> {123 bandwidth gettetherstats}
12-16 10:37:01.257: E/CommandListener(1198): gettetherstats
12-16 10:37:01.257: E/Netd(1198): gettetherstats
12-16 10:37:01.257: E/CommandListener(1198): Tethering stats list completed
12-16 10:37:01.257: E/Netd(1198): Tethering stats list completed
12-16 10:37:01.257: D/NetdConnector(1667): RMV <- {200 123 Tethering stats list completed}
12-16 10:37:01.278: D/NetdConnector(1667): SND -> {124 bandwidth setglobalalert 2097152}
12-16 10:37:01.279: D/NetdConnector(1667): RMV <- {200 124 Bandwidth command succeeeded}
12-16 10:37:01.450: I/HLSP2P(3803): ## 2016-12-16 10:37:01.450 [3803,3927,:0] INFO ## [HLSP2P][DownloadManager.cpp:34][INFO][TryAdjustCacheSize]system memory total size: 1928M, free size: 757M, cache add to 100MB, AppState: 14
12-16 10:37:01.510: D/JniHelper(15923): JniHelper::getJavaVM(), pthread_self() = -189036672
12-16 10:37:01.510: I/mediaPlayerDevices(15923): {"mediaPlayerDevices":[{"name":"æœ¬åœ°æ–‡ä»¶","type":"local file"},{"name":"ç§»åŠ¨ç¡¬ç›˜","type":"USB"},{"name":"XIAHENG-PC: xiaheng:","type":"DMP"},{"name":"ADMIN-PC: gaoya:","type":"DMP"},{"name":"TANYA-PC: tanya:","type":"DMP"},{"name":"20160329CY10: Administrator:","type":"DMP"},{"name":"20160310XB01: hc:","type":"DMP"},{"name":"HC-PC: hc:","type":"DMP"},{"name":"WHALEY-PC: whaley:","type":"DMP"},{"name":"LUCAS-PC: hc:","type":"DMP"},{"name":"WIN-M99QQPA6UT5: Administrator:","type":"DMP"},{"name":"WHALEY-PC: whaley:","type":"DMP"},{"name":"WHALEY-PC: whaley:","type":"DMP"},{"name":"AHLIN-PC: Ahlin:","type":"DMP"},{"name":"DELL-PC: dell:","type":"DMP"},{"name":"WHALEY-PC: OPPLE:","type":"DMP"},{"name":"20150522S11: Martin:","type":"DMP"},{"name":"HC-PC: hc:","type":"DMP"},{"name":"HC-PC: hc:","type":"DMP"}]}
12-16 10:37:01.527: I/tvos(1206): [37m[INFO] Change to Voltage: 102 mv (0x23)[m
12-16 10:37:01.654: D/WifiNative-wlan0(1667): doString: [SIGNAL_POLL]
12-16 10:37:01.658: E/WifiConfigStore(1667): updateConfiguration freq=5765 BSSID=d4:68:ba:81:46:e3 RSSI=-45 "SmartHome"WPA_PSK
12-16 10:37:02.027: I/tvos(1206): [37m[INFO] Change to Voltage: 117 mv (0x32)[m
12-16 10:37:02.362: D/HttpHelper(2568): response : HTTP/1.1 200 OK
12-16 10:37:02.367: D/BILogManager(2568): httpResult : {"status":200}
12-16 10:37:02.367: D/BILogDBManager(2568): deleteLog-sql : DELETE FROM bilog WHERE _id IN (77794,77799)
12-16 10:37:02.377: D/BILogManager(2568): upload success.
12-16 10:37:02.379: D/BILogDBManager(2568): getBILogListByUrl-cursorCount : 1
12-16 10:37:02.381: D/SystemUtils(2568): getSN: XX1501VIPTEST00004
12-16 10:37:02.381: I/WtvApi_HardwareInfoManager(2568): model = WTV55K1
12-16 10:37:02.382: I/WtvApi_HardwareInfoManager(2568): form = helios
12-16 10:37:02.383: D/SystemUtils(2568): getSN: XX1501VIPTEST00004
12-16 10:37:02.383: I/WtvApi_HardwareInfoManager(2568): model = WTV55K1
12-16 10:37:02.384: I/WtvApi_HardwareInfoManager(2568): form = helios
12-16 10:37:02.427: I/tvos(1206): [37m[INFO] Change to Voltage: 117 mv (0x32)[m
12-16 10:37:02.596: I/SLK: :[BroadcastManager$2.onSuccess(Line:197)](2808): send broadcast success : Bundle[{data=[]}]
12-16 10:37:02.621: D/HttpHelper(2568): response : HTTP/1.1 200 OK
12-16 10:37:02.622: D/BILogManager(2568): httpResult : {"status":200}
12-16 10:37:02.622: D/BILogDBManager(2568): deleteLog-sql : DELETE FROM bilog WHERE _id IN (77797)
12-16 10:37:02.627: I/tvos(1206): [37m[INFO] Change to Voltage: 112 mv (0x2D)[m
12-16 10:37:02.734: D/BILogManager(2568): upload success.
12-16 10:37:02.820: D/AdHttpDownload(3048): download count: 13580828 ; length : 25803000 ; progress : 50
12-16 10:37:02.827: I/tvos(1206): [37m[INFO] Change to Voltage: 117 mv (0x32)[m
12-16 10:37:02.842: D/SambaMgr(15923): complete in 0 while 0
12-16 10:37:03.006: E/LocalSocketTransmitVoice(2036): [66] connect to server failed
12-16 10:37:03.027: I/tvos(1206): [37m[INFO] Change to Voltage: 112 mv (0x2D)[m
12-16 10:37:03.227: I/tvos(1206): [37m[INFO] Change to Voltage: 117 mv (0x32)[m
12-16 10:37:03.427: I/tvos(1206): [37m[INFO] Change to Voltage: 107 mv (0x28)[m
12-16 10:37:03.627: I/tvos(1206): [37m[INFO] Change to Voltage: 102 mv (0x23)[m
12-16 10:37:03.818: E/WifiManager(1667): getDhcpInfo().
12-16 10:37:03.818: D/ConnectivityService(1667): avgrssi = -46
12-16 10:37:03.849: D/ConnectivityService(1667): init.svc.rssimonitor =running
12-16 10:37:03.855: I/rssi.sh(16014): BCM43569
12-16 10:37:03.866: I/rssi.sh(16014): shell---rssi->>>rssi[0] -57 rssi[1] -46 rssi[2] 0
12-16 10:37:03.907: I/rssi.sh(16014): getprop wifi.rf.rssi:rssi[0] -57 rssi[1] -46 rssi[2] 0
12-16 10:37:03.910: D/ConnectivityService(1667): cyc_rssi=rssi[0] -57  rssi[1] -46  rssi[2] 0  75ms
12-16 10:37:03.910: D/ConnectivityService(1667): CycConetent is rssi[0] -57  rssi[1] -46  rssi[2] 0  ,-46,75ms
12-16 10:37:03.913: D/HeliosBIReceiver(2568): intent : Intent { act=com.helios.middleware.bi.action.UPLOADLOG flg=0x10 cmp=com.helios.middleware.iservice/com.helios.middleware.bi.HeliosBIReceiver (has extras) }
12-16 10:37:03.913: D/HeliosBIReceiver(2568): logUrl : 28 strategy : 1 log : {"logVersion":"02","logType":"event","happenTime":1481855823910,"eventId":"whaley-rom-wifi-cyc-info","params":{"CycContent":"rssi[0] -57  rssi[1] -46  rssi[2] 0  ,-46,75ms"}}
12-16 10:37:03.913: D/BILogManager(2568): logUrl : TV_ROMLOG strategy : DEFAULT log : {"logVersion":"02","logType":"event","happenTime":1481855823910,"eventId":"whaley-rom-wifi-cyc-info","params":{"CycContent":"rssi[0] -57  rssi[1] -46  rssi[2] 0  ,-46,75ms"}}
12-16 10:37:03.921: D/BILogDBManager(2568): saveLog-rowId : 77801
12-16 10:37:03.922: D/BILogDBManager(2568): getCount-count : 1
12-16 10:37:03.934: I/tvos(1206): [37m[INFO] Change to Voltage: 117 mv (0x32)[m
12-16 10:37:03.975: I/HLSP2P(3950): ## 2016-12-16 10:37:03.974 [3950,4077,:0] INFO ## [HLSP2P][DownloadManager.cpp:34][INFO][TryAdjustCacheSize]system memory total size: 1928M, free size: 762M, cache add to 100MB, AppState: 14
12-16 10:37:04.010: D/ConnectivityService(1667): wifiConnected, ping www.baidu.com Ok. data=99ms
12-16 10:37:04.042: D/NetdConnector(1667): SND -> {125 bandwidth gettetherstats}
12-16 10:37:04.043: E/CommandListener(1198): gettetherstats
12-16 10:37:04.043: E/Netd(1198): gettetherstats
12-16 10:37:04.043: E/CommandListener(1198): Tethering stats list completed
12-16 10:37:04.043: E/Netd(1198): Tethering stats list completed
12-16 10:37:04.043: D/NetdConnector(1667): RMV <- {200 125 Tethering stats list completed}
12-16 10:37:04.074: D/NetdConnector(1667): SND -> {126 bandwidth setglobalalert 2097152}
12-16 10:37:04.076: D/NetdConnector(1667): RMV <- {200 126 Bandwidth command succeeeded}
12-16 10:37:04.232: I/tvos(1206): [37m[INFO] Change to Voltage: 102 mv (0x23)[m
12-16 10:37:04.423: D/AdHttpDownload(3048): download count: 14939312 ; length : 25803000 ; progress : 55
12-16 10:37:04.431: W/l(13682): HTTP request took a long time (46124ms): (StreamRequestMessage) GET http://172.16.209.112:50787/upnp/dev/752fc28e-5c94-4107-95a0-7c8db8e59471/svc/upnp-org/RenderingControl/desc
12-16 10:37:04.439: W/aoc(13682): Suspending all threads took: 5.745ms
12-16 10:37:04.630: D/WifiHW(1667): ===>[detect_wifi_device]
12-16 10:37:04.667: D/WifiNative-wlan0(1667): doString: [SIGNAL_POLL]
12-16 10:37:04.672: E/WifiConfigStore(1667): updateConfiguration freq=5765 BSSID=d4:68:ba:81:46:e3 RSSI=-45 "SmartHome"WPA_PSK
12-16 10:37:04.681: I/SLK: :[BroadcastManager$2.onSuccess(Line:197)](2808): send broadcast success : Bundle[{data=[]}]
12-16 10:37:05.007: E/LocalSocketTransmitVoice(2036): [66] connect to server failed
12-16 10:37:05.331: I/tvos(1206): [37m[INFO] Change to Voltage: 117 mv (0x32)[m
12-16 10:37:05.529: I/tvos(1206): [37m[INFO] Change to Voltage: 112 mv (0x2D)[m
12-16 10:37:05.830: I/tvos(1206): [37m[INFO] Change to Voltage: 102 mv (0x23)[m
12-16 10:37:06.140: D/AdHttpDownload(3048): download count: 16296736 ; length : 25803000 ; progress : 60
12-16 10:37:06.543: D/NetdConnector(1667): SND -> {127 bandwidth gettetherstats}
12-16 10:37:06.543: E/CommandListener(1198): gettetherstats
12-16 10:37:06.543: E/Netd(1198): gettetherstats
12-16 10:37:06.543: E/CommandListener(1198): Tethering stats list completed
12-16 10:37:06.543: E/Netd(1198): Tethering stats list completed
12-16 10:37:06.544: D/NetdConnector(1667): RMV <- {200 127 Tethering stats list completed}
12-16 10:37:06.564: D/NetdConnector(1667): SND -> {128 bandwidth setglobalalert 2097152}
12-16 10:37:06.565: D/NetdConnector(1667): RMV <- {200 128 Bandwidth command succeeeded}
12-16 10:37:06.654: D/TaskPersister(1667): removeObsoleteFile: deleting file=534_task.xml
12-16 10:37:06.655: D/TaskPersister(1667): removeObsoleteFile: deleting file=534_task_thumbnail.png
12-16 10:37:06.657: D/TaskPersister(1667): removeObsoleteFile: deleting file=522_task_thumbnail.png
12-16 10:37:06.735: I/SLK: TransportManager:[FamilyTransportManager$4.onComplete(Line:1787)](2808):  get udp Broadcast : []
12-16 10:37:06.736: I/SLK: :[BroadcastManager$2.onSuccess(Line:197)](2808): send broadcast success : Bundle[{data=[]}]
12-16 10:37:06.827: I/HLSP2P(3617): ## 2016-12-16 10:37:06.827 [3617,3757,:0] INFO ## [HLSP2P][DownloadManager.cpp:34][INFO][TryAdjustCacheSize]system memory total size: 1928M, free size: 762M, cache add to 100MB, AppState: 14
12-16 10:37:06.857: I/HLSP2P(3617): ## 2016-12-16 10:37:06.857 [3617,3756,:0] INFO ## [HLSP2P][DownloadManager.cpp:34][DEBUG][HttpDomainResolve]connect dns server ok, elapse 27 ms
12-16 10:37:06.858: I/HLSP2P(3617): ## 2016-12-16 10:37:06.858 [3617,3756,:0] INFO ## [HLSP2P][DownloadManager.cpp:34][DEBUG][HttpDomainResolve]send http request ok
12-16 10:37:06.913: I/HLSP2P(3617): ## 2016-12-16 10:37:06.913 [3617,3756,:0] INFO ## [HLSP2P][DownloadManager.cpp:34][DEBUG][HttpDomainResolve]recv complete, elapse 55 ms
12-16 10:37:06.914: I/HLSP2P(3617): ## 2016-12-16 10:37:06.914 [3617,3756,:0] INFO ## [HLSP2P][DownloadManager.cpp:34][DEBUG][GetCGIResult]dns ok, host = btrace.play.ott.video.qq.com, ip = 59.37.96.240, elpase = 84 ms
12-16 10:37:07.008: E/LocalSocketTransmitVoice(2036): [66] connect to server failed
12-16 10:37:07.010: E/WifiManager(1667): getDhcpInfo().
12-16 10:37:07.011: D/ConnectivityService(1667): avgrssi = -46
12-16 10:37:07.041: D/ConnectivityService(1667): init.svc.rssimonitor =running
12-16 10:37:07.048: I/rssi.sh(16024): BCM43569
12-16 10:37:07.061: I/rssi.sh(16024): shell---rssi->>>rssi[0] -56 rssi[1] -46 rssi[2] 0
12-16 10:37:07.104: I/rssi.sh(16024): getprop wifi.rf.rssi:rssi[0] -56 rssi[1] -46 rssi[2] 0
12-16 10:37:07.133: D/ConnectivityService(1667): cyc_rssi=rssi[0] -56  rssi[1] -46  rssi[2] 0  99ms
12-16 10:37:07.133: D/ConnectivityService(1667): CycConetent is rssi[0] -56  rssi[1] -46  rssi[2] 0  ,-46,99ms
12-16 10:37:07.137: D/HeliosBIReceiver(2568): intent : Intent { act=com.helios.middleware.bi.action.UPLOADLOG flg=0x10 cmp=com.helios.middleware.iservice/com.helios.middleware.bi.HeliosBIReceiver (has extras) }
12-16 10:37:07.137: D/HeliosBIReceiver(2568): logUrl : 28 strategy : 1 log : {"logVersion":"02","logType":"event","happenTime":1481855827133,"eventId":"whaley-rom-wifi-cyc-info","params":{"CycContent":"rssi[0] -56  rssi[1] -46  rssi[2] 0  ,-46,99ms"}}
12-16 10:37:07.137: D/BILogManager(2568): logUrl : TV_ROMLOG strategy : DEFAULT log : {"logVersion":"02","logType":"event","happenTime":1481855827133,"eventId":"whaley-rom-wifi-cyc-info","params":{"CycContent":"rssi[0] -56  rssi[1] -46  rssi[2] 0  ,-46,99ms"}}
12-16 10:37:07.150: D/BILogDBManager(2568): saveLog-rowId : 77802
12-16 10:37:07.156: D/BILogDBManager(2568): getCount-count : 2
12-16 10:37:07.189: I/HLSP2P(3617): ## 2016-12-16 10:37:07.188 [3617,3756,:0] INFO ## [HLSP2P][DownloadManager.cpp:34][DEBUG][GetCGIResult]dns ok, host = btrace.play.ott.video.qq.com, ip = 59.37.96.240, elpase = 0 ms
12-16 10:37:07.279: D/ConnectivityService(1667): wifiConnected, ping www.baidu.com Ok. data=143ms
12-16 10:37:07.365: I/HLSP2P(3617): ## 2016-12-16 10:37:07.364 [3617,3756,:0] INFO ## [HLSP2P][DownloadManager.cpp:34][DEBUG][GetCGIResult]dns ok, host = btrace.play.ott.video.qq.com, ip = 59.37.96.240, elpase = 0 ms
12-16 10:37:07.677: D/WifiNative-wlan0(1667): doString: [SIGNAL_POLL]
12-16 10:37:07.681: E/WifiConfigStore(1667): updateConfiguration freq=5765 BSSID=d4:68:ba:81:46:e3 RSSI=-45 "SmartHome"WPA_PSK
12-16 10:37:08.407: D/AdHttpDownload(3048): download count: 17655376 ; length : 25803000 ; progress : 65
12-16 10:37:08.494: I/aoc(13682): WaitForGcToComplete blocked for 7.736ms for cause HomogeneousSpaceCompact
12-16 10:37:08.782: I/SLK: :[BroadcastManager$2.onSuccess(Line:197)](2808): send broadcast success : Bundle[{data=[]}]
12-16 10:37:08.940: I/HLSP2P(3617): ## 2016-12-16 10:37:08.939 [3617,3757,:0] INFO ## [HLSP2P][DownloadManager.cpp:34][INFO][SendHeartBeatMsg][PunchHelper] send heartbeat to punch server(14.17.21.29:8002) ok
12-16 10:37:08.994: I/HLSP2P(3617): ## 2016-12-16 10:37:08.993 [3617,3759,:0] INFO ## [HLSP2P][DownloadManager.cpp:34][INFO][OnHeartbeatRsp][PunchHelper] punch heartbeat rsp ok
12-16 10:37:09.009: E/LocalSocketTransmitVoice(2036): [66] connect to server failed
12-16 10:37:09.121: D/NetdConnector(1667): SND -> {129 bandwidth gettetherstats}
12-16 10:37:09.121: E/CommandListener(1198): gettetherstats
12-16 10:37:09.121: E/Netd(1198): gettetherstats
12-16 10:37:09.121: E/CommandListener(1198): Tethering stats list completed
12-16 10:37:09.122: E/Netd(1198): Tethering stats list completed
12-16 10:37:09.122: D/NetdConnector(1667): RMV <- {200 129 Tethering stats list completed}
12-16 10:37:09.145: D/NetdConnector(1667): SND -> {130 bandwidth setglobalalert 2097152}
12-16 10:37:09.147: D/NetdConnector(1667): RMV <- {200 130 Bandwidth command succeeeded}
12-16 10:37:09.516: D/AdHttpDownload(3048): download count: 19012840 ; length : 25803000 ; progress : 70
12-16 10:37:09.634: D/WifiHW(1667): ===>[detect_wifi_device]
12-16 10:37:09.693: W/bt-btif(2904): bta_hh_co_data: UHID write, key code: 0x1, 0x0
12-16 10:37:09.694: W/WindowManager(1667): >>> keyCode=22 down=true
12-16 10:37:09.794: W/bt-btif(2904): bta_hh_co_data: UHID write, key code: 0x1, 0x0
12-16 10:37:09.794: W/WindowManager(1667): >>> keyCode=22 down=false
12-16 10:37:09.795: D/WindowManager(1667): <onkey up :keyCode:22 dname:å¾®é²¸é¥æŽ§å™¨ devid:14 scan:106 Source:769
12-16 10:37:09.828: I/tvos(1206): [37m[INFO] Change to Voltage: 117 mv (0x32)[m
12-16 10:37:09.964: D/PersistentConnect(2385): cmd : 268435489 msg : 
12-16 10:37:10.134: W/bt-btif(2904): bta_hh_co_data: UHID write, key code: 0x1, 0x0
12-16 10:37:10.134: W/WindowManager(1667): >>> keyCode=22 down=true
12-16 10:37:10.264: W/bt-btif(2904): bta_hh_co_data: UHID write, key code: 0x1, 0x0
12-16 10:37:10.265: W/WindowManager(1667): >>> keyCode=22 down=false
12-16 10:37:10.272: D/WindowManager(1667): <onkey up :keyCode:22 dname:å¾®é²¸é¥æŽ§å™¨ devid:14 scan:106 Source:769
12-16 10:37:10.280: E/WifiManager(1667): getDhcpInfo().
12-16 10:37:10.280: D/ConnectivityService(1667): avgrssi = -46
12-16 10:37:10.312: D/ConnectivityService(1667): init.svc.rssimonitor =running
12-16 10:37:10.312: I/rssi.sh(16034): BCM43569
12-16 10:37:10.324: I/rssi.sh(16034): shell---rssi->>>rssi[0] -56 rssi[1] -46 rssi[2] 0
12-16 10:37:10.367: I/rssi.sh(16034): getprop wifi.rf.rssi:rssi[0] -56 rssi[1] -46 rssi[2] 0
12-16 10:37:10.373: D/ConnectivityService(1667): cyc_rssi=rssi[0] -56  rssi[1] -46  rssi[2] 0  143ms
12-16 10:37:10.374: D/ConnectivityService(1667): CycConetent is rssi[0] -56  rssi[1] -46  rssi[2] 0  ,-46,143ms
12-16 10:37:10.400: D/HeliosBIReceiver(2568): intent : Intent { act=com.helios.middleware.bi.action.UPLOADLOG flg=0x10 cmp=com.helios.middleware.iservice/com.helios.middleware.bi.HeliosBIReceiver (has extras) }
12-16 10:37:10.400: D/HeliosBIReceiver(2568): logUrl : 28 strategy : 1 log : {"logVersion":"02","logType":"event","happenTime":1481855830374,"eventId":"whaley-rom-wifi-cyc-info","params":{"CycContent":"rssi[0] -56  rssi[1] -46  rssi[2] 0  ,-46,143ms"}}
