12-16 10:37:49.024: E/LocalSocketTransmitVoice(2036): [66] connect to server failed
12-16 10:37:49.059: W/bt-btif(2904): bta_hh_co_data: UHID write, key code: 0x1, 0x0
12-16 10:37:49.059: W/WindowManager(1667): >>> keyCode=21 down=false
12-16 10:37:49.060: D/WindowManager(1667): <onkey up :keyCode:21 dname:å¾®é²¸é¥æŽ§å™¨ devid:15 scan:105 Source:769
12-16 10:37:49.339: W/bt-btif(2904): bta_hh_co_data: UHID write, key code: 0x1, 0x0
12-16 10:37:49.340: W/WindowManager(1667): >>> keyCode=22 down=true
12-16 10:37:49.380: D/BluetoothGatt(1975): connect() - device: DC:2C:26:F0:35:1D, auto: true
12-16 10:37:49.380: D/BluetoothGatt(1975): registerApp()
12-16 10:37:49.381: D/BluetoothGatt(1975): registerApp() - UUID=8e095f60-bdd9-4675-a640-eac63ae9f8db
12-16 10:37:49.383: D/BluetoothGatt(1975): onClientRegistered() - status=0 clientIf=6
12-16 10:37:49.383: D/BtGatt.btif(2904): btif_get_device_type: Device [dc:2c:26:f0:35:1d] type 2, addr. type 0
12-16 10:37:49.384: D/BluetoothGatt(1975): onClientConnectionState() - status=0 clientIf=6 device=DC:2C:26:F0:35:1D
12-16 10:37:49.384: D/BluetoothGatt(1975): discoverServices() - device: DC:2C:26:F0:35:1D
12-16 10:37:49.389: D/BluetoothGatt(1975): onSearchComplete() = Device=DC:2C:26:F0:35:1D Status=0
12-16 10:37:49.489: W/bt-btif(2904): bta_hh_co_data: UHID write, key code: 0x1, 0x0
12-16 10:37:49.489: W/WindowManager(1667): >>> keyCode=22 down=false
12-16 10:37:49.490: D/WindowManager(1667): <onkey up :keyCode:22 dname:å¾®é²¸é¥æŽ§å™¨ devid:15 scan:106 Source:769
12-16 10:37:49.499: I/BtGatt.btif(2904): set_read_value unformat.len = 1 
12-16 10:37:49.486: I/tooth.rcconnect(1975): type=1400 audit(0.0:311): avc: denied { write } for name="property_service" dev="tmpfs" ino=1345 scontext=u:r:platform_app:s0 tcontext=u:object_r:property_socket:s0 tclass=sock_file permissive=1
12-16 10:37:49.486: I/tooth.rcconnect(1975): type=1400 audit(0.0:312): avc: denied { connectto } for path="/dev/socket/property_service" scontext=u:r:platform_app:s0 tcontext=u:r:init:s0 tclass=unix_stream_socket permissive=1
12-16 10:37:49.518: I/launcher*BluetoothBatteryReceiver(2331): BluetoothBatteryReceiver onReceive : com.helios.whaleyremote.action.BATTERY_LEVEL_UPDATE
12-16 10:37:49.518: I/BaseUtilityManager(2331): To create TV utility manager
12-16 10:37:49.518: I/TvManager_JNI(2331): getBtSelectStatus
12-16 10:37:49.519: D/WtvApi_HardwareInfoManager(2331): isBTDeviceExistedtrue
12-16 10:37:49.519: I/TvManager_JNI(2331): getBtSelectStatus
12-16 10:37:49.520: I/TvManager_JNI(2331): GetBtDefaultSelect
12-16 10:37:49.521: I/BaseUtilityManager(2331): getProductRemoteType BtExist = true btDefault = true remotetype = TYPE_BT
12-16 10:37:49.521: I/bluetooth*BluetoothItemView(2331): mListenerBluetoothState id: BatteryChanged
12-16 10:37:49.521: I/launcher*BluetoothBatteryReceiver(2331):   mListenerBlueToothState  data.id: BatteryChanged
12-16 10:37:49.560: W/bt-btif(2904): bta_hh_co_data: UHID write, key code: 0x1, 0x0
12-16 10:37:49.560: W/WindowManager(1667): >>> keyCode=22 down=true
12-16 10:37:49.562: I/SLK: TransportManager:[FamilyTransportManager$4.onComplete(Line:1787)](2808):  get udp Broadcast : []
12-16 10:37:49.563: I/SLK: :[BroadcastManager$2.onSuccess(Line:197)](2808): send broadcast success : Bundle[{data=[]}]
12-16 10:37:49.569: I/BtGatt.btif(2904): set_read_value unformat.len = 6 
12-16 10:37:49.670: D/WifiHW(1667): ===>[detect_wifi_device]
12-16 10:37:49.689: W/bt-btif(2904): bta_hh_co_data: UHID write, key code: 0x1, 0x0
12-16 10:37:49.689: W/WindowManager(1667): >>> keyCode=22 down=false
12-16 10:37:49.690: D/WindowManager(1667): <onkey up :keyCode:22 dname:å¾®é²¸é¥æŽ§å™¨ devid:15 scan:106 Source:769
12-16 10:37:49.690: I/BtGatt.btif(2904): set_read_value unformat.len = 7 
12-16 10:37:49.703: D/BluetoothGatt(1975): cancelOpen() - device: DC:2C:26:F0:35:1D
12-16 10:37:49.704: D/BluetoothGatt(1975): onClientConnectionState() - status=0 clientIf=6 device=DC:2C:26:F0:35:1D
12-16 10:37:49.704: D/BluetoothGatt(1975): close()
12-16 10:37:49.704: D/BluetoothGatt(1975): unregisterApp() - mClientIf=6
12-16 10:37:49.790: W/bt-btif(2904): bta_hh_co_data: UHID write, key code: 0x1, 0x0
12-16 10:37:49.790: W/WindowManager(1667): >>> keyCode=22 down=true
12-16 10:37:49.804: D/WifiNative-wlan0(1667): doString: [SIGNAL_POLL]
12-16 10:37:49.807: E/WifiConfigStore(1667): updateConfiguration freq=5765 BSSID=d4:68:ba:81:46:e3 RSSI=-48 "SmartHome"WPA_PSK
12-16 10:37:49.900: W/bt-btif(2904): bta_hh_co_data: UHID write, key code: 0x1, 0x0
12-16 10:37:49.900: W/WindowManager(1667): >>> keyCode=22 down=false
12-16 10:37:49.904: D/WindowManager(1667): <onkey up :keyCode:22 dname:å¾®é²¸é¥æŽ§å™¨ devid:15 scan:106 Source:769
12-16 10:37:50.219: W/bt-btif(2904): bta_hh_co_data: UHID write, key code: 0x1, 0x0
12-16 10:37:50.220: W/WindowManager(1667): >>> keyCode=20 down=true
12-16 10:37:50.234: D/PersistentConnect(2385): cmd : 268435489 msg : 
12-16 10:37:50.359: W/bt-btif(2904): bta_hh_co_data: UHID write, key code: 0x1, 0x0
12-16 10:37:50.360: W/WindowManager(1667): >>> keyCode=20 down=false
12-16 10:37:50.360: D/WindowManager(1667): <onkey up :keyCode:20 dname:å¾®é²¸é¥æŽ§å™¨ devid:15 scan:108 Source:769
12-16 10:37:50.449: W/bt-btif(2904): bta_hh_co_data: UHID write, key code: 0x1, 0x0
12-16 10:37:50.450: W/WindowManager(1667): >>> keyCode=20 down=true
12-16 10:37:50.599: W/bt-btif(2904): bta_hh_co_data: UHID write, key code: 0x1, 0x0
12-16 10:37:50.599: W/WindowManager(1667): >>> keyCode=20 down=false
12-16 10:37:50.600: D/WindowManager(1667): <onkey up :keyCode:20 dname:å¾®é²¸é¥æŽ§å™¨ devid:15 scan:108 Source:769
12-16 10:37:50.689: W/bt-btif(2904): bta_hh_co_data: UHID write, key code: 0x1, 0x0
12-16 10:37:50.689: W/WindowManager(1667): >>> keyCode=20 down=true
12-16 10:37:50.829: W/bt-btif(2904): bta_hh_co_data: UHID write, key code: 0x1, 0x0
12-16 10:37:50.833: W/WindowManager(1667): >>> keyCode=20 down=false
12-16 10:37:50.834: D/WindowManager(1667): <onkey up :keyCode:20 dname:å¾®é²¸é¥æŽ§å™¨ devid:15 scan:108 Source:769
12-16 10:37:50.929: W/bt-btif(2904): bta_hh_co_data: UHID write, key code: 0x1, 0x0
12-16 10:37:50.930: W/WindowManager(1667): >>> keyCode=20 down=true
12-16 10:37:51.025: E/LocalSocketTransmitVoice(2036): [66] connect to server failed
12-16 10:37:51.049: W/bt-btif(2904): bta_hh_co_data: UHID write, key code: 0x1, 0x0
12-16 10:37:51.050: W/WindowManager(1667): >>> keyCode=20 down=false
12-16 10:37:51.052: D/WindowManager(1667): <onkey up :keyCode:20 dname:å¾®é²¸é¥æŽ§å™¨ devid:15 scan:108 Source:769
12-16 10:37:51.169: W/bt-btif(2904): bta_hh_co_data: UHID write, key code: 0x1, 0x0
12-16 10:37:51.170: W/WindowManager(1667): >>> keyCode=20 down=true
12-16 10:37:51.259: W/bt-btif(2904): bta_hh_co_data: UHID write, key code: 0x1, 0x0
12-16 10:37:51.260: W/WindowManager(1667): >>> keyCode=20 down=false
12-16 10:37:51.260: D/WindowManager(1667): <onkey up :keyCode:20 dname:å¾®é²¸é¥æŽ§å™¨ devid:15 scan:108 Source:769
12-16 10:37:51.370: W/bt-btif(2904): bta_hh_co_data: UHID write, key code: 0x1, 0x0
12-16 10:37:51.371: W/WindowManager(1667): >>> keyCode=20 down=true
12-16 10:37:51.499: W/bt-btif(2904): bta_hh_co_data: UHID write, key code: 0x1, 0x0
12-16 10:37:51.500: W/WindowManager(1667): >>> keyCode=20 down=false
12-16 10:37:51.501: D/WindowManager(1667): <onkey up :keyCode:20 dname:å¾®é²¸é¥æŽ§å™¨ devid:15 scan:108 Source:769
12-16 10:37:51.589: W/bt-btif(2904): bta_hh_co_data: UHID write, key code: 0x1, 0x0
12-16 10:37:51.589: W/WindowManager(1667): >>> keyCode=20 down=true
12-16 10:37:51.597: I/SLK: :[BroadcastManager$2.onSuccess(Line:197)](2808): send broadcast success : Bundle[{data=[]}]
12-16 10:37:51.636: I/HLSP2P(3803): ## 2016-12-16 10:37:51.636 [3803,3927,:0] INFO ## [HLSP2P][DownloadManager.cpp:34][INFO][TryAdjustCacheSize]system memory total size: 1928M, free size: 764M, cache add to 100MB, AppState: 14
12-16 10:37:51.719: W/bt-btif(2904): bta_hh_co_data: UHID write, key code: 0x1, 0x0
12-16 10:37:51.719: W/WindowManager(1667): >>> keyCode=20 down=false
12-16 10:37:51.720: D/WindowManager(1667): <onkey up :keyCode:20 dname:å¾®é²¸é¥æŽ§å™¨ devid:15 scan:108 Source:769
12-16 10:37:51.819: W/bt-btif(2904): bta_hh_co_data: UHID write, key code: 0x1, 0x0
12-16 10:37:51.819: W/WindowManager(1667): >>> keyCode=20 down=true
12-16 10:37:51.860: E/WifiManager(1667): getDhcpInfo().
12-16 10:37:51.860: D/ConnectivityService(1667): avgrssi = -48
12-16 10:37:51.881: W/l(13682): HTTP request took a long time (33332ms): (StreamRequestMessage) GET http://172.16.210.31:49157/upnp/service/RemoteControlSCPD.xml
12-16 10:37:51.891: I/rssi.sh(16175): BCM43569
12-16 10:37:51.894: D/ConnectivityService(1667): init.svc.rssimonitor =running
12-16 10:37:51.903: I/rssi.sh(16175): shell---rssi->>>rssi[0] -57 rssi[1] -46 rssi[2] 0
12-16 10:37:51.939: I/rssi.sh(16175): getprop wifi.rf.rssi:rssi[0] -57 rssi[1] -46 rssi[2] 0
12-16 10:37:51.955: D/ConnectivityService(1667): cyc_rssi=rssi[0] -57  rssi[1] -46  rssi[2] 0  84ms
12-16 10:37:51.955: D/ConnectivityService(1667): CycConetent is rssi[0] -57  rssi[1] -46  rssi[2] 0  ,-48,84ms
12-16 10:37:51.959: W/bt-btif(2904): bta_hh_co_data: UHID write, key code: 0x1, 0x0
12-16 10:37:51.973: W/WindowManager(1667): >>> keyCode=20 down=false
12-16 10:37:51.974: D/WindowManager(1667): <onkey up :keyCode:20 dname:å¾®é²¸é¥æŽ§å™¨ devid:15 scan:108 Source:769
12-16 10:37:51.979: D/HeliosBIReceiver(2568): intent : Intent { act=com.helios.middleware.bi.action.UPLOADLOG flg=0x10 cmp=com.helios.middleware.iservice/com.helios.middleware.bi.HeliosBIReceiver (has extras) }
12-16 10:37:51.980: D/HeliosBIReceiver(2568): logUrl : 28 strategy : 1 log : {"logVersion":"02","logType":"event","happenTime":1481855871955,"eventId":"whaley-rom-wifi-cyc-info","params":{"CycContent":"rssi[0] -57  rssi[1] -46  rssi[2] 0  ,-48,84ms"}}
12-16 10:37:51.980: D/BILogManager(2568): logUrl : TV_ROMLOG strategy : DEFAULT log : {"logVersion":"02","logType":"event","happenTime":1481855871955,"eventId":"whaley-rom-wifi-cyc-info","params":{"CycContent":"rssi[0] -57  rssi[1] -46  rssi[2] 0  ,-48,84ms"}}
12-16 10:37:51.990: D/BILogDBManager(2568): saveLog-rowId : 77815
12-16 10:37:51.991: D/BILogDBManager(2568): getCount-count : 5
12-16 10:37:52.034: D/ConnectivityService(1667): wifiConnected, ping www.baidu.com Ok. data=78ms
12-16 10:37:52.079: W/bt-btif(2904): bta_hh_co_data: UHID write, key code: 0x1, 0x0
12-16 10:37:52.080: W/WindowManager(1667): >>> keyCode=20 down=true
12-16 10:37:52.199: W/bt-btif(2904): bta_hh_co_data: UHID write, key code: 0x1, 0x0
12-16 10:37:52.200: W/WindowManager(1667): >>> keyCode=20 down=false
12-16 10:37:52.203: D/WindowManager(1667): <onkey up :keyCode:20 dname:å¾®é²¸é¥æŽ§å™¨ devid:15 scan:108 Source:769
12-16 10:37:52.549: W/bt-btif(2904): bta_hh_co_data: UHID write, key code: 0x1, 0x0
12-16 10:37:52.550: W/WindowManager(1667): >>> keyCode=21 down=true
12-16 10:37:52.669: W/bt-btif(2904): bta_hh_co_data: UHID write, key code: 0x1, 0x0
12-16 10:37:52.670: W/WindowManager(1667): >>> keyCode=21 down=false
12-16 10:37:52.670: D/WindowManager(1667): <onkey up :keyCode:21 dname:å¾®é²¸é¥æŽ§å™¨ devid:15 scan:105 Source:769
12-16 10:37:52.716: D/NetdConnector(1667): SND -> {137 bandwidth gettetherstats}
12-16 10:37:52.716: E/CommandListener(1198): gettetherstats
12-16 10:37:52.716: E/Netd(1198): gettetherstats
12-16 10:37:52.716: E/CommandListener(1198): Tethering stats list completed
12-16 10:37:52.716: E/Netd(1198): Tethering stats list completed
12-16 10:37:52.717: D/NetdConnector(1667): RMV <- {200 137 Tethering stats list completed}
12-16 10:37:52.738: D/NetdConnector(1667): SND -> {138 bandwidth setglobalalert 2097152}
12-16 10:37:52.739: D/NetdConnector(1667): RMV <- {200 138 Bandwidth command succeeeded}
12-16 10:37:52.749: W/bt-btif(2904): bta_hh_co_data: UHID write, key code: 0x1, 0x0
12-16 10:37:52.750: W/WindowManager(1667): >>> keyCode=21 down=true
12-16 10:37:52.811: D/WifiNative-wlan0(1667): doString: [SIGNAL_POLL]
12-16 10:37:52.814: E/WifiConfigStore(1667): updateConfiguration freq=5765 BSSID=d4:68:ba:81:46:e3 RSSI=-47 "SmartHome"WPA_PSK
12-16 10:37:52.889: W/bt-btif(2904): bta_hh_co_data: UHID write, key code: 0x1, 0x0
12-16 10:37:52.889: W/WindowManager(1667): >>> keyCode=21 down=false
12-16 10:37:52.890: D/WindowManager(1667): <onkey up :keyCode:21 dname:å¾®é²¸é¥æŽ§å™¨ devid:15 scan:105 Source:769
12-16 10:37:53.026: E/LocalSocketTransmitVoice(2036): [66] connect to server failed
12-16 10:37:53.109: W/bt-btif(2904): bta_hh_co_data: UHID write, key code: 0x1, 0x0
12-16 10:37:53.110: W/WindowManager(1667): >>> keyCode=19 down=true
12-16 10:37:53.239: W/bt-btif(2904): bta_hh_co_data: UHID write, key code: 0x1, 0x0
12-16 10:37:53.239: W/WindowManager(1667): >>> keyCode=19 down=false
12-16 10:37:53.240: D/WindowManager(1667): <onkey up :keyCode:19 dname:å¾®é²¸é¥æŽ§å™¨ devid:15 scan:103 Source:769
12-16 10:37:53.339: W/bt-btif(2904): bta_hh_co_data: UHID write, key code: 0x1, 0x0
12-16 10:37:53.340: W/WindowManager(1667): >>> keyCode=19 down=true
12-16 10:37:53.424: I/l(13682): Timeout of 60 seconds while waiting for HTTP request to complete, aborting: (OutgoingEventRequestMessage) NOTIFY http://172.16.210.161:2869/upnp/eventing/smnenbgzmc
12-16 10:37:53.460: W/bt-btif(2904): bta_hh_co_data: UHID write, key code: 0x1, 0x0
12-16 10:37:53.460: W/WindowManager(1667): >>> keyCode=19 down=false
12-16 10:37:53.461: D/WindowManager(1667): <onkey up :keyCode:19 dname:å¾®é²¸é¥æŽ§å™¨ devid:15 scan:103 Source:769
12-16 10:37:53.549: W/bt-btif(2904): bta_hh_co_data: UHID write, key code: 0x1, 0x0
12-16 10:37:53.550: W/WindowManager(1667): >>> keyCode=19 down=true
12-16 10:37:53.633: I/SLK: :[BroadcastManager$2.onSuccess(Line:197)](2808): send broadcast success : Bundle[{data=[]}]
12-16 10:37:53.719: W/bt-btif(2904): bta_hh_co_data: UHID write, key code: 0x1, 0x0
12-16 10:37:53.720: W/WindowManager(1667): >>> keyCode=19 down=false
12-16 10:37:53.720: D/WindowManager(1667): <onkey up :keyCode:19 dname:å¾®é²¸é¥æŽ§å™¨ devid:15 scan:103 Source:769
12-16 10:37:53.779: W/bt-btif(2904): bta_hh_co_data: UHID write, key code: 0x1, 0x0
12-16 10:37:53.780: W/WindowManager(1667): >>> keyCode=19 down=true
12-16 10:37:53.949: W/bt-btif(2904): bta_hh_co_data: UHID write, key code: 0x1, 0x0
12-16 10:37:53.950: W/WindowManager(1667): >>> keyCode=19 down=false
12-16 10:37:53.954: D/WindowManager(1667): <onkey up :keyCode:19 dname:å¾®é²¸é¥æŽ§å™¨ devid:15 scan:103 Source:769
12-16 10:37:53.956: I/l(13682): Timeout of 60 seconds while waiting for HTTP request to complete, aborting: (OutgoingEventRequestMessage) NOTIFY http://172.16.210.161:2869/upnp/eventing/viqjkbzgsd
12-16 10:37:54.020: W/bt-btif(2904): bta_hh_co_data: UHID write, key code: 0x1, 0x0
12-16 10:37:54.020: W/WindowManager(1667): >>> keyCode=19 down=true
12-16 10:37:54.141: I/HLSP2P(3950): ## 2016-12-16 10:37:54.141 [3950,4077,:0] INFO ## [HLSP2P][DownloadManager.cpp:34][INFO][TryAdjustCacheSize]system memory total size: 1928M, free size: 763M, cache add to 100MB, AppState: 14
12-16 10:37:54.149: W/bt-btif(2904): bta_hh_co_data: UHID write, key code: 0x1, 0x0
12-16 10:37:54.149: W/WindowManager(1667): >>> keyCode=19 down=false
12-16 10:37:54.150: D/WindowManager(1667): <onkey up :keyCode:19 dname:å¾®é²¸é¥æŽ§å™¨ devid:15 scan:103 Source:769
12-16 10:37:54.229: W/bt-btif(2904): bta_hh_co_data: UHID write, key code: 0x1, 0x0
12-16 10:37:54.230: W/WindowManager(1667): >>> keyCode=19 down=true
12-16 10:37:54.359: W/bt-btif(2904): bta_hh_co_data: UHID write, key code: 0x1, 0x0
12-16 10:37:54.359: W/WindowManager(1667): >>> keyCode=19 down=false
12-16 10:37:54.359: D/WindowManager(1667): <onkey up :keyCode:19 dname:å¾®é²¸é¥æŽ§å™¨ devid:15 scan:103 Source:769
12-16 10:37:54.479: W/bt-btif(2904): bta_hh_co_data: UHID write, key code: 0x1, 0x0
12-16 10:37:54.480: W/WindowManager(1667): >>> keyCode=19 down=true
12-16 10:37:54.600: W/bt-btif(2904): bta_hh_co_data: UHID write, key code: 0x1, 0x0
12-16 10:37:54.600: W/WindowManager(1667): >>> keyCode=19 down=false
12-16 10:37:54.601: D/WindowManager(1667): <onkey up :keyCode:19 dname:å¾®é²¸é¥æŽ§å™¨ devid:15 scan:103 Source:769
12-16 10:37:54.638: I/HeliosLauncher*TimeItemView(2331): mRunnableTime synctime=true
12-16 10:37:54.673: D/WifiHW(1667): ===>[detect_wifi_device]
12-16 10:37:54.699: W/bt-btif(2904): bta_hh_co_data: UHID write, key code: 0x1, 0x0
12-16 10:37:54.700: W/WindowManager(1667): >>> keyCode=19 down=true
12-16 10:37:54.849: W/bt-btif(2904): bta_hh_co_data: UHID write, key code: 0x1, 0x0
12-16 10:37:54.850: W/WindowManager(1667): >>> keyCode=19 down=false
12-16 10:37:54.850: D/WindowManager(1667): <onkey up :keyCode:19 dname:å¾®é²¸é¥æŽ§å™¨ devid:15 scan:103 Source:769
12-16 10:37:55.026: E/LocalSocketTransmitVoice(2036): [66] connect to server failed
12-16 10:37:55.035: E/WifiManager(1667): getDhcpInfo().
12-16 10:37:55.035: D/ConnectivityService(1667): avgrssi = -47
12-16 10:37:55.061: I/rssi.sh(16185): BCM43569
12-16 10:37:55.066: D/ConnectivityService(1667): init.svc.rssimonitor =running
12-16 10:37:55.072: I/rssi.sh(16185): shell---rssi->>>rssi[0] -60 rssi[1] -46 rssi[2] 0
12-16 10:37:55.105: I/rssi.sh(16185): getprop wifi.rf.rssi:rssi[0] -60 rssi[1] -46 rssi[2] 0
12-16 10:37:55.119: W/bt-btif(2904): bta_hh_co_data: UHID write, key code: 0x1, 0x0
12-16 10:37:55.119: W/WindowManager(1667): >>> keyCode=21 down=true
12-16 10:37:55.126: D/ConnectivityService(1667): cyc_rssi=rssi[0] -60  rssi[1] -46  rssi[2] 0  78ms
12-16 10:37:55.127: D/ConnectivityService(1667): CycConetent is rssi[0] -60  rssi[1] -46  rssi[2] 0  ,-47,78ms
12-16 10:37:55.129: D/HeliosBIReceiver(2568): intent : Intent { act=com.helios.middleware.bi.action.UPLOADLOG flg=0x10 cmp=com.helios.middleware.iservice/com.helios.middleware.bi.HeliosBIReceiver (has extras) }
12-16 10:37:55.129: D/HeliosBIReceiver(2568): logUrl : 28 strategy : 1 log : {"logVersion":"02","logType":"event","happenTime":1481855875127,"eventId":"whaley-rom-wifi-cyc-info","params":{"CycContent":"rssi[0] -60  rssi[1] -46  rssi[2] 0  ,-47,78ms"}}
12-16 10:37:55.129: D/BILogManager(2568): logUrl : TV_ROMLOG strategy : DEFAULT log : {"logVersion":"02","logType":"event","happenTime":1481855875127,"eventId":"whaley-rom-wifi-cyc-info","params":{"CycContent":"rssi[0] -60  rssi[1] -46  rssi[2] 0  ,-47,78ms"}}
12-16 10:37:55.142: D/BILogDBManager(2568): saveLog-rowId : 77816
12-16 10:37:55.145: D/BILogDBManager(2568): getCount-count : 6
12-16 10:37:55.198: D/ConnectivityService(1667): wifiConnected, ping www.baidu.com Ok. data=70ms
12-16 10:37:55.259: W/bt-btif(2904): bta_hh_co_data: UHID write, key code: 0x1, 0x0
12-16 10:37:55.260: W/WindowManager(1667): >>> keyCode=21 down=false
12-16 10:37:55.261: D/WindowManager(1667): <onkey up :keyCode:21 dname:å¾®é²¸é¥æŽ§å™¨ devid:15 scan:105 Source:769
12-16 10:37:55.349: W/bt-btif(2904): bta_hh_co_data: UHID write, key code: 0x1, 0x0
12-16 10:37:55.349: W/WindowManager(1667): >>> keyCode=21 down=true
12-16 10:37:55.499: W/bt-btif(2904): bta_hh_co_data: UHID write, key code: 0x1, 0x0
12-16 10:37:55.500: W/WindowManager(1667): >>> keyCode=21 down=false
12-16 10:37:55.500: D/WindowManager(1667): <onkey up :keyCode:21 dname:å¾®é²¸é¥æŽ§å™¨ devid:15 scan:105 Source:769
12-16 10:37:55.666: I/SLK: TransportManager:[FamilyTransportManager$4.onComplete(Line:1787)](2808):  get udp Broadcast : []
12-16 10:37:55.667: I/SLK: :[BroadcastManager$2.onSuccess(Line:197)](2808): send broadcast success : Bundle[{data=[]}]
12-16 10:37:55.809: W/bt-btif(2904): bta_hh_co_data: UHID write, key code: 0x1, 0x0
12-16 10:37:55.809: W/WindowManager(1667): >>> keyCode=22 down=true
12-16 10:37:55.819: D/WifiNative-wlan0(1667): doString: [SIGNAL_POLL]
12-16 10:37:55.822: E/WifiConfigStore(1667): updateConfiguration freq=5765 BSSID=d4:68:ba:81:46:e3 RSSI=-47 "SmartHome"WPA_PSK
12-16 10:37:55.929: W/bt-btif(2904): bta_hh_co_data: UHID write, key code: 0x1, 0x0
12-16 10:37:55.930: W/WindowManager(1667): >>> keyCode=22 down=false
12-16 10:37:55.930: D/WindowManager(1667): <onkey up :keyCode:22 dname:å¾®é²¸é¥æŽ§å™¨ devid:15 scan:106 Source:769
12-16 10:37:56.090: W/bt-btif(2904): bta_hh_co_data: UHID write, key code: 0x1, 0x0
12-16 10:37:56.090: W/WindowManager(1667): >>> keyCode=22 down=true
12-16 10:37:56.181: W/bt-btif(2904): bta_hh_co_data: UHID write, key code: 0x1, 0x0
12-16 10:37:56.184: W/WindowManager(1667): >>> keyCode=22 down=false
12-16 10:37:56.185: D/WindowManager(1667): <onkey up :keyCode:22 dname:å¾®é²¸é¥æŽ§å™¨ devid:15 scan:106 Source:769
12-16 10:37:56.659: W/bt-btif(2904): bta_hh_co_data: UHID write, key code: 0x1, 0x0
12-16 10:37:56.660: W/WindowManager(1667): >>> keyCode=22 down=true
12-16 10:37:56.779: W/bt-btif(2904): bta_hh_co_data: UHID write, key code: 0x1, 0x0
12-16 10:37:56.780: W/WindowManager(1667): >>> keyCode=22 down=false
12-16 10:37:56.780: D/WindowManager(1667): <onkey up :keyCode:22 dname:å¾®é²¸é¥æŽ§å™¨ devid:15 scan:106 Source:769
12-16 10:37:56.973: I/HLSP2P(3617): ## 2016-12-16 10:37:56.973 [3617,3757,:0] INFO ## [HLSP2P][DownloadManager.cpp:34][INFO][TryAdjustCacheSize]system memory total size: 1928M, free size: 764M, cache add to 100MB, AppState: 14
12-16 10:37:57.027: E/LocalSocketTransmitVoice(2036): [66] connect to server failed
12-16 10:37:57.580: W/bt-btif(2904): bta_hh_co_data: UHID write, key code: 0x1, 0x0
12-16 10:37:57.580: W/WindowManager(1667): >>> keyCode=20 down=true
12-16 10:37:57.702: I/SLK: :[BroadcastManager$2.onSuccess(Line:197)](2808): send broadcast success : Bundle[{data=[]}]
12-16 10:37:57.710: W/bt-btif(2904): bta_hh_co_data: UHID write, key code: 0x1, 0x0
12-16 10:37:57.710: W/WindowManager(1667): >>> keyCode=20 down=false
12-16 10:37:57.711: D/WindowManager(1667): <onkey up :keyCode:20 dname:å¾®é²¸é¥æŽ§å™¨ devid:15 scan:108 Source:769
12-16 10:37:57.799: W/bt-btif(2904): bta_hh_co_data: UHID write, key code: 0x1, 0x0
12-16 10:37:57.800: W/WindowManager(1667): >>> keyCode=20 down=true
12-16 10:37:57.930: W/bt-btif(2904): bta_hh_co_data: UHID write, key code: 0x1, 0x0
12-16 10:37:57.931: W/WindowManager(1667): >>> keyCode=20 down=false
12-16 10:37:57.931: D/WindowManager(1667): <onkey up :keyCode:20 dname:å¾®é²¸é¥æŽ§å™¨ devid:15 scan:108 Source:769
12-16 10:37:58.049: W/bt-btif(2904): bta_hh_co_data: UHID write, key code: 0x1, 0x0
12-16 10:37:58.049: W/WindowManager(1667): >>> keyCode=20 down=true
12-16 10:37:58.190: W/bt-btif(2904): bta_hh_co_data: UHID write, key code: 0x1, 0x0
12-16 10:37:58.190: W/WindowManager(1667): >>> keyCode=20 down=false
12-16 10:37:58.192: D/WindowManager(1667): <onkey up :keyCode:20 dname:å¾®é²¸é¥æŽ§å™¨ devid:15 scan:108 Source:769
12-16 10:37:58.199: E/WifiManager(1667): getDhcpInfo().
12-16 10:37:58.199: D/ConnectivityService(1667): avgrssi = -47
12-16 10:37:58.228: I/rssi.sh(16195): BCM43569
12-16 10:37:58.234: D/ConnectivityService(1667): init.svc.rssimonitor =running
12-16 10:37:58.245: I/rssi.sh(16195): shell---rssi->>>rssi[0] -55 rssi[1] -46 rssi[2] 0
12-16 10:37:58.285: I/rssi.sh(16195): getprop wifi.rf.rssi:rssi[0] -55 rssi[1] -46 rssi[2] 0
12-16 10:37:58.295: D/ConnectivityService(1667): cyc_rssi=rssi[0] -55  rssi[1] -46  rssi[2] 0  70ms
12-16 10:37:58.295: D/ConnectivityService(1667): CycConetent is rssi[0] -55  rssi[1] -46  rssi[2] 0  ,-47,70ms
12-16 10:37:58.309: W/bt-btif(2904): bta_hh_co_data: UHID write, key code: 0x1, 0x0
12-16 10:37:58.314: W/WindowManager(1667): >>> keyCode=20 down=true
12-16 10:37:58.321: D/HeliosBIReceiver(2568): intent : Intent { act=com.helios.middleware.bi.action.UPLOADLOG flg=0x10 cmp=com.helios.middleware.iservice/com.helios.middleware.bi.HeliosBIReceiver (has extras) }
12-16 10:37:58.321: D/HeliosBIReceiver(2568): logUrl : 28 strategy : 1 log : {"logVersion":"02","logType":"event","happenTime":1481855878295,"eventId":"whaley-rom-wifi-cyc-info","params":{"CycContent":"rssi[0] -55  rssi[1] -46  rssi[2] 0  ,-47,70ms"}}
12-16 10:37:58.321: D/BILogManager(2568): logUrl : TV_ROMLOG strategy : DEFAULT log : {"logVersion":"02","logType":"event","happenTime":1481855878295,"eventId":"whaley-rom-wifi-cyc-info","params":{"CycContent":"rssi[0] -55  rssi[1] -46  rssi[2] 0  ,-47,70ms"}}
12-16 10:37:58.331: D/BILogDBManager(2568): saveLog-rowId : 77817
12-16 10:37:58.333: D/BILogDBManager(2568): getCount-count : 7
12-16 10:37:58.399: D/ConnectivityService(1667): wifiConnected, ping www.baidu.com Ok. data=103ms
12-16 10:37:58.419: W/bt-btif(2904): bta_hh_co_data: UHID write, key code: 0x1, 0x0
12-16 10:37:58.420: W/WindowManager(1667): >>> keyCode=20 down=false
12-16 10:37:58.420: D/WindowManager(1667): <onkey up :keyCode:20 dname:å¾®é²¸é¥æŽ§å™¨ devid:15 scan:108 Source:769
12-16 10:37:58.520: W/bt-btif(2904): bta_hh_co_data: UHID write, key code: 0x1, 0x0
12-16 10:37:58.521: W/WindowManager(1667): >>> keyCode=20 down=true
12-16 10:37:58.649: W/bt-btif(2904): bta_hh_co_data: UHID write, key code: 0x1, 0x0
12-16 10:37:58.651: W/WindowManager(1667): >>> keyCode=20 down=false
12-16 10:37:58.652: D/WindowManager(1667): <onkey up :keyCode:20 dname:å¾®é²¸é¥æŽ§å™¨ devid:15 scan:108 Source:769
12-16 10:37:58.740: W/bt-btif(2904): bta_hh_co_data: UHID write, key code: 0x1, 0x0
12-16 10:37:58.740: W/WindowManager(1667): >>> keyCode=20 down=true
12-16 10:37:58.827: D/WifiNative-wlan0(1667): doString: [SIGNAL_POLL]
12-16 10:37:58.834: E/WifiConfigStore(1667): updateConfiguration freq=5765 BSSID=d4:68:ba:81:46:e3 RSSI=-47 "SmartHome"WPA_PSK
12-16 10:37:58.859: W/bt-btif(2904): bta_hh_co_data: UHID write, key code: 0x1, 0x0
12-16 10:37:58.860: W/WindowManager(1667): >>> keyCode=20 down=false
12-16 10:37:58.860: D/WindowManager(1667): <onkey up :keyCode:20 dname:å¾®é²¸é¥æŽ§å™¨ devid:15 scan:108 Source:769
12-16 10:37:58.959: W/bt-btif(2904): bta_hh_co_data: UHID write, key code: 0x1, 0x0
12-16 10:37:58.960: W/WindowManager(1667): >>> keyCode=20 down=true
12-16 10:37:59.028: E/LocalSocketTransmitVoice(2036): [66] connect to server failed
12-16 10:37:59.078: I/HLSP2P(3617): ## 2016-12-16 10:37:59.078 [3617,3757,:0] INFO ## [HLSP2P][DownloadManager.cpp:34][INFO][SendHeartBeatMsg][PunchHelper] send heartbeat to punch server(14.17.21.29:8002) ok
12-16 10:37:59.100: W/bt-btif(2904): bta_hh_co_data: UHID write, key code: 0x1, 0x0
12-16 10:37:59.103: W/WindowManager(1667): >>> keyCode=20 down=false
12-16 10:37:59.103: D/WindowManager(1667): <onkey up :keyCode:20 dname:å¾®é²¸é¥æŽ§å™¨ devid:15 scan:108 Source:769
12-16 10:37:59.124: I/HLSP2P(3617): ## 2016-12-16 10:37:59.124 [3617,3759,:0] INFO ## [HLSP2P][DownloadManager.cpp:34][INFO][OnHeartbeatRsp][PunchHelper] punch heartbeat rsp ok
12-16 10:37:59.190: W/bt-btif(2904): bta_hh_co_data: UHID write, key code: 0x1, 0x0
12-16 10:37:59.191: W/WindowManager(1667): >>> keyCode=20 down=true
12-16 10:37:59.309: W/bt-btif(2904): bta_hh_co_data: UHID write, key code: 0x1, 0x0
12-16 10:37:59.310: W/WindowManager(1667): >>> keyCode=20 down=false
12-16 10:37:59.314: D/WindowManager(1667): <onkey up :keyCode:20 dname:å¾®é²¸é¥æŽ§å™¨ devid:15 scan:108 Source:769
12-16 10:37:59.419: W/bt-btif(2904): bta_hh_co_data: UHID write, key code: 0x1, 0x0
12-16 10:37:59.420: W/WindowManager(1667): >>> keyCode=20 down=true
12-16 10:37:59.499: W/bt-btif(2904): bta_hh_co_data: UHID write, key code: 0x1, 0x0
12-16 10:37:59.500: W/WindowManager(1667): >>> keyCode=20 down=false
12-16 10:37:59.503: D/WindowManager(1667): <onkey up :keyCode:20 dname:å¾®é²¸é¥æŽ§å™¨ devid:15 scan:108 Source:769
12-16 10:37:59.673: E/WifiStateMachine(1667): WifiStateMachine CMD_START_SCAN source -2 txSuccessRate=87.92 rxSuccessRate=246.80 targetRoamBSSID=d4:68:ba:81:46:e3 RSSI=-47
12-16 10:37:59.674: E/WifiStateMachine(1667): WifiStateMachine CMD_START_SCAN with age=1481855879674 interval=20000 maxinterval=300000
12-16 10:37:59.674: E/WifiStateMachine(1667): WifiStateMachine CMD_START_SCAN try full band scan age=1481855879674 interval=20000 maxinterval=300000
12-16 10:37:59.674: E/WifiStateMachine(1667): WifiStateMachine CMD_START_SCAN prevent full band scan due to pkt rate
12-16 10:37:59.674: E/WifiStateMachine(1667): WifiStateMachine CMD_START_SCAN source -2 ...and ignore scans tx=87.92 rx=246.80
12-16 10:37:59.679: D/WifiHW(1667): ===>[detect_wifi_device]
12-16 10:37:59.729: W/bt-btif(2904): bta_hh_co_data: UHID write, key code: 0x1, 0x0
12-16 10:37:59.730: W/WindowManager(1667): >>> keyCode=21 down=true
12-16 10:37:59.747: I/SLK: :[BroadcastManager$2.onSuccess(Line:197)](2808): send broadcast success : Bundle[{data=[]}]
12-16 10:37:59.832: D/WhaleyOTA.Config(2205): getUpdateInfo force:false
12-16 10:37:59.834: I/WhaleyOTA.OTAService(2205): Check online update
12-16 10:37:59.834: I/WhaleyOTA.OTAService(2205): Start online check
12-16 10:37:59.826: I/pool-4-thread-1(2674): type=1400 audit(0.0:313): avc: denied { call } for scontext=u:r:platform_app:s0 tcontext=u:r:init:s0 tclass=binder permissive=1
12-16 10:37:59.840: D/WhaleyOTA.OTAService(2205): getUpdateState = 0
12-16 10:37:59.840: D/WhaleyOTA.OTAService(2205): isUpdating = false
12-16 10:37:59.841: D/WhaleyOTA.OTAService(2205): getUpdateState = 0
12-16 10:37:59.841: D/WhaleyOTA.Config(2205): getUpdateInfo force:true
12-16 10:37:59.846: D/WhaleyOTA.Config(2205): updateInfo: RomInfo{appVersion='06.66.66.00', version='06.66.66', description='1
12-16 10:37:59.846: D/WhaleyOTA.Config(2205): 1
12-16 10:37:59.846: D/WhaleyOTA.Config(2205): 
12-16 10:37:59.846: D/WhaleyOTA.Config(2205): 1
12-16 10:37:59.846: D/WhaleyOTA.Config(2205): 1
12-16 10:37:59.846: D/WhaleyOTA.Config(2205): 1
12-16 10:37:59.846: D/WhaleyOTA.Config(2205): 1
12-16 10:37:59.846: D/WhaleyOTA.Config(2205): 1
12-16 10:37:59.846: D/WhaleyOTA.Config(2205): 1
12-16 10:37:59.846: D/WhaleyOTA.Config(2205): 1
12-16 10:37:59.846: D/WhaleyOTA.Config(2205): 
12-16 10:37:59.846: D/WhaleyOTA.Config(2205): 1
12-16 10:37:59.846: D/WhaleyOTA.Config(2205): 1
12-16 10:37:59.846: D/WhaleyOTA.Config(2205): 12
12-16 10:37:59.846: D/WhaleyOTA.Config(2205): 2
12-16 10:37:59.846: D/WhaleyOTA.Config(2205): 
12-16 10:37:59.846: D/WhaleyOTA.Config(2205): 2
12-16 10:37:59.846: D/WhaleyOTA.Config(2205): 2
12-16 10:37:59.846: D/WhaleyOTA.Config(2205): 2
12-16 10:37:59.846: D/WhaleyOTA.Config(2205): 2
12-16 10:37:59.846: D/WhaleyOTA.Config(2205): 2
12-16 10:37:59.846: D/WhaleyOTA.Config(2205): 
12-16 10:37:59.846: D/WhaleyOTA.Config(2205): 2
12-16 10:37:59.846: D/WhaleyOTA.Config(2205): 2
12-16 10:37:59.846: D/WhaleyOTA.Config(2205): 2
12-16 10:37:59.846: D/WhaleyOTA.Config(2205): 3
12-16 10:37:59.846: D/WhaleyOTA.Config(2205): 3
12-16 10:37:59.846: D/WhaleyOTA.Config(2205): 3
12-16 10:37:59.846: D/WhaleyOTA.Config(2205): 3
12-16 10:37:59.846: D/WhaleyOTA.Config(2205): 
12-16 10:37:59.846: D/WhaleyOTA.Config(2205): 3
12-16 10:37:59.846: D/WhaleyOTA.Config(2205): 3
12-16 10:37:59.846: D/WhaleyOTA.Config(2205): 4
12-16 10:37:59.846: D/WhaleyOTA.Config(2205): 
12-16 10:37:59.846: D/WhaleyOTA.Config(2205): 4
12-16 10:37:59.846: D/WhaleyOTA.Config(2205): 4
12-16 10:37:59.846: D/WhaleyOTA.Config(2205): 4
12-16 10:37:59.846: D/WhaleyOTA.Config(2205): 4
12-16 10:37:59.846: D/WhaleyOTA.Config(2205): 
12-16 10:37:59.846: D/WhaleyOTA.Config(2205): 4
12-16 10:37:59.846: D/WhaleyOTA.Config(2205): 4
12-16 10:37:59.846: D/WhaleyOTA.Config(2205): 
12-16 10:37:59.846: D/WhaleyOTA.Config(2205): 5
12-16 10:37:59.846: D/WhaleyOTA.Config(2205): 5
12-16 10:37:59.846: D/WhaleyOTA.Config(2205): 5
12-16 10:37:59.846: D/WhaleyOTA.Config(2205): 
12-16 10:37:59.846: D/WhaleyOTA.Config(2205): 5
12-16 10:37:59.846: D/WhaleyOTA.Config(2205): 5
12-16 10:37:59.846: D/WhaleyOTA.Config(2205): 5
12-16 10:37:59.846: D/WhaleyOTA.Config(2205): 5
12-16 10:37:59.846: D/WhaleyOTA.Config(2205): 
12-16 10:37:59.846: D/WhaleyOTA.Config(2205): ç¿»é¡µ', subtitle='æ¬¢è¿Žä½¿ç”¨WUI-1215', url='http://172.16.11.28/images/heliosr-release-01.24/HELIOSR-01.24.01-1650401-45/helios/OTA/helios-ota-1650401.zip', md5='aa9e3c3af88487f52803622a00e92ac3', size='706157965', incremental='1650401', hasUpdate='1', versionType='1', updateType='0', localPath=[/storage/emulated/0/Download/com.helios.upgrade/update-06.66.66-1650401.zip]}
12-16 10:37:59.846: V/WhaleyOTA.PropUtils(2205): ### SN from [ro.helios.sn] ###
12-16 10:37:59.847: I/WhaleyOTA.Impl(3362): get env 'ota_corrupt='0
12-16 10:37:59.847: I/WhaleyOTA.Impl(3362): get env 'ota_corrupt='0
12-16 10:37:59.849: V/WhaleyOTA.OTAService(2205): Start to check update
12-16 10:37:59.849: D/WhaleyOTA.Config(2205): getUpdateInfo force:false
12-16 10:37:59.849: E/UpgradeHelper(2205): onUpdate event.getId():2000
12-16 10:37:59.849: V/WhaleyOTA.OTAProxy(2205): get stored rom info
12-16 10:37:59.849: D/WhaleyOTA.Config(2205): getUpdateInfo force:false
12-16 10:37:59.851: V/WhaleyOTA.OTAService(2205): OTAService ignore event 540
12-16 10:37:59.852: V/WhaleyOTA.APIUtils(2205): Request is sn=XX1501VIPTEST00004&appVersion=01.24.01.00&versionA=01.24.01&buildNoA=1650401&versionB=01.24.01&buildNoB=1649608&series=HELIOSR
12-16 10:37:59.852: V/WhaleyOTA.APIUtils(2205):  to http://u.aginomoto.com/Service/V4/upgrade
12-16 10:37:59.852: E/CheckUpgradeSerivce(2205): event getId:2000
12-16 10:37:59.852: E/UpgradeHelper(2205): onUpdate event.getId():540
12-16 10:37:59.852: V/WhaleyOTA.OTAProxy(2205): get stored rom info
12-16 10:37:59.852: D/WhaleyOTA.Config(2205): getUpdateInfo force:false
12-16 10:37:59.856: E/CheckUpgradeSerivce(2205): event getId:540
12-16 10:37:59.869: W/bt-btif(2904): bta_hh_co_data: UHID write, key code: 0x1, 0x0
12-16 10:37:59.870: W/WindowManager(1667): >>> keyCode=21 down=false
12-16 10:37:59.873: D/WindowManager(1667): <onkey up :keyCode:21 dname:å¾®é²¸é¥æŽ§å™¨ devid:15 scan:105 Source:769
12-16 10:37:59.930: W/bt-btif(2904): bta_hh_co_data: UHID write, key code: 0x1, 0x0
12-16 10:37:59.930: W/WindowManager(1667): >>> keyCode=21 down=true
12-16 10:38:00.004: D/PersistentConnect(2385): cmd : 268435489 msg : 
12-16 10:38:00.037: V/WhaleyOTA.OTAService(2205): Succeed to fetch the rom info {"data":{"isUpdate":"1","version":"06.66.66","appVersion":"06.66.66.00","md5":"aa9e3c3af88487f52803622a00e92ac3","url":"http:\/\/172.16.11.28\/images\/heliosr-release-01.24\/HELIOSR-01.24.01-1650401-45\/helios\/OTA\/helios-ota-1650401.zip","description":"1\r\n1\r\n\r\n1\r\n1\r\n1\r\n1\r\n1\r\n1\r\n1\r\n\r\n1\r\n1\r\n12\r\n2\r\n\r\n2\r\n2\r\n2\r\n2\r\n2\r\n\r\n2\r\n2\r\n2\r\n3\r\n3\r\n3\r\n3\r\n\r\n3\r\n3\r\n4\r\n\r\n4\r\n4\r\n4\r\n4\r\n\r\n4\r\n4\r\n\r\n5\r\n5\r\n5\r\n\r\n5\r\n5\r\n5\r\n5\r\n\r\nç¿»é¡µ","versionType":"1","updateType":"0","incremental":"1650401","subtitle":"æ¬¢è¿Žä½¿ç”¨WUI-1215","prompt":"","size":"706157965"},"result":"success"}
12-16 10:38:00.039: V/WhaleyOTA.OTAService(2205): There's new update, start to check downloaded pkg if exist
12-16 10:38:00.039: V/WhaleyOTA.OTAService(2205): Finish ROM Info check
12-16 10:38:00.039: D/WhaleyOTA.OTAService(2205): The fetched update info is RomInfo{appVersion='06.66.66.00', version='06.66.66', description='1
12-16 10:38:00.039: D/WhaleyOTA.OTAService(2205): 1
12-16 10:38:00.039: D/WhaleyOTA.OTAService(2205): 
12-16 10:38:00.039: D/WhaleyOTA.OTAService(2205): 1
12-16 10:38:00.039: D/WhaleyOTA.OTAService(2205): 1
12-16 10:38:00.039: D/WhaleyOTA.OTAService(2205): 1
12-16 10:38:00.039: D/WhaleyOTA.OTAService(2205): 1
12-16 10:38:00.039: D/WhaleyOTA.OTAService(2205): 1
12-16 10:38:00.039: D/WhaleyOTA.OTAService(2205): 1
12-16 10:38:00.039: D/WhaleyOTA.OTAService(2205): 1
12-16 10:38:00.039: D/WhaleyOTA.OTAService(2205): 
12-16 10:38:00.039: D/WhaleyOTA.OTAService(2205): 1
12-16 10:38:00.039: D/WhaleyOTA.OTAService(2205): 1
12-16 10:38:00.039: D/WhaleyOTA.OTAService(2205): 12
12-16 10:38:00.039: D/WhaleyOTA.OTAService(2205): 2
12-16 10:38:00.039: D/WhaleyOTA.OTAService(2205): 
12-16 10:38:00.039: D/WhaleyOTA.OTAService(2205): 2
12-16 10:38:00.039: D/WhaleyOTA.OTAService(2205): 2
12-16 10:38:00.039: D/WhaleyOTA.OTAService(2205): 2
12-16 10:38:00.039: D/WhaleyOTA.OTAService(2205): 2
12-16 10:38:00.039: D/WhaleyOTA.OTAService(2205): 2
12-16 10:38:00.039: D/WhaleyOTA.OTAService(2205): 
12-16 10:38:00.039: D/WhaleyOTA.OTAService(2205): 2
12-16 10:38:00.039: D/WhaleyOTA.OTAService(2205): 2
12-16 10:38:00.039: D/WhaleyOTA.OTAService(2205): 2
12-16 10:38:00.039: D/WhaleyOTA.OTAService(2205): 3
12-16 10:38:00.039: D/WhaleyOTA.OTAService(2205): 3
12-16 10:38:00.039: D/WhaleyOTA.OTAService(2205): 3
12-16 10:38:00.039: D/WhaleyOTA.OTAService(2205): 3
12-16 10:38:00.039: D/WhaleyOTA.OTAService(2205): 
12-16 10:38:00.039: D/WhaleyOTA.OTAService(2205): 3
12-16 10:38:00.039: D/WhaleyOTA.OTAService(2205): 3
12-16 10:38:00.039: D/WhaleyOTA.OTAService(2205): 4
12-16 10:38:00.039: D/WhaleyOTA.OTAService(2205): 
12-16 10:38:00.039: D/WhaleyOTA.OTAService(2205): 4
12-16 10:38:00.039: D/WhaleyOTA.OTAService(2205): 4
12-16 10:38:00.039: D/WhaleyOTA.OTAService(2205): 4
12-16 10:38:00.039: D/WhaleyOTA.OTAService(2205): 4
12-16 10:38:00.039: D/WhaleyOTA.OTAService(2205): 
12-16 10:38:00.039: D/WhaleyOTA.OTAService(2205): 4
12-16 10:38:00.039: D/WhaleyOTA.OTAService(2205): 4
12-16 10:38:00.039: D/WhaleyOTA.OTAService(2205): 
12-16 10:38:00.039: D/WhaleyOTA.OTAService(2205): 5
12-16 10:38:00.039: D/WhaleyOTA.OTAService(2205): 5
12-16 10:38:00.039: D/WhaleyOTA.OTAService(2205): 5
12-16 10:38:00.039: D/WhaleyOTA.OTAService(2205): 
12-16 10:38:00.039: D/WhaleyOTA.OTAService(2205): 5
12-16 10:38:00.039: D/WhaleyOTA.OTAService(2205): 5
12-16 10:38:00.039: D/WhaleyOTA.OTAService(2205): 5
12-16 10:38:00.039: D/WhaleyOTA.OTAService(2205): 5
12-16 10:38:00.039: D/WhaleyOTA.OTAService(2205): 
12-16 10:38:00.039: D/WhaleyOTA.OTAService(2205): ç¿»é¡µ', subtitle='æ¬¢è¿Žä½¿ç”¨WUI-1215', url='http://172.16.11.28/images/heliosr-release-01.24/HELIOSR-01.24.01-1650401-45/helios/OTA/helios-ota-1650401.zip', md5='aa9e3c3af88487f52803622a00e92ac3', size='706157965', incremental='1650401', hasUpdate='1', versionType='1', updateType='0', localPath=[null]}
12-16 10:38:00.039: D/WhaleyOTA.OTAService(2205): The stored update info is RomInfo{appVersion='06.66.66.00', version='06.66.66', description='1
12-16 10:38:00.039: D/WhaleyOTA.OTAService(2205): 1
12-16 10:38:00.039: D/WhaleyOTA.OTAService(2205): 
12-16 10:38:00.039: D/WhaleyOTA.OTAService(2205): 1
12-16 10:38:00.039: D/WhaleyOTA.OTAService(2205): 1
12-16 10:38:00.039: D/WhaleyOTA.OTAService(2205): 1
12-16 10:38:00.039: D/WhaleyOTA.OTAService(2205): 1
12-16 10:38:00.039: D/WhaleyOTA.OTAService(2205): 1
12-16 10:38:00.039: D/WhaleyOTA.OTAService(2205): 1
12-16 10:38:00.039: D/WhaleyOTA.OTAService(2205): 1
12-16 10:38:00.039: D/WhaleyOTA.OTAService(2205): 
12-16 10:38:00.039: D/WhaleyOTA.OTAService(2205): 1
12-16 10:38:00.039: D/WhaleyOTA.OTAService(2205): 1
12-16 10:38:00.039: D/WhaleyOTA.OTAService(2205): 12
12-16 10:38:00.039: D/WhaleyOTA.OTAService(2205): 2
12-16 10:38:00.039: D/WhaleyOTA.OTAService(2205): 
12-16 10:38:00.039: D/WhaleyOTA.OTAService(2205): 2
12-16 10:38:00.039: D/WhaleyOTA.OTAService(2205): 2
12-16 10:38:00.039: D/WhaleyOTA.OTAService(2205): 2
12-16 10:38:00.039: D/WhaleyOTA.OTAService(2205): 2
12-16 10:38:00.039: D/WhaleyOTA.OTAService(2205): 2
12-16 10:38:00.039: D/WhaleyOTA.OTAService(2205): 
12-16 10:38:00.039: D/WhaleyOTA.OTAService(2205): 2
12-16 10:38:00.039: D/WhaleyOTA.OTAService(2205): 2
12-16 10:38:00.039: D/WhaleyOTA.OTAService(2205): 2
12-16 10:38:00.039: D/WhaleyOTA.OTAService(2205): 3
12-16 10:38:00.039: D/WhaleyOTA.OTAService(2205): 3
12-16 10:38:00.039: D/WhaleyOTA.OTAService(2205): 3
12-16 10:38:00.039: D/WhaleyOTA.OTAService(2205): 3
12-16 10:38:00.039: D/WhaleyOTA.OTAService(2205): 
12-16 10:38:00.039: D/WhaleyOTA.OTAService(2205): 3
12-16 10:38:00.039: D/WhaleyOTA.OTAService(2205): 3
12-16 10:38:00.039: D/WhaleyOTA.OTAService(2205): 4
12-16 10:38:00.039: D/WhaleyOTA.OTAService(2205): 
12-16 10:38:00.039: D/WhaleyOTA.OTAService(2205): 4
12-16 10:38:00.039: D/WhaleyOTA.OTAService(2205): 4
12-16 10:38:00.039: D/WhaleyOTA.OTAService(2205): 4
12-16 10:38:00.039: D/WhaleyOTA.OTAService(2205): 4
12-16 10:38:00.039: D/WhaleyOTA.OTAService(2205): 
12-16 10:38:00.039: D/WhaleyOTA.OTAService(2205): 4
12-16 10:38:00.039: D/WhaleyOTA.OTAService(2205): 4
12-16 10:38:00.039: D/WhaleyOTA.OTAService(2205): 
12-16 10:38:00.039: D/WhaleyOTA.OTAService(2205): 5
12-16 10:38:00.039: D/WhaleyOTA.OTAService(2205): 5
12-16 10:38:00.039: D/WhaleyOTA.OTAService(2205): 5
12-16 10:38:00.039: D/WhaleyOTA.OTAService(2205): 
12-16 10:38:00.039: D/WhaleyOTA.OTAService(2205): 5
12-16 10:38:00.039: D/WhaleyOTA.OTAService(2205): 5
12-16 10:38:00.039: D/WhaleyOTA.OTAService(2205): 5
12-16 10:38:00.039: D/WhaleyOTA.OTAService(2205): 5
12-16 10:38:00.039: D/WhaleyOTA.OTAService(2205): 
12-16 10:38:00.039: D/WhaleyOTA.OTAService(2205): ç¿»é¡µ', subtitle='æ¬¢è¿Žä½¿ç”¨WUI-1215', url='http://172.16.11.28/images/heliosr-release-01.24/HELIOSR-01.24.01-1650401-45/helios/OTA/helios-ota-1650401.zip', md5='aa9e3c3af88487f52803622a00e92ac3', size='706157965', incremental='1650401', hasUpdate='1', versionType='1', updateType='0', localPath=[/storage/emulated/0/Download/com.helios.upgrade/update-06.66.66-1650401.zip]}
12-16 10:38:00.042: V/WhaleyOTA.FileManager(2205): Check update current:71680 src:410172 dest:410172
12-16 10:38:00.045: E/WhaleyOTA.PropUtils(2205): appversion not matched ROM Version
12-16 10:38:00.046: E/WhaleyOTA.PropUtils(2205): appversion not matched ROM Version
12-16 10:38:00.047: V/WhaleyOTA.FileManager(2205): Check App update current:0 src:0 dest:0
12-16 10:38:00.049: D/WhaleyOTA.Utils(2205): cachedMD5:aa9e3c3af88487f52803622a00e92ac3:1481787698000
12-16 10:38:00.049: D/WhaleyOTA.OTAService(2205): Use exist downloaded pkg!
12-16 10:38:00.050: D/WhaleyOTA.Config(2205): getUpdateInfo force:false
12-16 10:38:00.054: V/WhaleyOTA.OTAService(2205): OTAService ignore event 542
12-16 10:38:00.055: E/UpgradeHelper(2205): onUpdate event.getId():542
12-16 10:38:00.055: V/WhaleyOTA.OTAProxy(2205): get stored rom info
12-16 10:38:00.055: D/WhaleyOTA.Config(2205): getUpdateInfo force:false
12-16 10:38:00.060: E/CheckUpgradeSerivce(2205): event getId:542
12-16 10:38:00.060: D/WhaleyOTA.Config(2205): getUpdateInfo force:false
12-16 10:38:00.061: I/WhaleyOTA.OTAService(2205): New update available event id: 503
12-16 10:38:00.062: D/WhaleyOTA.OTAService(2205): RomInfo{appVersion='06.66.66.00', version='06.66.66', description='1
12-16 10:38:00.062: D/WhaleyOTA.OTAService(2205): 1
12-16 10:38:00.062: D/WhaleyOTA.OTAService(2205): 
12-16 10:38:00.062: D/WhaleyOTA.OTAService(2205): 1
12-16 10:38:00.062: D/WhaleyOTA.OTAService(2205): 1
12-16 10:38:00.062: D/WhaleyOTA.OTAService(2205): 1
12-16 10:38:00.062: D/WhaleyOTA.OTAService(2205): 1
12-16 10:38:00.062: D/WhaleyOTA.OTAService(2205): 1
12-16 10:38:00.062: D/WhaleyOTA.OTAService(2205): 1
12-16 10:38:00.062: D/WhaleyOTA.OTAService(2205): 1
12-16 10:38:00.062: D/WhaleyOTA.OTAService(2205): 
12-16 10:38:00.062: D/WhaleyOTA.OTAService(2205): 1
12-16 10:38:00.062: D/WhaleyOTA.OTAService(2205): 1
12-16 10:38:00.062: D/WhaleyOTA.OTAService(2205): 12
12-16 10:38:00.062: D/WhaleyOTA.OTAService(2205): 2
12-16 10:38:00.062: D/WhaleyOTA.OTAService(2205): 
12-16 10:38:00.062: D/WhaleyOTA.OTAService(2205): 2
12-16 10:38:00.062: D/WhaleyOTA.OTAService(2205): 2
12-16 10:38:00.062: D/WhaleyOTA.OTAService(2205): 2
12-16 10:38:00.062: D/WhaleyOTA.OTAService(2205): 2
12-16 10:38:00.062: D/WhaleyOTA.OTAService(2205): 2
12-16 10:38:00.062: D/WhaleyOTA.OTAService(2205): 
12-16 10:38:00.062: D/WhaleyOTA.OTAService(2205): 2
12-16 10:38:00.062: D/WhaleyOTA.OTAService(2205): 2
12-16 10:38:00.062: D/WhaleyOTA.OTAService(2205): 2
12-16 10:38:00.062: D/WhaleyOTA.OTAService(2205): 3
12-16 10:38:00.062: D/WhaleyOTA.OTAService(2205): 3
12-16 10:38:00.062: D/WhaleyOTA.OTAService(2205): 3
12-16 10:38:00.062: D/WhaleyOTA.OTAService(2205): 3
12-16 10:38:00.062: D/WhaleyOTA.OTAService(2205): 
12-16 10:38:00.062: D/WhaleyOTA.OTAService(2205): 3
12-16 10:38:00.062: D/WhaleyOTA.OTAService(2205): 3
12-16 10:38:00.062: D/WhaleyOTA.OTAService(2205): 4
12-16 10:38:00.062: D/WhaleyOTA.OTAService(2205): 
12-16 10:38:00.062: D/WhaleyOTA.OTAService(2205): 4
12-16 10:38:00.062: D/WhaleyOTA.OTAService(2205): 4
12-16 10:38:00.062: D/WhaleyOTA.OTAService(2205): 4
12-16 10:38:00.062: D/WhaleyOTA.OTAService(2205): 4
12-16 10:38:00.062: D/WhaleyOTA.OTAService(2205): 
12-16 10:38:00.062: D/WhaleyOTA.OTAService(2205): 4
12-16 10:38:00.062: D/WhaleyOTA.OTAService(2205): 4
12-16 10:38:00.062: D/WhaleyOTA.OTAService(2205): 
12-16 10:38:00.062: D/WhaleyOTA.OTAService(2205): 5
12-16 10:38:00.062: D/WhaleyOTA.OTAService(2205): 5
12-16 10:38:00.062: D/WhaleyOTA.OTAService(2205): 5
12-16 10:38:00.062: D/WhaleyOTA.OTAService(2205): 
12-16 10:38:00.062: D/WhaleyOTA.OTAService(2205): 5
12-16 10:38:00.062: D/WhaleyOTA.OTAService(2205): 5
12-16 10:38:00.062: D/WhaleyOTA.OTAService(2205): 5
12-16 10:38:00.062: D/WhaleyOTA.OTAService(2205): 5
12-16 10:38:00.062: D/WhaleyOTA.OTAService(2205): 
12-16 10:38:00.062: D/WhaleyOTA.OTAService(2205): ç¿»é¡µ', subtitle='æ¬¢è¿Žä½¿ç”¨WUI-1215', url='http://172.16.11.28/images/heliosr-release-01.24/HELIOSR-01.24.01-1650401-45/helios/OTA/helios-ota-1650401.zip', md5='aa9e3c3af88487f52803622a00e92ac3', size='706157965', incremental='1650401', hasUpdate='1', versionType='1', updateType='0', localPath=[/storage/emulated/0/Download/com.helios.upgrade/update-06.66.66-1650401.zip]}
12-16 10:38:00.062: E/UpgradeHelper(2205): onUpdate event.getId():503
12-16 10:38:00.062: V/WhaleyOTA.OTAProxy(2205): get stored rom info
12-16 10:38:00.062: D/WhaleyOTA.Config(2205): getUpdateInfo force:false
12-16 10:38:00.064: E/CheckUpgradeSerivce(2205): event getId:503
12-16 10:38:00.099: W/bt-btif(2904): bta_hh_co_data: UHID write, key code: 0x1, 0x0
12-16 10:38:00.104: W/WindowManager(1667): >>> keyCode=21 down=false
12-16 10:38:00.104: D/WindowManager(1667): <onkey up :keyCode:21 dname:å¾®é²¸é¥æŽ§å™¨ devid:15 scan:105 Source:769
12-16 10:38:00.180: W/bt-btif(2904): bta_hh_co_data: UHID write, key code: 0x1, 0x0
12-16 10:38:00.182: W/WindowManager(1667): >>> keyCode=21 down=true
12-16 10:38:00.339: W/bt-btif(2904): bta_hh_co_data: UHID write, key code: 0x1, 0x0
12-16 10:38:00.340: W/WindowManager(1667): >>> keyCode=21 down=false
12-16 10:38:00.341: D/WindowManager(1667): <onkey up :keyCode:21 dname:å¾®é²¸é¥æŽ§å™¨ devid:15 scan:105 Source:769
12-16 10:38:00.909: W/bt-btif(2904): bta_hh_co_data: UHID write, key code: 0x1, 0x0
12-16 10:38:00.911: W/WindowManager(1667): >>> keyCode=19 down=true
12-16 10:38:01.029: E/LocalSocketTransmitVoice(2036): [66] connect to server failed
12-16 10:38:01.079: W/bt-btif(2904): bta_hh_co_data: UHID write, key code: 0x1, 0x0
12-16 10:38:01.080: W/WindowManager(1667): >>> keyCode=19 down=false
12-16 10:38:01.080: D/WindowManager(1667): <onkey up :keyCode:19 dname:å¾®é²¸é¥æŽ§å™¨ devid:15 scan:103 Source:769
12-16 10:38:01.220: W/bt-btif(2904): bta_hh_co_data: UHID write, key code: 0x1, 0x0
12-16 10:38:01.221: W/WindowManager(1667): >>> keyCode=19 down=true
12-16 10:38:01.400: W/bt-btif(2904): bta_hh_co_data: UHID write, key code: 0x1, 0x0
12-16 10:38:01.400: E/WifiManager(1667): getDhcpInfo().
12-16 10:38:01.400: D/ConnectivityService(1667): avgrssi = -47
12-16 10:38:01.403: W/WindowManager(1667): >>> keyCode=19 down=false
12-16 10:38:01.404: D/WindowManager(1667): <onkey up :keyCode:19 dname:å¾®é²¸é¥æŽ§å™¨ devid:15 scan:103 Source:769
12-16 10:38:01.430: I/rssi.sh(16207): BCM43569
12-16 10:38:01.434: D/ConnectivityService(1667): init.svc.rssimonitor =running
12-16 10:38:01.440: I/rssi.sh(16207): shell---rssi->>>rssi[0] -54 rssi[1] -47 rssi[2] 0
12-16 10:38:01.470: W/bt-btif(2904): bta_hh_co_data: UHID write, key code: 0x1, 0x0
12-16 10:38:01.470: W/WindowManager(1667): >>> keyCode=19 down=true
12-16 10:38:01.487: I/rssi.sh(16207): getprop wifi.rf.rssi:rssi[0] -54 rssi[1] -47 rssi[2] 0
12-16 10:38:01.495: D/ConnectivityService(1667): cyc_rssi=rssi[0] -54  rssi[1] -47  rssi[2] 0  103ms
12-16 10:38:01.495: D/ConnectivityService(1667): CycConetent is rssi[0] -54  rssi[1] -47  rssi[2] 0  ,-47,103ms
12-16 10:38:01.512: D/HeliosBIReceiver(2568): intent : Intent { act=com.helios.middleware.bi.action.UPLOADLOG flg=0x10 cmp=com.helios.middleware.iservice/com.helios.middleware.bi.HeliosBIReceiver (has extras) }
12-16 10:38:01.512: D/HeliosBIReceiver(2568): logUrl : 28 strategy : 1 log : {"logVersion":"02","logType":"event","happenTime":1481855881495,"eventId":"whaley-rom-wifi-cyc-info","params":{"CycContent":"rssi[0] -54  rssi[1] -47  rssi[2] 0  ,-47,103ms"}}
12-16 10:38:01.512: D/BILogManager(2568): logUrl : TV_ROMLOG strategy : DEFAULT log : {"logVersion":"02","logType":"event","happenTime":1481855881495,"eventId":"whaley-rom-wifi-cyc-info","params":{"CycContent":"rssi[0] -54  rssi[1] -47  rssi[2] 0  ,-47,103ms"}}
12-16 10:38:01.522: D/BILogDBManager(2568): saveLog-rowId : 77818
12-16 10:38:01.524: D/BILogDBManager(2568): getCount-count : 8
12-16 10:38:01.630: W/bt-btif(2904): bta_hh_co_data: UHID write, key code: 0x1, 0x0
12-16 10:38:01.634: W/WindowManager(1667): >>> keyCode=19 down=false
12-16 10:38:01.635: D/WindowManager(1667): <onkey up :keyCode:19 dname:å¾®é²¸é¥æŽ§å™¨ devid:15 scan:103 Source:769
12-16 10:38:01.663: I/HLSP2P(3803): ## 2016-12-16 10:38:01.662 [3803,3927,:0] INFO ## [HLSP2P][DownloadManager.cpp:34][INFO][TryAdjustCacheSize]system memory total size: 1928M, free size: 763M, cache add to 100MB, AppState: 14
12-16 10:38:01.720: W/bt-btif(2904): bta_hh_co_data: UHID write, key code: 0x1, 0x0
12-16 10:38:01.721: W/WindowManager(1667): >>> keyCode=19 down=true
12-16 10:38:01.816: I/SLK: TransportManager:[FamilyTransportManager$4.onComplete(Line:1787)](2808):  get udp Broadcast : []
12-16 10:38:01.816: I/SLK: :[BroadcastManager$2.onSuccess(Line:197)](2808): send broadcast success : Bundle[{data=[]}]
12-16 10:38:01.839: D/WifiNative-wlan0(1667): doString: [SIGNAL_POLL]
12-16 10:38:01.842: E/WifiConfigStore(1667): updateConfiguration freq=5765 BSSID=d4:68:ba:81:46:e3 RSSI=-47 "SmartHome"WPA_PSK
12-16 10:38:01.899: W/bt-btif(2904): bta_hh_co_data: UHID write, key code: 0x1, 0x0
12-16 10:38:01.900: W/WindowManager(1667): >>> keyCode=19 down=false
