02-28 00:12:33.452  1987  2679 E WifiConfigStore: updateConfiguration freq=2462 BSSID=00:9a:cd:9f:09:bc RSSI=-40 "Honor-PRO"WPA_PSK
02-28 00:12:33.463  1207  1207 I tvos    : ** TMDS auto EQ not done and retry port 0
02-28 00:12:33.746  4115  4115 I SLK: :[BroadcastManager$2.onSuccess(Line:197)]: send broadcast success : Bundle[{data=[]}]
02-28 00:12:33.750     0     0 I Kernel  : <7>[86421.945880] [34mFunction = Mdrv_CPU_T_sensor_Check_callback, Line = 974, do Mdrv_CPU_T_sensor_Check_callback: 1500000, forcibly_set_target_flag is 0[m
02-28 00:12:33.765  1207  1207 I tvos    : ** TMDS auto EQ not done and retry port 0
02-28 00:12:33.808  1202 15884 D MSTAR_VDEC_DBG: Stream ID: 0, Rate : 25 (E:0,D:0,S:0,F:18593) 
02-28 00:12:34.068  1207  1207 I tvos    : ** TMDS auto EQ not done and retry port 0
02-28 00:12:34.321  1202 15862 D msavp_dw_module: [15862] [DM][m3u8] android_m3u8_get_info, Bandwidth:67954032, Bitrate:1782500
02-28 00:12:34.322  1202 15863 D mstplayer: [15863] [AVP] send to handle, streaming_msg = 501e
02-28 00:12:34.325  1202 15859 D mstplayer: [15859] [AVP] streaming event 0x5007, size 16, data 0x0xd6986388
02-28 00:12:34.362  3042  3042 I HeliosLauncher*TimeItemView: mRunnableTime synctime=true
02-28 00:12:34.370  1207  1207 I tvos    : ** TMDS auto EQ not done and retry port 0
02-28 00:12:34.673  1207  1207 I tvos    : ** TMDS auto EQ not done and retry port 0
02-28 00:12:34.699 13440 13476 E LocalSocketTransmitVoice: [2820] connect to server failed
02-28 00:12:34.700  1987  2680 D WifiHW  : ===>[detect_wifi_device]
02-28 00:12:34.865  1202 15884 D MSTAR_VDEC_DBG: Stream ID: 0, Rate : 24 (E:0,D:0,S:0,F:18619) 
02-28 00:12:34.869     0     0 I Kernel  : <7>[86422.955866] [34mFunction = Mdrv_CPU_T_sensor_Check_callback, Line = 974, do Mdrv_CPU_T_sensor_Check_callback: 1500000, forcibly_set_target_flag is 0[m
02-28 00:12:34.976  1207  1207 I tvos    : ** TMDS auto EQ not done and retry port 0
02-28 00:12:35.200  1202 15874 I Downloader: [messenger_loop]  Receive download cmd : 1 
02-28 00:12:35.200  1202 15874 D Downloader: [removeTask] removeTask...  
02-28 00:12:35.200  1202 15874 D Downloader: [messenger_loop]  cmd_info rangeStr=    range= 0 
02-28 00:12:35.200  1202 15874 D Downloader: [messenger_loop]  cmd_info bCheckDiscFlag = 0   
02-28 00:12:35.200  1202 15874 D Downloader: [messenger_loop]  download without Drop mode.
02-28 00:12:35.206  1202 15874 D Downloader: [StartTask] url :http://127.0.0.1:16890/play?enc=base64&url=aHR0cDovLzEyNy4wLjAuMTo4MDUwL2dzbGI/YXBwX3Zlcj0yLjkuOSZiaWFzZW49T1dObE56Tm1NemRqTkdReFl6QXlPRGMzWVRjMk1USTBNelpsT0dNNU56SmZNakV3WmpnNE1XTXlNV1l6WXpKa05EQXpNamhtWXpRNVlXTmxZekEwWWpJJTNEJnN0cmVhbV9pZD1jY3R2MSZ0YWc9bGl2ZSZleHQ9bTN1OCZzaWduPWxpdmVfdHYmcDE9MiZwMj0ydyZzdGF0aW9uPWNjdHYxJnBsYXRpZD0xMCZzcGxhdGlkPTEwMTEmcGxheWlkPTEmdGVybWlkPTImdHNzPXR2dHMmbTN2PTEmcGF5PTAmZm9ybWF0PTEmbXNsaWNlPTUmZXhwZWN0PTMmdnR5cGU9bTN1OCZvc3R5cGU9YW5kcm9pZCZod3R5cGU9YW5kcm9pZA==&ext=m3u8&mediatype=m3u8&tagtime=1488211209
02-28 00:12:35.210  1202 15874 I Downloader: [header_callback] HTTP/1.1 200 OK
02-28 00:12:35.211  1202 15874 I Downloader: [header_callback] Server: SuperNode HLS/1.0.71
02-28 00:12:35.211  1202 15874 I Downloader: [header_callback] Date: Mon, 27 Feb 2017 16:12:35 GMT
02-28 00:12:35.211  1202 15874 I Downloader: [header_callback] Connection: close
02-28 00:12:35.211  1202 15874 I Downloader: [header_callback] Content-Length: 605
02-28 00:12:35.211  1202 15874 I Downloader: [header_callback] Get file size from 'Content-Length:' : 605  ptask->range=0 
02-28 00:12:35.211  1202 15874 I Downloader: [header_callback] Content-Type: application/x-mpegURL
02-28 00:12:35.211  1202 15874 I Downloader: [header_callback] Access-Control-Allow-Origin: *
02-28 00:12:35.211  1202 15874 I Downloader: [header_callback] 
02-28 00:12:35.211  1202 15874 D Downloader: [receive_data] Find M3u8 data. 
02-28 00:12:35.211  1202 15874 I Downloader: [prog_cb]  warning:: mbChunkDataDone .downloadedSize : 605  >  fileSize :605 
02-28 00:12:35.211  1202 15874 I Downloader: [prog_cb]  warning:: mbChunkDataDone .downloadedSize : 605  >  fileSize :605 
02-28 00:12:35.211  1202 15874 I Downloader: [prog_cb]  warning:: mbChunkDataDone .downloadedSize : 605  >  fileSize :605 
02-28 00:12:35.211  1202 15874 I Downloader: [prog_cb]  warning:: mbChunkDataDone .downloadedSize : 605  >  fileSize :605 
02-28 00:12:35.220  1202 15873 D DataSource_M3U8: [threadLoop] hls md5sum: 20A01624BF35AABFB87A845255DD17BF
02-28 00:12:35.220  1202 15873 D DataSource_M3U8: [parseM3U8] M3u8  mTargetDuration = 8
02-28 00:12:35.220  1202 15873 D DataSource_M3U8: [parseM3U8] pGetData #EXT-X-MEDIA-SEQUENCE:1460633818
02-28 00:12:35.220  1202 15873 D DataSource_M3U8: [parseM3U8] mediaSequence 1460633818,NextToUpdateMediaSequence 1460633822,LastUpdatedMediaSequence 1460633821
02-28 00:12:35.220  1202 15873 D DataSource_M3U8: [parseM3U8] skip this ts because of nCurrentMediaSequence[1460633818] <= nLastMediaSequence[1460633821]
02-28 00:12:35.220  1202 15873 D DataSource_M3U8: [parseM3U8]  Don't update  playlist[1] ==>> mCurrentMediaSequence : 1460633818  mLastMediaSequence: 1460633821 url = http://127.0.0.1:16890/play/slices/1460633818.ts?id=8c6ced4c563f47380ab36b816a6f3e40&segment=1460633818   
02-28 00:12:35.220  1202 15873 D DataSource_M3U8: [parseM3U8] Read a line of ts path,CurrentMediaSequence plus one
02-28 00:12:35.220  1202 15873 D DataSource_M3U8: [parseM3U8] skip this ts because of nCurrentMediaSequence[1460633819] <= nLastMediaSequence[1460633821]
02-28 00:12:35.220  1202 15873 D DataSource_M3U8: [parseM3U8]  Don't update  playlist[1] ==>> mCurrentMediaSequence : 1460633819  mLastMediaSequence: 1460633821 url = http://127.0.0.1:16890/play/slices/1460633819.ts?id=8c6ced4c563f47380ab36b816a6f3e40&segment=1460633819   
02-28 00:12:35.220  1202 15873 D DataSource_M3U8: [parseM3U8] Read a line of ts path,CurrentMediaSequence plus one
02-28 00:12:35.221  1202 15873 D DataSource_M3U8: [parseM3U8] skip this ts because of nCurrentMediaSequence[1460633820] <= nLastMediaSequence[1460633821]
02-28 00:12:35.221  1202 15873 D DataSource_M3U8: [parseM3U8]  Don't update  playlist[1] ==>> mCurrentMediaSequence : 1460633820  mLastMediaSequence: 1460633821 url = http://127.0.0.1:16890/play/slices/1460633820.ts?id=8c6ced4c563f47380ab36b816a6f3e40&segment=1460633820   
02-28 00:12:35.221  1202 15873 D DataSource_M3U8: [parseM3U8] Read a line of ts path,CurrentMediaSequence plus one
02-28 00:12:35.221  1202 15873 D DataSource_M3U8: [parseM3U8] skip this ts because of nCurrentMediaSequence[1460633821] <= nLastMediaSequence[1460633821]
02-28 00:12:35.221  1202 15873 D DataSource_M3U8: [parseM3U8]  Don't update  playlist[1] ==>> mCurrentMediaSequence : 1460633821  mLastMediaSequence: 1460633821 url = http://127.0.0.1:16890/play/slices/1460633821.ts?id=8c6ced4c563f47380ab36b816a6f3e40&segment=1460633821   
02-28 00:12:35.221  1202 15873 D DataSource_M3U8: [parseM3U8] Read a line of ts path,CurrentMediaSequence plus one
02-28 00:12:35.221  1202 15873 D DataSource_M3U8: [parseM3U8]  update playlist[1] ==>> mCurrentMediaSequence : 1460633822  mLastMediaSequence 1460633821  url = http://127.0.0.1:16890/play/slices/1460633822.ts?id=8c6ced4c563f47380ab36b816a6f3e40&segment=1460633822  
02-28 00:12:35.221  1202 15873 D DataSource_M3U8: [parseM3U8] Read a line of ts path,CurrentMediaSequence plus one
02-28 00:12:35.221  1202 15873 D DataSource_M3U8: [parseM3U8] parse M3U8 file done. 
02-28 00:12:35.221  1202 15873 I DataSource_M3U8: [parseM3U8] M3u8 Live Stream!!!!
02-28 00:12:35.221  1202 15873 I Downloader: [DiffTimeFromNow] Warning: system clock is not precise !!
02-28 00:12:35.221  1202 15873 D DataSource_M3U8: [checkShouldStartNext] M3u8 download next url:http://127.0.0.1:16890/play/slices/1460633822.ts?id=8c6ced4c563f47380ab36b816a6f3e40&segment=1460633822, knowedFileSize:0, mCurDowningIndex:0
02-28 00:12:35.222  1202 15865 I Downloader: [messenger_loop]  Receive download cmd : 1 
02-28 00:12:35.222  1202 15865 D Downloader: [removeTask] removeTask...  
02-28 00:12:35.222  1202 15865 D Downloader: [messenger_loop]  cmd_info rangeStr=    range= 0 
02-28 00:12:35.222  1202 15865 D Downloader: [messenger_loop]  cmd_info bCheckDiscFlag = 0   
02-28 00:12:35.222  1202 15865 D Downloader: [messenger_loop]  download without Drop mode.
02-28 00:12:35.224  1202 15865 D Downloader: [StartTask] url :http://127.0.0.1:16890/play/slices/1460633822.ts?id=8c6ced4c563f47380ab36b816a6f3e40&segment=1460633822
02-28 00:12:35.235  1202 15865 I Downloader: [header_callback] HTTP/1.1 200 OK
02-28 00:12:35.235  1202 15865 I Downloader: [header_callback] Server: SuperNode HLS/1.0.71
02-28 00:12:35.235  1202 15865 I Downloader: [header_callback] Date: Mon, 27 Feb 2017 16:12:35 GMT
02-28 00:12:35.235  1202 15865 I Downloader: [header_callback] Connection: close
02-28 00:12:35.235  1202 15865 I Downloader: [header_callback] Content-Length: 1150560
02-28 00:12:35.235  1202 15865 I Downloader: [header_callback] Get file size from 'Content-Length:' : 1150560  ptask->range=0 
02-28 00:12:35.235  1202 15865 I Downloader: [header_callback] Content-Type: application/octet-stream
02-28 00:12:35.235  1202 15865 I Downloader: [header_callback] Access-Control-Allow-Origin: *
02-28 00:12:35.235  1202 15865 I Downloader: [header_callback] 
02-28 00:12:35.235  1202 15865 I Downloader: [prog_cb]  Progress: 0%   (16182/1150560) 
02-28 00:12:35.240  1987  2676 D NetdConnector: SND -> {39506 bandwidth gettetherstats}
02-28 00:12:35.240  1199  1635 E CommandListener: gettetherstats
02-28 00:12:35.240  1199  1635 E Netd    : gettetherstats
02-28 00:12:35.240  1199  1635 E CommandListener: Tethering stats list completed
02-28 00:12:35.240  1199  1635 E Netd    : Tethering stats list completed
02-28 00:12:35.240  1987  2676 D NetdConnector: RMV <- {200 39506 Tethering stats list completed}
02-28 00:12:35.249  1987  2676 I netstats_mobile_sample: [0,0,0,0,0,0,0,0,0,0,0,0,1488211955250]
02-28 00:12:35.249  1987  2676 I netstats_wifi_sample: [27576251627,21150395,1326,6542536,27581293452,21190158,3507898691,6602002,27581285745,21190038,3498012565,6536137,1488211955250]
02-28 00:12:35.251  1987  2676 D NetdConnector: SND -> {39507 bandwidth setglobalalert 2097152}
02-28 00:12:35.252  1987  2676 D NetdConnector: RMV <- {200 39507 Bandwidth command succeeeded}
02-28 00:12:35.262  1202 15865 I Downloader: [prog_cb]  Progress: 20%   (245558/1150560) 
02-28 00:12:35.278  1207  1207 I tvos    : ** TMDS auto EQ not done and retry port 0
02-28 00:12:35.283  1202 15865 I Downloader: [prog_cb]  Progress: 40%   (474934/1150560) 
02-28 00:12:35.301  1202 15865 I Downloader: [prog_cb]  Progress: 60%   (704310/1150560) 
02-28 00:12:35.315  1202 15862 D msavp_dw_module: [15862] [DM][m3u8] android_m3u8_get_info, Bandwidth:57963612, Bitrate:1921250
02-28 00:12:35.316  1202 15863 D mstplayer: [15863] [AVP] send to handle, streaming_msg = 501e
02-28 00:12:35.318  1202 15859 D mstplayer: [15859] [AVP] notify_msg_cb: 0x5008
02-28 00:12:35.318  1202 15859 D mstplayer: [15859] [AVP] update network info, Bandwidth:57963612
02-28 00:12:35.318  1202 15859 D mstplayer: [15859] [AVP] notify_msg_cb: 0x5009
02-28 00:12:35.318  1202 15859 D mstplayer: [15859] [AVP] update network info, Bitrate:1921250
02-28 00:12:35.318  1202 15859 D mstplayer: [15859] [AVP] streaming event 0x5007, size 16, data 0x0xd6986388
02-28 00:12:35.318 15238 15254 W MediaPlayer: info/warning (703, 57963612)
02-28 00:12:35.318 15238 15254 W MediaPlayer: info/warning (705, 1921250)
02-28 00:12:35.319  1202 15865 I Downloader: [prog_cb]  Progress: 80%   (933686/1150560) 
02-28 00:12:35.337  1202 15865 I Downloader: [prog_cb]  warning:: mbChunkDataDone .downloadedSize : 1150560  >  fileSize :1150560 
02-28 00:12:35.337  1202 15865 I Downloader: [prog_cb]  Progress: 100%   (1150560/1150560) 
02-28 00:12:35.337  1202 15865 I Downloader: [prog_cb]  warning:: mbChunkDataDone .downloadedSize : 1150560  >  fileSize :1150560 
02-28 00:12:35.337  1202 15865 I Downloader: [prog_cb]  warning:: mbChunkDataDone .downloadedSize : 1150560  >  fileSize :1150560 
02-28 00:12:35.338  1202 15865 I Downloader: [prog_cb]  warning:: mbChunkDataDone .downloadedSize : 1150560  >  fileSize :1150560 
02-28 00:12:35.348  1202 15862 D DataSource_M3U8: [readAt]  Warnig:: less(44856) data in buffer...
02-28 00:12:35.581  1207  1207 I tvos    : ** TMDS auto EQ not done and retry port 0
02-28 00:12:35.631  1987  4436 D WhaleyPlayerManagerService: #requestStr=http://api.tvmore.com.cn/basicservice/location?app=whaleyrom
02-28 00:12:35.777  4115  4115 I SLK: :[BroadcastManager$2.onSuccess(Line:197)]: send broadcast success : Bundle[{data=[]}]
02-28 00:12:35.781     0     0 I Kernel  : <7>[86423.965877] [34mFunction = Mdrv_CPU_T_sensor_Check_callback, Line = 974, do Mdrv_CPU_T_sensor_Check_callback: 1500000, forcibly_set_target_flag is 0[m
02-28 00:12:35.883  1207  1207 I tvos    : ** TMDS auto EQ not done and retry port 0
02-28 00:12:35.900  1202 15884 D MSTAR_VDEC_DBG: Stream ID: 0, Rate : 25 (E:0,D:0,S:0,F:18645) 
02-28 00:12:36.186  1207  1207 I tvos    : ** TMDS auto EQ not done and retry port 0
02-28 00:12:36.317  1202 15862 D msavp_dw_module: [15862] [DM][m3u8] android_m3u8_get_info, Bandwidth:60999372, Bitrate:1921250
02-28 00:12:36.318  1202 15863 D mstplayer: [15863] [AVP] send to handle, streaming_msg = 501e
02-28 00:12:36.323  1202 15859 D mstplayer: [15859] [AVP] notify_msg_cb: 0x5008
02-28 00:12:36.323  1202 15859 D mstplayer: [15859] [AVP] update network info, Bandwidth:60999372
02-28 00:12:36.323  1202 15859 D mstplayer: [15859] [AVP] streaming event 0x5007, size 16, data 0x0xd6986388
02-28 00:12:36.323 15238 15253 W MediaPlayer: info/warning (703, 60999372)
02-28 00:12:36.362  3042  3042 I HeliosLauncher*TimeItemView: mRunnableTime synctime=true
02-28 00:12:36.456  1987  2679 D WifiNative-wlan0: doString: [SIGNAL_POLL]
02-28 00:12:36.459  1987  2679 E WifiConfigStore: updateConfiguration freq=2462 BSSID=00:9a:cd:9f:09:bc RSSI=-40 "Honor-PRO"WPA_PSK
02-28 00:12:36.489  1207  1207 I tvos    : ** TMDS auto EQ not done and retry port 0
02-28 00:12:36.699 13440 13476 E LocalSocketTransmitVoice: [2820] connect to server failed
02-28 00:12:36.791  1207  1207 I tvos    : ** TMDS auto EQ not done and retry port 0
02-28 00:12:36.802     0     0 I Kernel  : <7>[86424.975907] [34mFunction = Mdrv_CPU_T_sensor_Check_callback, Line = 974, do Mdrv_CPU_T_sensor_Check_callback: 1500000, forcibly_set_target_flag is 0[m
02-28 00:12:36.934  1202 15884 D MSTAR_VDEC_DBG: Stream ID: 0, Rate : 25 (E:0,D:0,S:0,F:18671) 
02-28 00:12:37.094  1207  1207 I tvos    : ** TMDS auto EQ not done and retry port 0
02-28 00:12:37.323  1202 15862 D msavp_dw_module: [15862] [DM][m3u8] android_m3u8_get_info, Bandwidth:60999372, Bitrate:1921250
02-28 00:12:37.324  1202 15863 D mstplayer: [15863] [AVP] send to handle, streaming_msg = 501e
02-28 00:12:37.324  1202 15859 D mstplayer: [15859] [AVP] streaming event 0x5007, size 16, data 0x0xd6986388
02-28 00:12:37.397  1207  1207 I tvos    : ** TMDS auto EQ not done and retry port 0
02-28 00:12:37.699  1207  1207 I tvos    : ** TMDS auto EQ not done and retry port 0
02-28 00:12:37.803  4115  4115 I SLK: TransportManager:[FamilyTransportManager$4.onComplete(Line:1787)]:  get udp Broadcast : []
02-28 00:12:37.807     0     0 I Kernel  : <7>[86425.985881] [34mFunction = Mdrv_CPU_T_sensor_Check_callback, Line = 974, do Mdrv_CPU_T_sensor_Check_callback: 1500000, forcibly_set_target_flag is 0[m
02-28 00:12:37.803  4115  4115 I SLK: :[BroadcastManager$2.onSuccess(Line:197)]: send broadcast success : Bundle[{data=[]}]
02-28 00:12:37.968  1202 15884 D MSTAR_VDEC_DBG: Stream ID: 0, Rate : 25 (E:0,D:0,S:0,F:18697) 
02-28 00:12:38.002  1207  1207 I tvos    : ** TMDS auto EQ not done and retry port 0
02-28 00:12:38.304  1207  1207 I tvos    : ** TMDS auto EQ not done and retry port 0
02-28 00:12:38.322  1202 15862 D msavp_dw_module: [15862] [DM][m3u8] android_m3u8_get_info, Bandwidth:60999372, Bitrate:1921250
02-28 00:12:38.323  1202 15863 D mstplayer: [15863] [AVP] send to handle, streaming_msg = 501e
02-28 00:12:38.323  1202 15859 D mstplayer: [15859] [AVP] streaming event 0x5007, size 16, data 0x0xd6986388
02-28 00:12:38.365  3042  3042 I HeliosLauncher*TimeItemView: mRunnableTime synctime=true
02-28 00:12:38.607  1207  1207 I tvos    : ** TMDS auto EQ not done and retry port 0
02-28 00:12:38.700 13440 13476 E LocalSocketTransmitVoice: [2820] connect to server failed
02-28 00:12:38.909  1207  1207 I tvos    : ** TMDS auto EQ not done and retry port 0
02-28 00:12:38.913     0     0 I Kernel  : <7>[86426.995872] [34mFunction = Mdrv_CPU_T_sensor_Check_callback, Line = 974, do Mdrv_CPU_T_sensor_Check_callback: 1500000, forcibly_set_target_flag is 0[m
02-28 00:12:39.026  1202 15884 D MSTAR_VDEC_DBG: Stream ID: 0, Rate : 24 (E:0,D:0,S:0,F:18723) 
02-28 00:12:39.142  1202 15865 D Downloader: [threadLoop] Download instance(0xc4af6040)  is runing... 
02-28 00:12:39.212  1207  1207 I tvos    : ** TMDS auto EQ not done and retry port 0
02-28 00:12:39.234  1202 15874 I Downloader: [messenger_loop]  Receive download cmd : 1 
02-28 00:12:39.234  1202 15874 D Downloader: [removeTask] removeTask...  
02-28 00:12:39.234  1202 15874 D Downloader: [messenger_loop]  cmd_info rangeStr=    range= 0 
02-28 00:12:39.234  1202 15874 D Downloader: [messenger_loop]  cmd_info bCheckDiscFlag = 0   
02-28 00:12:39.234  1202 15874 D Downloader: [messenger_loop]  download without Drop mode.
02-28 00:12:39.236  1202 15874 D Downloader: [StartTask] url :http://127.0.0.1:16890/play?enc=base64&url=aHR0cDovLzEyNy4wLjAuMTo4MDUwL2dzbGI/YXBwX3Zlcj0yLjkuOSZiaWFzZW49T1dObE56Tm1NemRqTkdReFl6QXlPRGMzWVRjMk1USTBNelpsT0dNNU56SmZNakV3WmpnNE1XTXlNV1l6WXpKa05EQXpNamhtWXpRNVlXTmxZekEwWWpJJTNEJnN0cmVhbV9pZD1jY3R2MSZ0YWc9bGl2ZSZleHQ9bTN1OCZzaWduPWxpdmVfdHYmcDE9MiZwMj0ydyZzdGF0aW9uPWNjdHYxJnBsYXRpZD0xMCZzcGxhdGlkPTEwMTEmcGxheWlkPTEmdGVybWlkPTImdHNzPXR2dHMmbTN2PTEmcGF5PTAmZm9ybWF0PTEmbXNsaWNlPTUmZXhwZWN0PTMmdnR5cGU9bTN1OCZvc3R5cGU9YW5kcm9pZCZod3R5cGU9YW5kcm9pZA==&ext=m3u8&mediatype=m3u8&tagtime=1488211209
02-28 00:12:39.240  1202 15874 I Downloader: [header_callback] HTTP/1.1 200 OK
02-28 00:12:39.241  1202 15874 I Downloader: [header_callback] Server: SuperNode HLS/1.0.71
02-28 00:12:39.241  1202 15874 I Downloader: [header_callback] Date: Mon, 27 Feb 2017 16:12:39 GMT
02-28 00:12:39.241  1202 15874 I Downloader: [header_callback] Connection: close
02-28 00:12:39.241  1202 15874 I Downloader: [header_callback] Content-Length: 605
02-28 00:12:39.241  1202 15874 I Downloader: [header_callback] Get file size from 'Content-Length:' : 605  ptask->range=0 
02-28 00:12:39.241  1202 15874 I Downloader: [header_callback] Content-Type: application/x-mpegURL
02-28 00:12:39.241  1202 15874 I Downloader: [header_callback] Access-Control-Allow-Origin: *
02-28 00:12:39.241  1202 15874 I Downloader: [header_callback] 
02-28 00:12:39.241  1202 15874 D Downloader: [receive_data] Find M3u8 data. 
02-28 00:12:39.241  1202 15874 I Downloader: [prog_cb]  warning:: mbChunkDataDone .downloadedSize : 605  >  fileSize :605 
02-28 00:12:39.241  1202 15874 I Downloader: [prog_cb]  warning:: mbChunkDataDone .downloadedSize : 605  >  fileSize :605 
02-28 00:12:39.241  1202 15874 I Downloader: [prog_cb]  warning:: mbChunkDataDone .downloadedSize : 605  >  fileSize :605 
02-28 00:12:39.241  1202 15874 I Downloader: [prog_cb]  warning:: mbChunkDataDone .downloadedSize : 605  >  fileSize :605 
02-28 00:12:39.243  1202 15873 D DataSource_M3U8: [threadLoop] hls md5sum: 20A01624BF35AABFB87A845255DD17BF
02-28 00:12:39.243  1202 15873 D DataSource_M3U8: [threadLoop] M3u8 skip same md5 playlist...
02-28 00:12:39.325  1202 15862 D msavp_dw_module: [15862] [DM][m3u8] android_m3u8_get_info, Bandwidth:60999372, Bitrate:1921250
02-28 00:12:39.326  1202 15863 D mstplayer: [15863] [AVP] send to handle, streaming_msg = 501e
02-28 00:12:39.327  1202 15859 D mstplayer: [15859] [AVP] streaming event 0x5007, size 16, data 0x0xd6986388
02-28 00:12:39.463  1987  2679 D WifiNative-wlan0: doString: [SIGNAL_POLL]
02-28 00:12:39.468  1987  2679 E WifiConfigStore: updateConfiguration freq=2462 BSSID=00:9a:cd:9f:09:bc RSSI=-40 "Honor-PRO"WPA_PSK
02-28 00:12:39.518  1207  1207 I tvos    : ** TMDS auto EQ not done and retry port 0
02-28 00:12:39.593  1202 15874 D Downloader: [threadLoop] Download instance(0xc5922040)  is runing... 
02-28 00:12:39.705  1987  2680 D WifiHW  : ===>[detect_wifi_device]
02-28 00:12:39.820  1207  1207 I tvos    : ** TMDS auto EQ not done and retry port 0
02-28 00:12:39.824     0     0 I Kernel  : <7>[86428.005873] [34mFunction = Mdrv_CPU_T_sensor_Check_callback, Line = 974, do Mdrv_CPU_T_sensor_Check_callback: 1500000, forcibly_set_target_flag is 0[m
02-28 00:12:39.829  4115  4115 I SLK: :[BroadcastManager$2.onSuccess(Line:197)]: send broadcast success : Bundle[{data=[]}]
02-28 00:12:40.058  1202 15884 D MSTAR_VDEC_DBG: Stream ID: 0, Rate : 25 (E:0,D:0,S:0,F:18749) 
02-28 00:12:40.123  1207  1207 I tvos    : ** TMDS auto EQ not done and retry port 0
02-28 00:12:40.328  1202 15862 D msavp_dw_module: [15862] [DM][m3u8] android_m3u8_get_info, Bandwidth:60999372, Bitrate:1921250
02-28 00:12:40.329  1202 15863 D mstplayer: [15863] [AVP] send to handle, streaming_msg = 501e
02-28 00:12:40.333  1202 15859 D mstplayer: [15859] [AVP] streaming event 0x5007, size 16, data 0x0xd6986388
02-28 00:12:40.365  3042  3042 I HeliosLauncher*TimeItemView: mRunnableTime synctime=true
02-28 00:12:40.426  1207  1207 I tvos    : ** TMDS auto EQ not done and retry port 0
02-28 00:12:40.659  1987  4436 D WhaleyPlayerManagerService: #requestStr=http://api.tvmore.com.cn/basicservice/location?app=whaleyrom
02-28 00:12:40.700 13440 13476 E LocalSocketTransmitVoice: [2820] connect to server failed
02-28 00:12:40.725  3064 13835 D PersistentConnect: cmd : 268435489 msg : 
02-28 00:12:40.728  1207  1207 I tvos    : ** TMDS auto EQ not done and retry port 0
02-28 00:12:41.031  1207  1207 I tvos    : ** TMDS auto EQ not done and retry port 0
02-28 00:12:41.035     0     0 I Kernel  : <7>[86429.015858] [34mFunction = Mdrv_CPU_T_sensor_Check_callback, Line = 974, do Mdrv_CPU_T_sensor_Check_callback: 1500000, forcibly_set_target_flag is 0[m
02-28 00:12:41.093  1202 15884 D MSTAR_VDEC_DBG: Stream ID: 0, Rate : 25 (E:0,D:0,S:0,F:18775) 
02-28 00:12:41.326  1202 15862 D msavp_dw_module: [15862] [DM][m3u8] android_m3u8_get_info, Bandwidth:60999372, Bitrate:1921250
02-28 00:12:41.326  1202 15863 D mstplayer: [15863] [AVP] send to handle, streaming_msg = 501e
02-28 00:12:41.327  1202 15859 D mstplayer: [15859] [AVP] streaming event 0x5007, size 16, data 0x0xd6986388
02-28 00:12:41.333  1207  1207 I tvos    : ** TMDS auto EQ not done and retry port 0
02-28 00:12:41.636  1207  1207 I tvos    : ** TMDS auto EQ not done and retry port 0
02-28 00:12:41.856  4115  4115 I SLK: :[BroadcastManager$2.onSuccess(Line:197)]: send broadcast success : Bundle[{data=[]}]
02-28 00:12:41.860     0     0 I Kernel  : <7>[86430.025888] [34mFunction = Mdrv_CPU_T_sensor_Check_callback, Line = 974, do Mdrv_CPU_T_sensor_Check_callback: 1500000, forcibly_set_target_flag is 0[m
02-28 00:12:41.941  1207  1207 I tvos    : ** TMDS auto EQ not done and retry port 0
02-28 00:12:42.127  1202 15884 D MSTAR_VDEC_DBG: Stream ID: 0, Rate : 25 (E:0,D:0,S:0,F:18801) 
02-28 00:12:42.244  1207  1207 I tvos    : ** TMDS auto EQ not done and retry port 0
02-28 00:12:42.324  1202 15862 D msavp_dw_module: [15862] [DM][m3u8] android_m3u8_get_info, Bandwidth:60999372, Bitrate:1921250
02-28 00:12:42.325  1202 15863 D mstplayer: [15863] [AVP] send to handle, streaming_msg = 501e
02-28 00:12:42.326  1202 15859 D mstplayer: [15859] [AVP] streaming event 0x5007, size 16, data 0x0xd6986388
02-28 00:12:42.370  3042  3042 I HeliosLauncher*TimeItemView: mRunnableTime synctime=true
02-28 00:12:42.476  1987  2679 D WifiNative-wlan0: doString: [SIGNAL_POLL]
02-28 00:12:42.478  1987  2679 E WifiConfigStore: updateConfiguration freq=2462 BSSID=00:9a:cd:9f:09:bc RSSI=-40 "Honor-PRO"WPA_PSK
02-28 00:12:42.547  1207  1207 I tvos    : ** TMDS auto EQ not done and retry port 0
02-28 00:12:42.645  1202 15873 D DataSource_M3U8: [threadLoop] M3u8 UpdatePlaylistThread[0xdb90c040]  is runing... 
02-28 00:12:42.701 13440 13476 E LocalSocketTransmitVoice: [2820] connect to server failed
02-28 00:12:42.849  1207  1207 I tvos    : ** TMDS auto EQ not done and retry port 0
02-28 00:12:42.854     0     0 I Kernel  : <7>[86431.035865] [34mFunction = Mdrv_CPU_T_sensor_Check_callback, Line = 974, do Mdrv_CPU_T_sensor_Check_callback: 1500000, forcibly_set_target_flag is 0[m
02-28 00:12:43.126  1202 15884 D MSTAR_VDEC_DBG: Stream ID: 0, Rate : 25 (E:0,D:0,S:0,F:18826) 
02-28 00:12:43.152  1207  1207 I tvos    : ** TMDS auto EQ not done and retry port 0
02-28 00:12:43.245  1202 15874 I Downloader: [messenger_loop]  Receive download cmd : 1 
02-28 00:12:43.245  1202 15874 D Downloader: [removeTask] removeTask...  
02-28 00:12:43.245  1202 15874 D Downloader: [messenger_loop]  cmd_info rangeStr=    range= 0 
02-28 00:12:43.245  1202 15874 D Downloader: [messenger_loop]  cmd_info bCheckDiscFlag = 0   
02-28 00:12:43.245  1202 15874 D Downloader: [messenger_loop]  download without Drop mode.
02-28 00:12:43.247  1202 15874 D Downloader: [StartTask] url :http://127.0.0.1:16890/play?enc=base64&url=aHR0cDovLzEyNy4wLjAuMTo4MDUwL2dzbGI/YXBwX3Zlcj0yLjkuOSZiaWFzZW49T1dObE56Tm1NemRqTkdReFl6QXlPRGMzWVRjMk1USTBNelpsT0dNNU56SmZNakV3WmpnNE1XTXlNV1l6WXpKa05EQXpNamhtWXpRNVlXTmxZekEwWWpJJTNEJnN0cmVhbV9pZD1jY3R2MSZ0YWc9bGl2ZSZleHQ9bTN1OCZzaWduPWxpdmVfdHYmcDE9MiZwMj0ydyZzdGF0aW9uPWNjdHYxJnBsYXRpZD0xMCZzcGxhdGlkPTEwMTEmcGxheWlkPTEmdGVybWlkPTImdHNzPXR2dHMmbTN2PTEmcGF5PTAmZm9ybWF0PTEmbXNsaWNlPTUmZXhwZWN0PTMmdnR5cGU9bTN1OCZvc3R5cGU9YW5kcm9pZCZod3R5cGU9YW5kcm9pZA==&ext=m3u8&mediatype=m3u8&tagtime=1488211209
02-28 00:12:43.252  1202 15874 I Downloader: [header_callback] HTTP/1.1 200 OK
02-28 00:12:43.252  1202 15874 I Downloader: [header_callback] Server: SuperNode HLS/1.0.71
02-28 00:12:43.252  1202 15874 I Downloader: [header_callback] Date: Mon, 27 Feb 2017 16:12:43 GMT
02-28 00:12:43.252  1202 15874 I Downloader: [header_callback] Connection: close
02-28 00:12:43.252  1202 15874 I Downloader: [header_callback] Content-Length: 605
02-28 00:12:43.252  1202 15874 I Downloader: [header_callback] Get file size from 'Content-Length:' : 605  ptask->range=0 
02-28 00:12:43.252  1202 15874 I Downloader: [header_callback] Content-Type: application/x-mpegURL
02-28 00:12:43.252  1202 15874 I Downloader: [header_callback] Access-Control-Allow-Origin: *
02-28 00:12:43.252  1202 15874 I Downloader: [header_callback] 
02-28 00:12:43.252  1202 15874 D Downloader: [receive_data] Find M3u8 data. 
02-28 00:12:43.252  1202 15874 I Downloader: [prog_cb]  warning:: mbChunkDataDone .downloadedSize : 605  >  fileSize :605 
02-28 00:12:43.252  1202 15874 I Downloader: [prog_cb]  warning:: mbChunkDataDone .downloadedSize : 605  >  fileSize :605 
02-28 00:12:43.252  1202 15874 I Downloader: [prog_cb]  warning:: mbChunkDataDone .downloadedSize : 605  >  fileSize :605 
02-28 00:12:43.253  1202 15874 I Downloader: [prog_cb]  warning:: mbChunkDataDone .downloadedSize : 605  >  fileSize :605 
02-28 00:12:43.255  1202 15873 D DataSource_M3U8: [threadLoop] hls md5sum: 7342613B7D1A8B6A0F5106CEA729353A
02-28 00:12:43.255  1202 15873 D DataSource_M3U8: [parseM3U8] M3u8  mTargetDuration = 8
02-28 00:12:43.255  1202 15873 D DataSource_M3U8: [parseM3U8] pGetData #EXT-X-MEDIA-SEQUENCE:1460633819
02-28 00:12:43.255  1202 15873 D DataSource_M3U8: [parseM3U8] mediaSequence 1460633819,NextToUpdateMediaSequence 1460633823,LastUpdatedMediaSequence 1460633822
02-28 00:12:43.255  1202 15873 D DataSource_M3U8: [parseM3U8] skip this ts because of nCurrentMediaSequence[1460633819] <= nLastMediaSequence[1460633822]
02-28 00:12:43.255  1202 15873 D DataSource_M3U8: [parseM3U8]  Don't update  playlist[1] ==>> mCurrentMediaSequence : 1460633819  mLastMediaSequence: 1460633822 url = http://127.0.0.1:16890/play/slices/1460633819.ts?id=8c6ced4c563f47380ab36b816a6f3e40&segment=1460633819   
02-28 00:12:43.255  1202 15873 D DataSource_M3U8: [parseM3U8] Read a line of ts path,CurrentMediaSequence plus one
02-28 00:12:43.256  1202 15873 D DataSource_M3U8: [parseM3U8] skip this ts because of nCurrentMediaSequence[1460633820] <= nLastMediaSequence[1460633822]
02-28 00:12:43.256  1202 15873 D DataSource_M3U8: [parseM3U8]  Don't update  playlist[1] ==>> mCurrentMediaSequence : 1460633820  mLastMediaSequence: 1460633822 url = http://127.0.0.1:16890/play/slices/1460633820.ts?id=8c6ced4c563f47380ab36b816a6f3e40&segment=1460633820   
02-28 00:12:43.256  1202 15873 D DataSource_M3U8: [parseM3U8] Read a line of ts path,CurrentMediaSequence plus one
02-28 00:12:43.256  1202 15873 D DataSource_M3U8: [parseM3U8] skip this ts because of nCurrentMediaSequence[1460633821] <= nLastMediaSequence[1460633822]
02-28 00:12:43.256  1202 15873 D DataSource_M3U8: [parseM3U8]  Don't update  playlist[1] ==>> mCurrentMediaSequence : 1460633821  mLastMediaSequence: 1460633822 url = http://127.0.0.1:16890/play/slices/1460633821.ts?id=8c6ced4c563f47380ab36b816a6f3e40&segment=1460633821   
02-28 00:12:43.256  1202 15873 D DataSource_M3U8: [parseM3U8] Read a line of ts path,CurrentMediaSequence plus one
02-28 00:12:43.256  1202 15873 D DataSource_M3U8: [parseM3U8] skip this ts because of nCurrentMediaSequence[1460633822] <= nLastMediaSequence[1460633822]
02-28 00:12:43.256  1202 15873 D DataSource_M3U8: [parseM3U8]  Don't update  playlist[1] ==>> mCurrentMediaSequence : 1460633822  mLastMediaSequence: 1460633822 url = http://127.0.0.1:16890/play/slices/1460633822.ts?id=8c6ced4c563f47380ab36b816a6f3e40&segment=1460633822   
02-28 00:12:43.256  1202 15873 D DataSource_M3U8: [parseM3U8] Read a line of ts path,CurrentMediaSequence plus one
02-28 00:12:43.256  1202 15873 D DataSource_M3U8: [parseM3U8]  update playlist[1] ==>> mCurrentMediaSequence : 1460633823  mLastMediaSequence 1460633822  url = http://127.0.0.1:16890/play/slices/1460633823.ts?id=8c6ced4c563f47380ab36b816a6f3e40&segment=1460633823  
02-28 00:12:43.256  1202 15873 D DataSource_M3U8: [parseM3U8] Read a line of ts path,CurrentMediaSequence plus one
02-28 00:12:43.256  1202 15873 D DataSource_M3U8: [parseM3U8] parse M3U8 file done. 
02-28 00:12:43.256  1202 15873 I DataSource_M3U8: [parseM3U8] M3u8 Live Stream!!!!
02-28 00:12:43.256  1202 15873 I Downloader: [DiffTimeFromNow] Warning: system clock is not precise !!
02-28 00:12:43.256  1202 15873 D DataSource_M3U8: [checkShouldStartNext] M3u8 download next url:http://127.0.0.1:16890/play/slices/1460633823.ts?id=8c6ced4c563f47380ab36b816a6f3e40&segment=1460633823, knowedFileSize:0, mCurDowningIndex:0
02-28 00:12:43.257  1202 15865 I Downloader: [messenger_loop]  Receive download cmd : 1 
02-28 00:12:43.257  1202 15865 D Downloader: [removeTask] removeTask...  
02-28 00:12:43.257  1202 15865 D Downloader: [messenger_loop]  cmd_info rangeStr=    range= 0 
02-28 00:12:43.257  1202 15865 D Downloader: [messenger_loop]  cmd_info bCheckDiscFlag = 0   
02-28 00:12:43.257  1202 15865 D Downloader: [messenger_loop]  download without Drop mode.
02-28 00:12:43.259  1202 15865 D Downloader: [StartTask] url :http://127.0.0.1:16890/play/slices/1460633823.ts?id=8c6ced4c563f47380ab36b816a6f3e40&segment=1460633823
02-28 00:12:43.267  1202 15865 I Downloader: [header_callback] HTTP/1.1 200 OK
02-28 00:12:43.267  1202 15865 I Downloader: [header_callback] Server: SuperNode HLS/1.0.71
02-28 00:12:43.267  1202 15865 I Downloader: [header_callback] Date: Mon, 27 Feb 2017 16:12:43 GMT
02-28 00:12:43.267  1202 15865 I Downloader: [header_callback] Connection: close
02-28 00:12:43.267  1202 15865 I Downloader: [header_callback] Content-Length: 947896
02-28 00:12:43.267  1202 15865 I Downloader: [header_callback] Get file size from 'Content-Length:' : 947896  ptask->range=0 
02-28 00:12:43.267  1202 15865 I Downloader: [header_callback] Content-Type: application/octet-stream
02-28 00:12:43.267  1202 15865 I Downloader: [header_callback] Access-Control-Allow-Origin: *
